ARM GAS  /tmp/ccH5gLp5.s 			page 1


   1              		.cpu cortex-m7
   2              		.arch armv7e-m
   3              		.fpu softvfp
   4              		.eabi_attribute 20, 1
   5              		.eabi_attribute 21, 1
   6              		.eabi_attribute 23, 3
   7              		.eabi_attribute 24, 1
   8              		.eabi_attribute 25, 1
   9              		.eabi_attribute 26, 1
  10              		.eabi_attribute 30, 6
  11              		.eabi_attribute 34, 1
  12              		.eabi_attribute 18, 4
  13              		.file	"delay.c"
  14              		.text
  15              	.Ltext0:
  16              		.cfi_sections	.debug_frame
  17              		.file 1 "../../../projects/bsp/src/delay.c"
  18              		.section	.text.DBG_SysTick_Config,"ax",%progbits
  19              		.align	1
  20              		.syntax unified
  21              		.thumb
  22              		.thumb_func
  24              	DBG_SysTick_Config:
  25              	.LFB147:
   1:../../../projects/bsp/src/delay.c **** /**
   2:../../../projects/bsp/src/delay.c **** *     Copyright (c) 2025, Nations Technologies Inc.
   3:../../../projects/bsp/src/delay.c **** *
   4:../../../projects/bsp/src/delay.c **** *     All rights reserved.
   5:../../../projects/bsp/src/delay.c **** *
   6:../../../projects/bsp/src/delay.c **** *     This software is the exclusive property of Nations Technologies Inc. (Hereinafter
   7:../../../projects/bsp/src/delay.c **** * referred to as NATIONS). This software, and the product of NATIONS described herein
   8:../../../projects/bsp/src/delay.c **** * (Hereinafter referred to as the Product) are owned by NATIONS under the laws and treaties
   9:../../../projects/bsp/src/delay.c **** * of the People's Republic of China and other applicable jurisdictions worldwide.
  10:../../../projects/bsp/src/delay.c **** *
  11:../../../projects/bsp/src/delay.c **** *     NATIONS does not grant any license under its patents, copyrights, trademarks, or other
  12:../../../projects/bsp/src/delay.c **** * intellectual property rights. Names and brands of third party may be mentioned or referred
  13:../../../projects/bsp/src/delay.c **** * thereto (if any) for identification purposes only.
  14:../../../projects/bsp/src/delay.c **** *
  15:../../../projects/bsp/src/delay.c **** *     NATIONS reserves the right to make changes, corrections, enhancements, modifications, and
  16:../../../projects/bsp/src/delay.c **** * improvements to this software at any time without notice. Please contact NATIONS and obtain
  17:../../../projects/bsp/src/delay.c **** * the latest version of this software before placing orders.
  18:../../../projects/bsp/src/delay.c **** 
  19:../../../projects/bsp/src/delay.c **** *     Although NATIONS has attempted to provide accurate and reliable information, NATIONS assumes
  20:../../../projects/bsp/src/delay.c **** * no responsibility for the accuracy and reliability of this software.
  21:../../../projects/bsp/src/delay.c **** *
  22:../../../projects/bsp/src/delay.c **** *     It is the responsibility of the user of this software to properly design, program, and test
  23:../../../projects/bsp/src/delay.c **** * the functionality and safety of any application made of this information and any resulting produc
  24:../../../projects/bsp/src/delay.c **** * In no event shall NATIONS be liable for any direct, indirect, incidental, special,exemplary, or
  25:../../../projects/bsp/src/delay.c **** * consequential damages arising in any way out of the use of this software or the Product.
  26:../../../projects/bsp/src/delay.c **** *
  27:../../../projects/bsp/src/delay.c **** *     NATIONS Products are neither intended nor warranted for usage in systems or equipment, any
  28:../../../projects/bsp/src/delay.c **** * malfunction or failure of which may cause loss of human life, bodily injury or severe property
  29:../../../projects/bsp/src/delay.c **** * damage. Such applications are deemed, "Insecure Usage".
  30:../../../projects/bsp/src/delay.c **** *
  31:../../../projects/bsp/src/delay.c **** *     All Insecure Usage shall be made at user's risk. User shall indemnify NATIONS and hold NATION
  32:../../../projects/bsp/src/delay.c **** * harmless from and against all claims, costs, damages, and other liabilities, arising from or rela
  33:../../../projects/bsp/src/delay.c **** * to any customer's Insecure Usage.
ARM GAS  /tmp/ccH5gLp5.s 			page 2


  34:../../../projects/bsp/src/delay.c **** 
  35:../../../projects/bsp/src/delay.c **** *     Any express or implied warranty with regard to this software or the Product, including,but no
  36:../../../projects/bsp/src/delay.c **** * limited to, the warranties of merchantability, fitness for a particular purpose and non-infringem
  37:../../../projects/bsp/src/delay.c **** * are disclaimed to the fullest extent permitted by law.
  38:../../../projects/bsp/src/delay.c **** 
  39:../../../projects/bsp/src/delay.c **** *     Unless otherwise explicitly permitted by NATIONS, anyone may not duplicate, modify, transcrib
  40:../../../projects/bsp/src/delay.c **** * or otherwise distribute this software for any purposes, in whole or in part.
  41:../../../projects/bsp/src/delay.c **** *
  42:../../../projects/bsp/src/delay.c **** *     NATIONS products and technologies shall not be used for or incorporated into any products or 
  43:../../../projects/bsp/src/delay.c **** * whose manufacture, use, or sale is prohibited under any applicable domestic or foreign laws or re
  44:../../../projects/bsp/src/delay.c **** * User shall comply with any applicable export control laws and regulations promulgated and adminis
  45:../../../projects/bsp/src/delay.c **** * the governments of any countries asserting jurisdiction over the parties or transactions.
  46:../../../projects/bsp/src/delay.c **** **/
  47:../../../projects/bsp/src/delay.c **** 
  48:../../../projects/bsp/src/delay.c **** /**
  49:../../../projects/bsp/src/delay.c **** *\*\file delay.c
  50:../../../projects/bsp/src/delay.c **** *\*\author Nations
  51:../../../projects/bsp/src/delay.c **** *\*\version v1.0.0
  52:../../../projects/bsp/src/delay.c **** *\*\copyright Copyright (c) 2025, Nations Technologies Inc. All rights reserved.
  53:../../../projects/bsp/src/delay.c **** **/
  54:../../../projects/bsp/src/delay.c **** #include "delay.h"
  55:../../../projects/bsp/src/delay.c **** #include "misc.h"
  56:../../../projects/bsp/src/delay.c **** #include "n32h7xx_rcc.h"
  57:../../../projects/bsp/src/delay.c **** 
  58:../../../projects/bsp/src/delay.c **** /**
  59:../../../projects/bsp/src/delay.c ****  *\*\name    DBG_SysTick_Config.
  60:../../../projects/bsp/src/delay.c ****  *\*\fun     System tick configuration.
  61:../../../projects/bsp/src/delay.c ****  *\*\param   ticks :system tick
  62:../../../projects/bsp/src/delay.c ****  *\*\return  none
  63:../../../projects/bsp/src/delay.c **** **/
  64:../../../projects/bsp/src/delay.c **** static uint32_t DBG_SysTick_Config(uint32_t ticks)
  65:../../../projects/bsp/src/delay.c **** { 
  26              		.loc 1 65 1
  27              		.cfi_startproc
  28              		@ args = 0, pretend = 0, frame = 8
  29              		@ frame_needed = 1, uses_anonymous_args = 0
  30              		@ link register save eliminated.
  31 0000 80B4     		push	{r7}
  32              	.LCFI0:
  33              		.cfi_def_cfa_offset 4
  34              		.cfi_offset 7, -4
  35 0002 83B0     		sub	sp, sp, #12
  36              	.LCFI1:
  37              		.cfi_def_cfa_offset 16
  38 0004 00AF     		add	r7, sp, #0
  39              	.LCFI2:
  40              		.cfi_def_cfa_register 7
  41 0006 7860     		str	r0, [r7, #4]
  66:../../../projects/bsp/src/delay.c ****     if (ticks > SysTick_LOAD_RELOAD_Msk)  return (1);            /* Reload value impossible */
  42              		.loc 1 66 8
  43 0008 7B68     		ldr	r3, [r7, #4]
  44 000a B3F1807F 		cmp	r3, #16777216
  45 000e 01D3     		bcc	.L2
  46              		.loc 1 66 50 discriminator 1
  47 0010 0123     		movs	r3, #1
  48              		.loc 1 66 50 is_stmt 0
  49 0012 12E0     		b	.L3
ARM GAS  /tmp/ccH5gLp5.s 			page 3


  50              	.L2:
  67:../../../projects/bsp/src/delay.c ****                                                                
  68:../../../projects/bsp/src/delay.c ****     SysTick->LOAD  = (ticks & SysTick_LOAD_RELOAD_Msk) - 1;      /* set reload register */
  51              		.loc 1 68 29 is_stmt 1
  52 0014 7B68     		ldr	r3, [r7, #4]
  53 0016 23F07F43 		bic	r3, r3, #-16777216
  54              		.loc 1 68 12
  55 001a 0A4A     		ldr	r2, .L4
  56              		.loc 1 68 56
  57 001c 013B     		subs	r3, r3, #1
  58              		.loc 1 68 20
  59 001e 5360     		str	r3, [r2, #4]
  69:../../../projects/bsp/src/delay.c ****     SysTick->VAL   = 0;                                          /* Load the SysTick Counter Value 
  60              		.loc 1 69 12
  61 0020 084B     		ldr	r3, .L4
  62              		.loc 1 69 20
  63 0022 0022     		movs	r2, #0
  64 0024 9A60     		str	r2, [r3, #8]
  70:../../../projects/bsp/src/delay.c ****     SysTick->CTRL  = SysTick_CTRL_CLKSOURCE_Msk | 
  65              		.loc 1 70 12
  66 0026 074B     		ldr	r3, .L4
  67              		.loc 1 70 20
  68 0028 0522     		movs	r2, #5
  69 002a 1A60     		str	r2, [r3]
  71:../../../projects/bsp/src/delay.c ****                      SysTick_CTRL_ENABLE_Msk;                    /* Enable SysTick IRQ and SysTick 
  72:../../../projects/bsp/src/delay.c ****     SysTick->CTRL  &= (~SysTick_CTRL_TICKINT_Msk);
  70              		.loc 1 72 12
  71 002c 054B     		ldr	r3, .L4
  72 002e 1B68     		ldr	r3, [r3]
  73 0030 044A     		ldr	r2, .L4
  74              		.loc 1 72 20
  75 0032 23F00203 		bic	r3, r3, #2
  76 0036 1360     		str	r3, [r2]
  73:../../../projects/bsp/src/delay.c ****     return (0);                                                  /* Function successful */
  77              		.loc 1 73 12
  78 0038 0023     		movs	r3, #0
  79              	.L3:
  74:../../../projects/bsp/src/delay.c **** }
  80              		.loc 1 74 1
  81 003a 1846     		mov	r0, r3
  82 003c 0C37     		adds	r7, r7, #12
  83              	.LCFI3:
  84              		.cfi_def_cfa_offset 4
  85 003e BD46     		mov	sp, r7
  86              	.LCFI4:
  87              		.cfi_def_cfa_register 13
  88              		@ sp needed
  89 0040 80BC     		pop	{r7}
  90              	.LCFI5:
  91              		.cfi_restore 7
  92              		.cfi_def_cfa_offset 0
  93 0042 7047     		bx	lr
  94              	.L5:
  95              		.align	2
  96              	.L4:
  97 0044 10E000E0 		.word	-536813552
  98              		.cfi_endproc
ARM GAS  /tmp/ccH5gLp5.s 			page 4


  99              	.LFE147:
 101              		.section	.text.systick_delay_us,"ax",%progbits
 102              		.align	1
 103              		.global	systick_delay_us
 104              		.syntax unified
 105              		.thumb
 106              		.thumb_func
 108              	systick_delay_us:
 109              	.LFB148:
  75:../../../projects/bsp/src/delay.c **** 
  76:../../../projects/bsp/src/delay.c **** /**
  77:../../../projects/bsp/src/delay.c ****  *\*\name    systick_delay_us.
  78:../../../projects/bsp/src/delay.c ****  *\*\fun     microsecond delay.
  79:../../../projects/bsp/src/delay.c ****  *\*\param   us :any number
  80:../../../projects/bsp/src/delay.c ****  *\*\return  none
  81:../../../projects/bsp/src/delay.c **** **/
  82:../../../projects/bsp/src/delay.c **** void systick_delay_us(uint32_t us)
  83:../../../projects/bsp/src/delay.c **** {
 110              		.loc 1 83 1
 111              		.cfi_startproc
 112              		@ args = 0, pretend = 0, frame = 112
 113              		@ frame_needed = 1, uses_anonymous_args = 0
 114 0000 80B5     		push	{r7, lr}
 115              	.LCFI6:
 116              		.cfi_def_cfa_offset 8
 117              		.cfi_offset 7, -8
 118              		.cfi_offset 14, -4
 119 0002 9CB0     		sub	sp, sp, #112
 120              	.LCFI7:
 121              		.cfi_def_cfa_offset 120
 122 0004 00AF     		add	r7, sp, #0
 123              	.LCFI8:
 124              		.cfi_def_cfa_register 7
 125 0006 7860     		str	r0, [r7, #4]
  84:../../../projects/bsp/src/delay.c ****     uint32_t i;
  85:../../../projects/bsp/src/delay.c ****     RCC_ClocksTypeDef RCC_Clocks;
  86:../../../projects/bsp/src/delay.c **** 
  87:../../../projects/bsp/src/delay.c ****     RCC_GetClocksFreqValue(&RCC_Clocks);
 126              		.loc 1 87 5
 127 0008 07F10C03 		add	r3, r7, #12
 128 000c 1846     		mov	r0, r3
 129 000e FFF7FEFF 		bl	RCC_GetClocksFreqValue
  88:../../../projects/bsp/src/delay.c ****     #if CORE_CM7
  89:../../../projects/bsp/src/delay.c ****     DBG_SysTick_Config(RCC_Clocks.M7ClkFreq / 1000000);
 130              		.loc 1 89 34
 131 0012 FB6B     		ldr	r3, [r7, #60]
 132              		.loc 1 89 5
 133 0014 104A     		ldr	r2, .L10
 134 0016 A2FB0323 		umull	r2, r3, r2, r3
 135 001a 9B0C     		lsrs	r3, r3, #18
 136 001c 1846     		mov	r0, r3
 137 001e FFF7FEFF 		bl	DBG_SysTick_Config
  90:../../../projects/bsp/src/delay.c ****     #else
  91:../../../projects/bsp/src/delay.c ****     DBG_SysTick_Config(RCC_Clocks.M4ClkFreq / 1000000);
  92:../../../projects/bsp/src/delay.c ****     #endif
  93:../../../projects/bsp/src/delay.c **** 
  94:../../../projects/bsp/src/delay.c ****     for(i = 0; i < us; i++)
ARM GAS  /tmp/ccH5gLp5.s 			page 5


 138              		.loc 1 94 11
 139 0022 0023     		movs	r3, #0
 140 0024 FB66     		str	r3, [r7, #108]
 141              		.loc 1 94 5
 142 0026 09E0     		b	.L7
 143              	.L9:
  95:../../../projects/bsp/src/delay.c ****     {
  96:../../../projects/bsp/src/delay.c ****         /* When the counter value decreases to 0, bit 16 of the CRTL register will be set to 1 */
  97:../../../projects/bsp/src/delay.c ****         /* When set to 1, reading this bit will clear it to 0 */
  98:../../../projects/bsp/src/delay.c ****         while( !((SysTick->CTRL) & (1 << 16)));
 144              		.loc 1 98 14
 145 0028 00BF     		nop
 146              	.L8:
 147              		.loc 1 98 26 discriminator 1
 148 002a 0C4B     		ldr	r3, .L10+4
 149 002c 1B68     		ldr	r3, [r3]
 150              		.loc 1 98 34 discriminator 1
 151 002e 03F48033 		and	r3, r3, #65536
 152              		.loc 1 98 16 discriminator 1
 153 0032 002B     		cmp	r3, #0
 154 0034 F9D0     		beq	.L8
  94:../../../projects/bsp/src/delay.c ****     {
 155              		.loc 1 94 25 discriminator 2
 156 0036 FB6E     		ldr	r3, [r7, #108]
 157 0038 0133     		adds	r3, r3, #1
 158 003a FB66     		str	r3, [r7, #108]
 159              	.L7:
  94:../../../projects/bsp/src/delay.c ****     {
 160              		.loc 1 94 18 discriminator 1
 161 003c FA6E     		ldr	r2, [r7, #108]
 162 003e 7B68     		ldr	r3, [r7, #4]
 163 0040 9A42     		cmp	r2, r3
 164 0042 F1D3     		bcc	.L9
  99:../../../projects/bsp/src/delay.c ****     }
 100:../../../projects/bsp/src/delay.c ****     /* Turn off the SysTick timer */
 101:../../../projects/bsp/src/delay.c ****     SysTick->CTRL &= (~SysTick_CTRL_ENABLE_Msk);
 165              		.loc 1 101 12
 166 0044 054B     		ldr	r3, .L10+4
 167 0046 1B68     		ldr	r3, [r3]
 168 0048 044A     		ldr	r2, .L10+4
 169              		.loc 1 101 19
 170 004a 23F00103 		bic	r3, r3, #1
 171 004e 1360     		str	r3, [r2]
 102:../../../projects/bsp/src/delay.c **** }
 172              		.loc 1 102 1
 173 0050 00BF     		nop
 174 0052 7037     		adds	r7, r7, #112
 175              	.LCFI9:
 176              		.cfi_def_cfa_offset 8
 177 0054 BD46     		mov	sp, r7
 178              	.LCFI10:
 179              		.cfi_def_cfa_register 13
 180              		@ sp needed
 181 0056 80BD     		pop	{r7, pc}
 182              	.L11:
 183              		.align	2
 184              	.L10:
ARM GAS  /tmp/ccH5gLp5.s 			page 6


 185 0058 83DE1B43 		.word	1125899907
 186 005c 10E000E0 		.word	-536813552
 187              		.cfi_endproc
 188              	.LFE148:
 190              		.section	.text.systick_delay_ms,"ax",%progbits
 191              		.align	1
 192              		.global	systick_delay_ms
 193              		.syntax unified
 194              		.thumb
 195              		.thumb_func
 197              	systick_delay_ms:
 198              	.LFB149:
 103:../../../projects/bsp/src/delay.c **** 
 104:../../../projects/bsp/src/delay.c **** /**
 105:../../../projects/bsp/src/delay.c ****  *\*\name    systick_delay_ms.
 106:../../../projects/bsp/src/delay.c ****  *\*\fun     millisecond delay.
 107:../../../projects/bsp/src/delay.c ****  *\*\param   ms :any number
 108:../../../projects/bsp/src/delay.c ****  *\*\return  none
 109:../../../projects/bsp/src/delay.c **** **/
 110:../../../projects/bsp/src/delay.c **** void systick_delay_ms(uint32_t ms)
 111:../../../projects/bsp/src/delay.c **** {
 199              		.loc 1 111 1
 200              		.cfi_startproc
 201              		@ args = 0, pretend = 0, frame = 112
 202              		@ frame_needed = 1, uses_anonymous_args = 0
 203 0000 80B5     		push	{r7, lr}
 204              	.LCFI11:
 205              		.cfi_def_cfa_offset 8
 206              		.cfi_offset 7, -8
 207              		.cfi_offset 14, -4
 208 0002 9CB0     		sub	sp, sp, #112
 209              	.LCFI12:
 210              		.cfi_def_cfa_offset 120
 211 0004 00AF     		add	r7, sp, #0
 212              	.LCFI13:
 213              		.cfi_def_cfa_register 7
 214 0006 7860     		str	r0, [r7, #4]
 112:../../../projects/bsp/src/delay.c ****     uint32_t i;
 113:../../../projects/bsp/src/delay.c ****     RCC_ClocksTypeDef RCC_Clocks;
 114:../../../projects/bsp/src/delay.c ****     
 115:../../../projects/bsp/src/delay.c ****     RCC_GetClocksFreqValue(&RCC_Clocks);
 215              		.loc 1 115 5
 216 0008 07F10C03 		add	r3, r7, #12
 217 000c 1846     		mov	r0, r3
 218 000e FFF7FEFF 		bl	RCC_GetClocksFreqValue
 116:../../../projects/bsp/src/delay.c ****     #if CORE_CM7
 117:../../../projects/bsp/src/delay.c ****     DBG_SysTick_Config(RCC_Clocks.M7ClkFreq / 1000);
 219              		.loc 1 117 34
 220 0012 FB6B     		ldr	r3, [r7, #60]
 221              		.loc 1 117 5
 222 0014 104A     		ldr	r2, .L16
 223 0016 A2FB0323 		umull	r2, r3, r2, r3
 224 001a 9B09     		lsrs	r3, r3, #6
 225 001c 1846     		mov	r0, r3
 226 001e FFF7FEFF 		bl	DBG_SysTick_Config
 118:../../../projects/bsp/src/delay.c ****     #else
 119:../../../projects/bsp/src/delay.c ****     DBG_SysTick_Config(RCC_Clocks.M4ClkFreq / 1000);
ARM GAS  /tmp/ccH5gLp5.s 			page 7


 120:../../../projects/bsp/src/delay.c ****     #endif
 121:../../../projects/bsp/src/delay.c **** 
 122:../../../projects/bsp/src/delay.c ****     for(i = 0; i < ms; i++)
 227              		.loc 1 122 11
 228 0022 0023     		movs	r3, #0
 229 0024 FB66     		str	r3, [r7, #108]
 230              		.loc 1 122 5
 231 0026 09E0     		b	.L13
 232              	.L15:
 123:../../../projects/bsp/src/delay.c ****     {
 124:../../../projects/bsp/src/delay.c ****         /* When the counter value decreases to 0, bit 16 of the CRTL register will be set to 1 */
 125:../../../projects/bsp/src/delay.c ****         /* When set to 1, reading this bit will clear it to 0 */
 126:../../../projects/bsp/src/delay.c ****         while( !((SysTick->CTRL) & (1 << 16)));
 233              		.loc 1 126 14
 234 0028 00BF     		nop
 235              	.L14:
 236              		.loc 1 126 26 discriminator 1
 237 002a 0C4B     		ldr	r3, .L16+4
 238 002c 1B68     		ldr	r3, [r3]
 239              		.loc 1 126 34 discriminator 1
 240 002e 03F48033 		and	r3, r3, #65536
 241              		.loc 1 126 16 discriminator 1
 242 0032 002B     		cmp	r3, #0
 243 0034 F9D0     		beq	.L14
 122:../../../projects/bsp/src/delay.c ****     {
 244              		.loc 1 122 25 discriminator 2
 245 0036 FB6E     		ldr	r3, [r7, #108]
 246 0038 0133     		adds	r3, r3, #1
 247 003a FB66     		str	r3, [r7, #108]
 248              	.L13:
 122:../../../projects/bsp/src/delay.c ****     {
 249              		.loc 1 122 18 discriminator 1
 250 003c FA6E     		ldr	r2, [r7, #108]
 251 003e 7B68     		ldr	r3, [r7, #4]
 252 0040 9A42     		cmp	r2, r3
 253 0042 F1D3     		bcc	.L15
 127:../../../projects/bsp/src/delay.c ****     }
 128:../../../projects/bsp/src/delay.c ****     /* Turn off the SysTick timer */
 129:../../../projects/bsp/src/delay.c ****     SysTick->CTRL &= (~SysTick_CTRL_ENABLE_Msk);
 254              		.loc 1 129 12
 255 0044 054B     		ldr	r3, .L16+4
 256 0046 1B68     		ldr	r3, [r3]
 257 0048 044A     		ldr	r2, .L16+4
 258              		.loc 1 129 19
 259 004a 23F00103 		bic	r3, r3, #1
 260 004e 1360     		str	r3, [r2]
 130:../../../projects/bsp/src/delay.c **** }
 261              		.loc 1 130 1
 262 0050 00BF     		nop
 263 0052 7037     		adds	r7, r7, #112
 264              	.LCFI14:
 265              		.cfi_def_cfa_offset 8
 266 0054 BD46     		mov	sp, r7
 267              	.LCFI15:
 268              		.cfi_def_cfa_register 13
 269              		@ sp needed
 270 0056 80BD     		pop	{r7, pc}
ARM GAS  /tmp/ccH5gLp5.s 			page 8


 271              	.L17:
 272              		.align	2
 273              	.L16:
 274 0058 D34D6210 		.word	274877907
 275 005c 10E000E0 		.word	-536813552
 276              		.cfi_endproc
 277              	.LFE149:
 279              		.text
 280              	.Letext0:
 281              		.file 2 "../../../firmware/CMSIS/core/core_cm7.h"
 282              		.file 3 "/usr/lib/gcc/arm-none-eabi/13.2.1/include/stdint.h"
 283              		.file 4 "../../../firmware/n32h7xx_std_periph_driver/inc/n32h7xx_rcc.h"
ARM GAS  /tmp/ccH5gLp5.s 			page 9


DEFINED SYMBOLS
                            *ABS*:00000000 delay.c
     /tmp/ccH5gLp5.s:19     .text.DBG_SysTick_Config:00000000 $t
     /tmp/ccH5gLp5.s:24     .text.DBG_SysTick_Config:00000000 DBG_SysTick_Config
     /tmp/ccH5gLp5.s:97     .text.DBG_SysTick_Config:00000044 $d
     /tmp/ccH5gLp5.s:102    .text.systick_delay_us:00000000 $t
     /tmp/ccH5gLp5.s:108    .text.systick_delay_us:00000000 systick_delay_us
     /tmp/ccH5gLp5.s:185    .text.systick_delay_us:00000058 $d
     /tmp/ccH5gLp5.s:191    .text.systick_delay_ms:00000000 $t
     /tmp/ccH5gLp5.s:197    .text.systick_delay_ms:00000000 systick_delay_ms
     /tmp/ccH5gLp5.s:274    .text.systick_delay_ms:00000058 $d

UNDEFINED SYMBOLS
RCC_GetClocksFreqValue
