ARM GAS  /tmp/ccSt3CEQ.s 			page 1


   1              		.cpu cortex-m7
   2              		.arch armv7e-m
   3              		.fpu softvfp
   4              		.eabi_attribute 20, 1
   5              		.eabi_attribute 21, 1
   6              		.eabi_attribute 23, 3
   7              		.eabi_attribute 24, 1
   8              		.eabi_attribute 25, 1
   9              		.eabi_attribute 26, 1
  10              		.eabi_attribute 30, 6
  11              		.eabi_attribute 34, 1
  12              		.eabi_attribute 18, 4
  13              		.file	"main.c"
  14              		.text
  15              	.Ltext0:
  16              		.cfi_sections	.debug_frame
  17              		.file 1 "../CM7/src/main.c"
  18              		.section	.rodata
  19              		.align	2
  20              	.LC0:
  21 0000 54686973 		.ascii	"This is led blink demo\015\000"
  21      20697320 
  21      6C656420 
  21      626C696E 
  21      6B206465 
  22              		.section	.text.main,"ax",%progbits
  23              		.align	1
  24              		.global	main
  25              		.syntax unified
  26              		.thumb
  27              		.thumb_func
  29              	main:
  30              	.LFB147:
   1:../CM7/src/main.c **** /**
   2:../CM7/src/main.c **** *     Copyright (c) 2025, Nations Technologies Inc.
   3:../CM7/src/main.c **** * 
   4:../CM7/src/main.c **** *     All rights reserved.
   5:../CM7/src/main.c **** *
   6:../CM7/src/main.c **** *     This software is the exclusive property of Nations Technologies Inc. (Hereinafter 
   7:../CM7/src/main.c **** * referred to as NATIONS). This software, and the product of NATIONS described herein 
   8:../CM7/src/main.c **** * (Hereinafter referred to as the Product) are owned by NATIONS under the laws and treaties
   9:../CM7/src/main.c **** * of the People's Republic of China and other applicable jurisdictions worldwide.
  10:../CM7/src/main.c **** *
  11:../CM7/src/main.c **** *     NATIONS does not grant any license under its patents, copyrights, trademarks, or other 
  12:../CM7/src/main.c **** * intellectual property rights. Names and brands of third party may be mentioned or referred 
  13:../CM7/src/main.c **** * thereto (if any) for identification purposes only.
  14:../CM7/src/main.c **** *
  15:../CM7/src/main.c **** *     NATIONS reserves the right to make changes, corrections, enhancements, modifications, and 
  16:../CM7/src/main.c **** * improvements to this software at any time without notice. Please contact NATIONS and obtain 
  17:../CM7/src/main.c **** * the latest version of this software before placing orders.
  18:../CM7/src/main.c **** 
  19:../CM7/src/main.c **** *     Although NATIONS has attempted to provide accurate and reliable information, NATIONS assumes 
  20:../CM7/src/main.c **** * no responsibility for the accuracy and reliability of this software.
  21:../CM7/src/main.c **** * 
  22:../CM7/src/main.c **** *     It is the responsibility of the user of this software to properly design, program, and test 
  23:../CM7/src/main.c **** * the functionality and safety of any application made of this information and any resulting produc
  24:../CM7/src/main.c **** * In no event shall NATIONS be liable for any direct, indirect, incidental, special,exemplary, or 
ARM GAS  /tmp/ccSt3CEQ.s 			page 2


  25:../CM7/src/main.c **** * consequential damages arising in any way out of the use of this software or the Product.
  26:../CM7/src/main.c **** *
  27:../CM7/src/main.c **** *     NATIONS Products are neither intended nor warranted for usage in systems or equipment, any
  28:../CM7/src/main.c **** * malfunction or failure of which may cause loss of human life, bodily injury or severe property 
  29:../CM7/src/main.c **** * damage. Such applications are deemed, "Insecure Usage".
  30:../CM7/src/main.c **** *
  31:../CM7/src/main.c **** *     All Insecure Usage shall be made at user's risk. User shall indemnify NATIONS and hold NATION
  32:../CM7/src/main.c **** * harmless from and against all claims, costs, damages, and other liabilities, arising from or rela
  33:../CM7/src/main.c **** * to any customer's Insecure Usage.
  34:../CM7/src/main.c **** 
  35:../CM7/src/main.c **** *     Any express or implied warranty with regard to this software or the Product, including,but no
  36:../CM7/src/main.c **** * limited to, the warranties of merchantability, fitness for a particular purpose and non-infringem
  37:../CM7/src/main.c **** * are disclaimed to the fullest extent permitted by law.
  38:../CM7/src/main.c **** 
  39:../CM7/src/main.c **** *     Unless otherwise explicitly permitted by NATIONS, anyone may not duplicate, modify, transcrib
  40:../CM7/src/main.c **** * or otherwise distribute this software for any purposes, in whole or in part.
  41:../CM7/src/main.c **** *
  42:../CM7/src/main.c **** *     NATIONS products and technologies shall not be used for or incorporated into any products or 
  43:../CM7/src/main.c **** * whose manufacture, use, or sale is prohibited under any applicable domestic or foreign laws or re
  44:../CM7/src/main.c **** * User shall comply with any applicable export control laws and regulations promulgated and adminis
  45:../CM7/src/main.c **** * the governments of any countries asserting jurisdiction over the parties or transactions.
  46:../CM7/src/main.c **** **/
  47:../CM7/src/main.c ****  
  48:../CM7/src/main.c **** /**
  49:../CM7/src/main.c ****  *\*\file main.c
  50:../CM7/src/main.c ****  *\*\author Nations
  51:../CM7/src/main.c ****  *\*\version v1.0.0
  52:../CM7/src/main.c ****  *\*\copyright Copyright (c) 2025, Nations Technologies Inc. All rights reserved.
  53:../CM7/src/main.c ****  **/
  54:../CM7/src/main.c **** 
  55:../CM7/src/main.c **** #include "main.h"
  56:../CM7/src/main.c **** #include "delay.h"
  57:../CM7/src/main.c **** #include "log.h"
  58:../CM7/src/main.c **** 
  59:../CM7/src/main.c **** void GPIO_Configuration(void);
  60:../CM7/src/main.c **** void RCC_Configuration(void);
  61:../CM7/src/main.c **** 
  62:../CM7/src/main.c **** 
  63:../CM7/src/main.c **** /**
  64:../CM7/src/main.c ****  *\*\name   main.
  65:../CM7/src/main.c ****  *\*\fun    Main program.
  66:../CM7/src/main.c ****  *\*\param  none
  67:../CM7/src/main.c ****  *\*\return none
  68:../CM7/src/main.c ****  */
  69:../CM7/src/main.c **** int main(void)
  70:../CM7/src/main.c **** {
  31              		.loc 1 70 1
  32              		.cfi_startproc
  33              		@ args = 0, pretend = 0, frame = 8
  34              		@ frame_needed = 1, uses_anonymous_args = 0
  35 0000 80B5     		push	{r7, lr}
  36              	.LCFI0:
  37              		.cfi_def_cfa_offset 8
  38              		.cfi_offset 7, -8
  39              		.cfi_offset 14, -4
  40 0002 82B0     		sub	sp, sp, #8
  41              	.LCFI1:
ARM GAS  /tmp/ccSt3CEQ.s 			page 3


  42              		.cfi_def_cfa_offset 16
  43 0004 00AF     		add	r7, sp, #0
  44              	.LCFI2:
  45              		.cfi_def_cfa_register 7
  71:../CM7/src/main.c ****     /* Initialize system clock */
  72:../CM7/src/main.c ****     RCC_SetSysClkToMode0();
  46              		.loc 1 72 5
  47 0006 FFF7FEFF 		bl	RCC_SetSysClkToMode0
  73:../CM7/src/main.c ****     /* Add Cortex-M7 user application code here */
  74:../CM7/src/main.c ****     
  75:../CM7/src/main.c ****     /* RCC configuration -------------------------------------------------------*/
  76:../CM7/src/main.c ****     RCC_Configuration();
  48              		.loc 1 76 5
  49 000a FFF7FEFF 		bl	RCC_Configuration
  77:../CM7/src/main.c ****     /* LOG configuration -------------------------------------------------------*/
  78:../CM7/src/main.c ****     log_init();
  50              		.loc 1 78 5
  51 000e FFF7FEFF 		bl	log_init
  79:../CM7/src/main.c ****     /* GPIO configuration ------------------------------------------------------*/
  80:../CM7/src/main.c ****     GPIO_Configuration();
  52              		.loc 1 80 5
  53 0012 FFF7FEFF 		bl	GPIO_Configuration
  81:../CM7/src/main.c ****     
  82:../CM7/src/main.c ****     log_info("This is led blink demo\r\n");
  54              		.loc 1 82 5
  55 0016 1148     		ldr	r0, .L5
  56 0018 FFF7FEFF 		bl	puts
  57              	.LBB2:
  83:../CM7/src/main.c ****     
  84:../CM7/src/main.c ****     
  85:../CM7/src/main.c ****     for (size_t i = 0; i < 10; i++)
  58              		.loc 1 85 17
  59 001c 0023     		movs	r3, #0
  60 001e 7B60     		str	r3, [r7, #4]
  61              		.loc 1 85 5
  62 0020 14E0     		b	.L2
  63              	.L3:
  86:../CM7/src/main.c ****     {
  87:../CM7/src/main.c ****         /* code */
  88:../CM7/src/main.c ****         GPIO_SetBits(LED1_PORT,LED1_PIN);
  64              		.loc 1 88 9
  65 0022 4FF40051 		mov	r1, #8192
  66 0026 0E48     		ldr	r0, .L5+4
  67 0028 FFF7FEFF 		bl	GPIO_SetBits
  89:../CM7/src/main.c ****         systick_delay_ms(300);
  68              		.loc 1 89 9
  69 002c 4FF49670 		mov	r0, #300
  70 0030 FFF7FEFF 		bl	systick_delay_ms
  90:../CM7/src/main.c ****         GPIO_ResetBits(LED1_PORT,LED1_PIN);
  71              		.loc 1 90 9
  72 0034 4FF40051 		mov	r1, #8192
  73 0038 0948     		ldr	r0, .L5+4
  74 003a FFF7FEFF 		bl	GPIO_ResetBits
  91:../CM7/src/main.c ****         systick_delay_ms(300);
  75              		.loc 1 91 9
  76 003e 4FF49670 		mov	r0, #300
  77 0042 FFF7FEFF 		bl	systick_delay_ms
ARM GAS  /tmp/ccSt3CEQ.s 			page 4


  85:../CM7/src/main.c ****     {
  78              		.loc 1 85 33 discriminator 3
  79 0046 7B68     		ldr	r3, [r7, #4]
  80 0048 0133     		adds	r3, r3, #1
  81 004a 7B60     		str	r3, [r7, #4]
  82              	.L2:
  85:../CM7/src/main.c ****     {
  83              		.loc 1 85 26 discriminator 1
  84 004c 7B68     		ldr	r3, [r7, #4]
  85 004e 092B     		cmp	r3, #9
  86 0050 E7D9     		bls	.L3
  87              	.LBE2:
  92:../CM7/src/main.c ****     }
  93:../CM7/src/main.c ****     
  94:../CM7/src/main.c ****     /* Enable Cortex-M4 boot*/
  95:../CM7/src/main.c ****     RCC_EnableCM4(0x15080000);
  88              		.loc 1 95 5
  89 0052 0448     		ldr	r0, .L5+8
  90 0054 FFF7FEFF 		bl	RCC_EnableCM4
  91              	.L4:
  96:../CM7/src/main.c **** 
  97:../CM7/src/main.c ****     while (1);
  92              		.loc 1 97 11
  93 0058 00BF     		nop
  94 005a FDE7     		b	.L4
  95              	.L6:
  96              		.align	2
  97              	.L5:
  98 005c 00000000 		.word	.LC0
  99 0060 00340358 		.word	1476604928
 100 0064 00000815 		.word	352845824
 101              		.cfi_endproc
 102              	.LFE147:
 104              		.section	.text.GPIO_Configuration,"ax",%progbits
 105              		.align	1
 106              		.global	GPIO_Configuration
 107              		.syntax unified
 108              		.thumb
 109              		.thumb_func
 111              	GPIO_Configuration:
 112              	.LFB148:
  98:../CM7/src/main.c **** }
  99:../CM7/src/main.c **** 
 100:../CM7/src/main.c **** /**
 101:../CM7/src/main.c **** *\*\name    GPIO_Configuration.
 102:../CM7/src/main.c **** *\*\fun     Configures the different GPIO ports.
 103:../CM7/src/main.c **** *\*\return  none
 104:../CM7/src/main.c **** **/
 105:../CM7/src/main.c **** void GPIO_Configuration(void)
 106:../CM7/src/main.c **** {
 113              		.loc 1 106 1
 114              		.cfi_startproc
 115              		@ args = 0, pretend = 0, frame = 24
 116              		@ frame_needed = 1, uses_anonymous_args = 0
 117 0000 80B5     		push	{r7, lr}
 118              	.LCFI3:
 119              		.cfi_def_cfa_offset 8
ARM GAS  /tmp/ccSt3CEQ.s 			page 5


 120              		.cfi_offset 7, -8
 121              		.cfi_offset 14, -4
 122 0002 86B0     		sub	sp, sp, #24
 123              	.LCFI4:
 124              		.cfi_def_cfa_offset 32
 125 0004 00AF     		add	r7, sp, #0
 126              	.LCFI5:
 127              		.cfi_def_cfa_register 7
 107:../CM7/src/main.c ****     GPIO_InitType GPIO_InitStructure;
 108:../CM7/src/main.c ****     
 109:../CM7/src/main.c ****     GPIO_InitStruct(&GPIO_InitStructure);
 128              		.loc 1 109 5
 129 0006 3B46     		mov	r3, r7
 130 0008 1846     		mov	r0, r3
 131 000a FFF7FEFF 		bl	GPIO_InitStruct
 110:../CM7/src/main.c ****     GPIO_InitStructure.Pin          = LED1_PIN;
 132              		.loc 1 110 37
 133 000e 4FF40053 		mov	r3, #8192
 134 0012 3B60     		str	r3, [r7]
 111:../CM7/src/main.c ****     GPIO_InitStructure.GPIO_Mode    = GPIO_MODE_OUTPUT_PP;
 135              		.loc 1 111 37
 136 0014 0123     		movs	r3, #1
 137 0016 7B60     		str	r3, [r7, #4]
 112:../CM7/src/main.c ****     GPIO_InitStructure.GPIO_Pull    = GPIO_NO_PULL;
 138              		.loc 1 112 37
 139 0018 0023     		movs	r3, #0
 140 001a BB60     		str	r3, [r7, #8]
 113:../CM7/src/main.c ****     GPIO_InitPeripheral( LED1_PORT, &GPIO_InitStructure );
 141              		.loc 1 113 5
 142 001c 3B46     		mov	r3, r7
 143 001e 1946     		mov	r1, r3
 144 0020 0348     		ldr	r0, .L8
 145 0022 FFF7FEFF 		bl	GPIO_InitPeripheral
 114:../CM7/src/main.c **** }
 146              		.loc 1 114 1
 147 0026 00BF     		nop
 148 0028 1837     		adds	r7, r7, #24
 149              	.LCFI6:
 150              		.cfi_def_cfa_offset 8
 151 002a BD46     		mov	sp, r7
 152              	.LCFI7:
 153              		.cfi_def_cfa_register 13
 154              		@ sp needed
 155 002c 80BD     		pop	{r7, pc}
 156              	.L9:
 157 002e 00BF     		.align	2
 158              	.L8:
 159 0030 00340358 		.word	1476604928
 160              		.cfi_endproc
 161              	.LFE148:
 163              		.section	.text.RCC_Configuration,"ax",%progbits
 164              		.align	1
 165              		.global	RCC_Configuration
 166              		.syntax unified
 167              		.thumb
 168              		.thumb_func
 170              	RCC_Configuration:
ARM GAS  /tmp/ccSt3CEQ.s 			page 6


 171              	.LFB149:
 115:../CM7/src/main.c **** /**
 116:../CM7/src/main.c **** *\*\name    RCC_Configuration.
 117:../CM7/src/main.c **** *\*\fun     Configures the different system clocks.
 118:../CM7/src/main.c **** *\*\return  none
 119:../CM7/src/main.c **** **/
 120:../CM7/src/main.c **** void RCC_Configuration(void)
 121:../CM7/src/main.c **** {
 172              		.loc 1 121 1
 173              		.cfi_startproc
 174              		@ args = 0, pretend = 0, frame = 0
 175              		@ frame_needed = 1, uses_anonymous_args = 0
 176 0000 80B5     		push	{r7, lr}
 177              	.LCFI8:
 178              		.cfi_def_cfa_offset 8
 179              		.cfi_offset 7, -8
 180              		.cfi_offset 14, -4
 181 0002 00AF     		add	r7, sp, #0
 182              	.LCFI9:
 183              		.cfi_def_cfa_register 7
 122:../CM7/src/main.c ****     /* Enable peripheral clocks ------------------------------------------------*/
 123:../CM7/src/main.c ****     /* Enable LED1 clocks */
 124:../CM7/src/main.c ****     RCC_EnableAHB5PeriphClk1(LED1_CLOCK, ENABLE);
 184              		.loc 1 124 5
 185 0004 0121     		movs	r1, #1
 186 0006 4FF40020 		mov	r0, #524288
 187 000a FFF7FEFF 		bl	RCC_EnableAHB5PeriphClk1
 125:../CM7/src/main.c **** }
 188              		.loc 1 125 1
 189 000e 00BF     		nop
 190 0010 80BD     		pop	{r7, pc}
 191              		.cfi_endproc
 192              	.LFE149:
 194              		.text
 195              	.Letext0:
 196              		.file 2 "/usr/lib/gcc/arm-none-eabi/13.2.1/include/stdint.h"
 197              		.file 3 "/usr/lib/gcc/arm-none-eabi/13.2.1/include/stddef.h"
 198              		.file 4 "../../../firmware/CMSIS/device/n32h7xx.h"
 199              		.file 5 "../../../firmware/n32h7xx_std_periph_driver/inc/n32h7xx_gpio.h"
 200              		.file 6 "../../../firmware/n32h7xx_std_periph_driver/inc/n32h7xx_rcc.h"
 201              		.file 7 "../../../projects/bsp/inc/delay.h"
 202              		.file 8 "../../../projects/bsp/inc/log.h"
ARM GAS  /tmp/ccSt3CEQ.s 			page 7


DEFINED SYMBOLS
                            *ABS*:00000000 main.c
     /tmp/ccSt3CEQ.s:19     .rodata:00000000 $d
     /tmp/ccSt3CEQ.s:23     .text.main:00000000 $t
     /tmp/ccSt3CEQ.s:29     .text.main:00000000 main
     /tmp/ccSt3CEQ.s:170    .text.RCC_Configuration:00000000 RCC_Configuration
     /tmp/ccSt3CEQ.s:111    .text.GPIO_Configuration:00000000 GPIO_Configuration
     /tmp/ccSt3CEQ.s:98     .text.main:0000005c $d
     /tmp/ccSt3CEQ.s:105    .text.GPIO_Configuration:00000000 $t
     /tmp/ccSt3CEQ.s:159    .text.GPIO_Configuration:00000030 $d
     /tmp/ccSt3CEQ.s:164    .text.RCC_Configuration:00000000 $t

UNDEFINED SYMBOLS
RCC_SetSysClkToMode0
log_init
puts
GPIO_SetBits
systick_delay_ms
GPIO_ResetBits
RCC_EnableCM4
GPIO_InitStruct
GPIO_InitPeripheral
RCC_EnableAHB5PeriphClk1
