ARM GAS  /tmp/cc7j3Gdi.s 			page 1


   1              		.cpu cortex-m7
   2              		.arch armv7e-m
   3              		.fpu softvfp
   4              		.eabi_attribute 20, 1
   5              		.eabi_attribute 21, 1
   6              		.eabi_attribute 23, 3
   7              		.eabi_attribute 24, 1
   8              		.eabi_attribute 25, 1
   9              		.eabi_attribute 26, 1
  10              		.eabi_attribute 30, 6
  11              		.eabi_attribute 34, 1
  12              		.eabi_attribute 18, 4
  13              		.file	"n32h7xx_wwdg.c"
  14              		.text
  15              	.Ltext0:
  16              		.cfi_sections	.debug_frame
  17              		.file 1 "../../../firmware/n32h7xx_std_periph_driver/src/n32h7xx_wwdg.c"
  18              		.section	.text.WWDG_DeInit,"ax",%progbits
  19              		.align	1
  20              		.global	WWDG_DeInit
  21              		.syntax unified
  22              		.thumb
  23              		.thumb_func
  25              	WWDG_DeInit:
  26              	.LFB147:
   1:../../../firmware/n32h7xx_std_periph_driver/src/n32h7xx_wwdg.c **** /**
   2:../../../firmware/n32h7xx_std_periph_driver/src/n32h7xx_wwdg.c **** *     Copyright (c) 2025, Nations Technologies Inc.
   3:../../../firmware/n32h7xx_std_periph_driver/src/n32h7xx_wwdg.c **** *
   4:../../../firmware/n32h7xx_std_periph_driver/src/n32h7xx_wwdg.c **** *     All rights reserved.
   5:../../../firmware/n32h7xx_std_periph_driver/src/n32h7xx_wwdg.c **** *
   6:../../../firmware/n32h7xx_std_periph_driver/src/n32h7xx_wwdg.c **** *     This software is the exclusive property of Nations Technologies Inc. (Hereinafter
   7:../../../firmware/n32h7xx_std_periph_driver/src/n32h7xx_wwdg.c **** * referred to as NATIONS). This software, and the product of NATIONS described herein
   8:../../../firmware/n32h7xx_std_periph_driver/src/n32h7xx_wwdg.c **** * (Hereinafter referred to as the Product) are owned by NATIONS under the laws and treaties
   9:../../../firmware/n32h7xx_std_periph_driver/src/n32h7xx_wwdg.c **** * of the People's Republic of China and other applicable jurisdictions worldwide.
  10:../../../firmware/n32h7xx_std_periph_driver/src/n32h7xx_wwdg.c **** *
  11:../../../firmware/n32h7xx_std_periph_driver/src/n32h7xx_wwdg.c **** *     NATIONS does not grant any license under its patents, copyrights, trademarks, or other
  12:../../../firmware/n32h7xx_std_periph_driver/src/n32h7xx_wwdg.c **** * intellectual property rights. Names and brands of third party may be mentioned or referred
  13:../../../firmware/n32h7xx_std_periph_driver/src/n32h7xx_wwdg.c **** * thereto (if any) for identification purposes only.
  14:../../../firmware/n32h7xx_std_periph_driver/src/n32h7xx_wwdg.c **** *
  15:../../../firmware/n32h7xx_std_periph_driver/src/n32h7xx_wwdg.c **** *     NATIONS reserves the right to make changes, corrections, enhancements, modifications, and
  16:../../../firmware/n32h7xx_std_periph_driver/src/n32h7xx_wwdg.c **** * improvements to this software at any time without notice. Please contact NATIONS and obtain
  17:../../../firmware/n32h7xx_std_periph_driver/src/n32h7xx_wwdg.c **** * the latest version of this software before placing orders.
  18:../../../firmware/n32h7xx_std_periph_driver/src/n32h7xx_wwdg.c **** 
  19:../../../firmware/n32h7xx_std_periph_driver/src/n32h7xx_wwdg.c **** *     Although NATIONS has attempted to provide accurate and reliable information, NATIONS assumes
  20:../../../firmware/n32h7xx_std_periph_driver/src/n32h7xx_wwdg.c **** * no responsibility for the accuracy and reliability of this software.
  21:../../../firmware/n32h7xx_std_periph_driver/src/n32h7xx_wwdg.c **** *
  22:../../../firmware/n32h7xx_std_periph_driver/src/n32h7xx_wwdg.c **** *     It is the responsibility of the user of this software to properly design, program, and test
  23:../../../firmware/n32h7xx_std_periph_driver/src/n32h7xx_wwdg.c **** * the functionality and safety of any application made of this information and any resulting produc
  24:../../../firmware/n32h7xx_std_periph_driver/src/n32h7xx_wwdg.c **** * In no event shall NATIONS be liable for any direct, indirect, incidental, special,exemplary, or
  25:../../../firmware/n32h7xx_std_periph_driver/src/n32h7xx_wwdg.c **** * consequential damages arising in any way out of the use of this software or the Product.
  26:../../../firmware/n32h7xx_std_periph_driver/src/n32h7xx_wwdg.c **** *
  27:../../../firmware/n32h7xx_std_periph_driver/src/n32h7xx_wwdg.c **** *     NATIONS Products are neither intended nor warranted for usage in systems or equipment, any
  28:../../../firmware/n32h7xx_std_periph_driver/src/n32h7xx_wwdg.c **** * malfunction or failure of which may cause loss of human life, bodily injury or severe property
  29:../../../firmware/n32h7xx_std_periph_driver/src/n32h7xx_wwdg.c **** * damage. Such applications are deemed, "Insecure Usage".
  30:../../../firmware/n32h7xx_std_periph_driver/src/n32h7xx_wwdg.c **** *
  31:../../../firmware/n32h7xx_std_periph_driver/src/n32h7xx_wwdg.c **** *     All Insecure Usage shall be made at user's risk. User shall indemnify NATIONS and hold NATION
  32:../../../firmware/n32h7xx_std_periph_driver/src/n32h7xx_wwdg.c **** * harmless from and against all claims, costs, damages, and other liabilities, arising from or rela
ARM GAS  /tmp/cc7j3Gdi.s 			page 2


  33:../../../firmware/n32h7xx_std_periph_driver/src/n32h7xx_wwdg.c **** * to any customer's Insecure Usage.
  34:../../../firmware/n32h7xx_std_periph_driver/src/n32h7xx_wwdg.c **** 
  35:../../../firmware/n32h7xx_std_periph_driver/src/n32h7xx_wwdg.c **** *     Any express or implied warranty with regard to this software or the Product, including,but no
  36:../../../firmware/n32h7xx_std_periph_driver/src/n32h7xx_wwdg.c **** * limited to, the warranties of merchantability, fitness for a particular purpose and non-infringem
  37:../../../firmware/n32h7xx_std_periph_driver/src/n32h7xx_wwdg.c **** * are disclaimed to the fullest extent permitted by law.
  38:../../../firmware/n32h7xx_std_periph_driver/src/n32h7xx_wwdg.c **** 
  39:../../../firmware/n32h7xx_std_periph_driver/src/n32h7xx_wwdg.c **** *     Unless otherwise explicitly permitted by NATIONS, anyone may not duplicate, modify, transcrib
  40:../../../firmware/n32h7xx_std_periph_driver/src/n32h7xx_wwdg.c **** * or otherwise distribute this software for any purposes, in whole or in part.
  41:../../../firmware/n32h7xx_std_periph_driver/src/n32h7xx_wwdg.c **** *
  42:../../../firmware/n32h7xx_std_periph_driver/src/n32h7xx_wwdg.c **** *     NATIONS products and technologies shall not be used for or incorporated into any products or 
  43:../../../firmware/n32h7xx_std_periph_driver/src/n32h7xx_wwdg.c **** * whose manufacture, use, or sale is prohibited under any applicable domestic or foreign laws or re
  44:../../../firmware/n32h7xx_std_periph_driver/src/n32h7xx_wwdg.c **** * User shall comply with any applicable export control laws and regulations promulgated and adminis
  45:../../../firmware/n32h7xx_std_periph_driver/src/n32h7xx_wwdg.c **** * the governments of any countries asserting jurisdiction over the parties or transactions.
  46:../../../firmware/n32h7xx_std_periph_driver/src/n32h7xx_wwdg.c **** **/
  47:../../../firmware/n32h7xx_std_periph_driver/src/n32h7xx_wwdg.c **** 
  48:../../../firmware/n32h7xx_std_periph_driver/src/n32h7xx_wwdg.c **** /**
  49:../../../firmware/n32h7xx_std_periph_driver/src/n32h7xx_wwdg.c **** *\*\file n32h7xx_wwdg.c
  50:../../../firmware/n32h7xx_std_periph_driver/src/n32h7xx_wwdg.c **** *\*\author Nations
  51:../../../firmware/n32h7xx_std_periph_driver/src/n32h7xx_wwdg.c **** *\*\version v1.0.0
  52:../../../firmware/n32h7xx_std_periph_driver/src/n32h7xx_wwdg.c **** *\*\copyright Copyright (c) 2025, Nations Technologies Inc. All rights reserved.
  53:../../../firmware/n32h7xx_std_periph_driver/src/n32h7xx_wwdg.c **** **/
  54:../../../firmware/n32h7xx_std_periph_driver/src/n32h7xx_wwdg.c **** #include "n32h7xx_wwdg.h"
  55:../../../firmware/n32h7xx_std_periph_driver/src/n32h7xx_wwdg.c **** #include "n32h7xx_rcc.h"
  56:../../../firmware/n32h7xx_std_periph_driver/src/n32h7xx_wwdg.c **** 
  57:../../../firmware/n32h7xx_std_periph_driver/src/n32h7xx_wwdg.c **** /**
  58:../../../firmware/n32h7xx_std_periph_driver/src/n32h7xx_wwdg.c **** *\*\name    WWDG_DeInit.
  59:../../../firmware/n32h7xx_std_periph_driver/src/n32h7xx_wwdg.c **** *\*\fun     Resets the WWDG peripheral registers to their default reset values.
  60:../../../firmware/n32h7xx_std_periph_driver/src/n32h7xx_wwdg.c **** *\*\param   WWDGx (The input parameters must be the following values):
  61:../../../firmware/n32h7xx_std_periph_driver/src/n32h7xx_wwdg.c **** *\*\          - WWDG1
  62:../../../firmware/n32h7xx_std_periph_driver/src/n32h7xx_wwdg.c **** *\*\          - WWDG2
  63:../../../firmware/n32h7xx_std_periph_driver/src/n32h7xx_wwdg.c **** *\*\return  none
  64:../../../firmware/n32h7xx_std_periph_driver/src/n32h7xx_wwdg.c **** **/
  65:../../../firmware/n32h7xx_std_periph_driver/src/n32h7xx_wwdg.c **** void WWDG_DeInit(WWDG_Module* WWDGx)
  66:../../../firmware/n32h7xx_std_periph_driver/src/n32h7xx_wwdg.c **** {
  27              		.loc 1 66 1
  28              		.cfi_startproc
  29              		@ args = 0, pretend = 0, frame = 8
  30              		@ frame_needed = 1, uses_anonymous_args = 0
  31 0000 80B5     		push	{r7, lr}
  32              	.LCFI0:
  33              		.cfi_def_cfa_offset 8
  34              		.cfi_offset 7, -8
  35              		.cfi_offset 14, -4
  36 0002 82B0     		sub	sp, sp, #8
  37              	.LCFI1:
  38              		.cfi_def_cfa_offset 16
  39 0004 00AF     		add	r7, sp, #0
  40              	.LCFI2:
  41              		.cfi_def_cfa_register 7
  42 0006 7860     		str	r0, [r7, #4]
  67:../../../firmware/n32h7xx_std_periph_driver/src/n32h7xx_wwdg.c ****     if (WWDGx == WWDG1)
  43              		.loc 1 67 8
  44 0008 7B68     		ldr	r3, [r7, #4]
  45 000a 094A     		ldr	r2, .L5
  46 000c 9342     		cmp	r3, r2
  47 000e 03D1     		bne	.L2
  68:../../../firmware/n32h7xx_std_periph_driver/src/n32h7xx_wwdg.c ****     {
ARM GAS  /tmp/cc7j3Gdi.s 			page 3


  69:../../../firmware/n32h7xx_std_periph_driver/src/n32h7xx_wwdg.c ****         RCC_EnableAXIPeriphReset2(RCC_AXI_PERIPHRST_WWDG1);
  48              		.loc 1 69 9
  49 0010 0120     		movs	r0, #1
  50 0012 FFF7FEFF 		bl	RCC_EnableAXIPeriphReset2
  70:../../../firmware/n32h7xx_std_periph_driver/src/n32h7xx_wwdg.c ****     }
  71:../../../firmware/n32h7xx_std_periph_driver/src/n32h7xx_wwdg.c ****     else
  72:../../../firmware/n32h7xx_std_periph_driver/src/n32h7xx_wwdg.c ****     {
  73:../../../firmware/n32h7xx_std_periph_driver/src/n32h7xx_wwdg.c ****         if (WWDGx == WWDG2)
  74:../../../firmware/n32h7xx_std_periph_driver/src/n32h7xx_wwdg.c ****         {
  75:../../../firmware/n32h7xx_std_periph_driver/src/n32h7xx_wwdg.c ****             RCC_EnableAPB1PeriphReset2(RCC_APB1_PERIPHRST_WWDG2);
  76:../../../firmware/n32h7xx_std_periph_driver/src/n32h7xx_wwdg.c ****         }
  77:../../../firmware/n32h7xx_std_periph_driver/src/n32h7xx_wwdg.c ****     }
  78:../../../firmware/n32h7xx_std_periph_driver/src/n32h7xx_wwdg.c **** }
  51              		.loc 1 78 1
  52 0016 06E0     		b	.L4
  53              	.L2:
  73:../../../firmware/n32h7xx_std_periph_driver/src/n32h7xx_wwdg.c ****         {
  54              		.loc 1 73 12
  55 0018 7B68     		ldr	r3, [r7, #4]
  56 001a 064A     		ldr	r2, .L5+4
  57 001c 9342     		cmp	r3, r2
  58 001e 02D1     		bne	.L4
  75:../../../firmware/n32h7xx_std_periph_driver/src/n32h7xx_wwdg.c ****         }
  59              		.loc 1 75 13
  60 0020 1020     		movs	r0, #16
  61 0022 FFF7FEFF 		bl	RCC_EnableAPB1PeriphReset2
  62              	.L4:
  63              		.loc 1 78 1
  64 0026 00BF     		nop
  65 0028 0837     		adds	r7, r7, #8
  66              	.LCFI3:
  67              		.cfi_def_cfa_offset 8
  68 002a BD46     		mov	sp, r7
  69              	.LCFI4:
  70              		.cfi_def_cfa_register 13
  71              		@ sp needed
  72 002c 80BD     		pop	{r7, pc}
  73              	.L6:
  74 002e 00BF     		.align	2
  75              	.L5:
  76 0030 00A80450 		.word	1342482432
  77 0034 00000140 		.word	1073807360
  78              		.cfi_endproc
  79              	.LFE147:
  81              		.section	.text.WWDG_SetPrescalerDiv,"ax",%progbits
  82              		.align	1
  83              		.global	WWDG_SetPrescalerDiv
  84              		.syntax unified
  85              		.thumb
  86              		.thumb_func
  88              	WWDG_SetPrescalerDiv:
  89              	.LFB148:
  79:../../../firmware/n32h7xx_std_periph_driver/src/n32h7xx_wwdg.c **** 
  80:../../../firmware/n32h7xx_std_periph_driver/src/n32h7xx_wwdg.c **** /**
  81:../../../firmware/n32h7xx_std_periph_driver/src/n32h7xx_wwdg.c **** *\*\name    WWDG_SetPrescalerDiv.
  82:../../../firmware/n32h7xx_std_periph_driver/src/n32h7xx_wwdg.c **** *\*\fun     Set the WWDOG Prescaler Division Value.
  83:../../../firmware/n32h7xx_std_periph_driver/src/n32h7xx_wwdg.c **** *\*\param   WWDGx (The input parameters must be the following values):
ARM GAS  /tmp/cc7j3Gdi.s 			page 4


  84:../../../firmware/n32h7xx_std_periph_driver/src/n32h7xx_wwdg.c **** *\*\          - WWDG1
  85:../../../firmware/n32h7xx_std_periph_driver/src/n32h7xx_wwdg.c **** *\*\          - WWDG2
  86:../../../firmware/n32h7xx_std_periph_driver/src/n32h7xx_wwdg.c **** *\*\param   WWDG_Prescaler :
  87:../../../firmware/n32h7xx_std_periph_driver/src/n32h7xx_wwdg.c **** *\*\          - WWDG_PRESCALER_DIV1   WWDG Counter Clock (PCLK1 / 4096) / 1
  88:../../../firmware/n32h7xx_std_periph_driver/src/n32h7xx_wwdg.c **** *\*\          - WWDG_PRESCALER_DIV2   WWDG Counter Clock (PCLK1 / 4096) / 2
  89:../../../firmware/n32h7xx_std_periph_driver/src/n32h7xx_wwdg.c **** *\*\          - WWDG_PRESCALER_DIV4   WWDG Counter Clock (PCLK1 / 4096) / 4
  90:../../../firmware/n32h7xx_std_periph_driver/src/n32h7xx_wwdg.c **** *\*\          - WWDG_PRESCALER_DIV8   WWDG Counter Clock (PCLK1 / 4096) / 8
  91:../../../firmware/n32h7xx_std_periph_driver/src/n32h7xx_wwdg.c **** *\*\return  none
  92:../../../firmware/n32h7xx_std_periph_driver/src/n32h7xx_wwdg.c **** **/
  93:../../../firmware/n32h7xx_std_periph_driver/src/n32h7xx_wwdg.c **** void WWDG_SetPrescalerDiv(WWDG_Module* WWDGx, uint32_t WWDG_Prescaler)
  94:../../../firmware/n32h7xx_std_periph_driver/src/n32h7xx_wwdg.c **** {
  90              		.loc 1 94 1
  91              		.cfi_startproc
  92              		@ args = 0, pretend = 0, frame = 16
  93              		@ frame_needed = 1, uses_anonymous_args = 0
  94              		@ link register save eliminated.
  95 0000 80B4     		push	{r7}
  96              	.LCFI5:
  97              		.cfi_def_cfa_offset 4
  98              		.cfi_offset 7, -4
  99 0002 85B0     		sub	sp, sp, #20
 100              	.LCFI6:
 101              		.cfi_def_cfa_offset 24
 102 0004 00AF     		add	r7, sp, #0
 103              	.LCFI7:
 104              		.cfi_def_cfa_register 7
 105 0006 7860     		str	r0, [r7, #4]
 106 0008 3960     		str	r1, [r7]
  95:../../../firmware/n32h7xx_std_periph_driver/src/n32h7xx_wwdg.c ****     uint32_t tmpregister;
  96:../../../firmware/n32h7xx_std_periph_driver/src/n32h7xx_wwdg.c **** 
  97:../../../firmware/n32h7xx_std_periph_driver/src/n32h7xx_wwdg.c ****     /* Clear TIMERB[1:0] bits */
  98:../../../firmware/n32h7xx_std_periph_driver/src/n32h7xx_wwdg.c ****     tmpregister = WWDGx->CFG & CFG_TIMERB_MASK;
 107              		.loc 1 98 24
 108 000a 7B68     		ldr	r3, [r7, #4]
 109 000c 1B68     		ldr	r3, [r3]
 110              		.loc 1 98 17
 111 000e 23F44043 		bic	r3, r3, #49152
 112 0012 FB60     		str	r3, [r7, #12]
  99:../../../firmware/n32h7xx_std_periph_driver/src/n32h7xx_wwdg.c ****     /* Set TIMERB[1:0] bits according to WWDG_Prescaler value */
 100:../../../firmware/n32h7xx_std_periph_driver/src/n32h7xx_wwdg.c ****     tmpregister |= WWDG_Prescaler;
 113              		.loc 1 100 17
 114 0014 FA68     		ldr	r2, [r7, #12]
 115 0016 3B68     		ldr	r3, [r7]
 116 0018 1343     		orrs	r3, r3, r2
 117 001a FB60     		str	r3, [r7, #12]
 101:../../../firmware/n32h7xx_std_periph_driver/src/n32h7xx_wwdg.c ****     /* Store the new value */
 102:../../../firmware/n32h7xx_std_periph_driver/src/n32h7xx_wwdg.c ****     WWDGx->CFG = tmpregister;
 118              		.loc 1 102 16
 119 001c 7B68     		ldr	r3, [r7, #4]
 120 001e FA68     		ldr	r2, [r7, #12]
 121 0020 1A60     		str	r2, [r3]
 103:../../../firmware/n32h7xx_std_periph_driver/src/n32h7xx_wwdg.c **** }
 122              		.loc 1 103 1
 123 0022 00BF     		nop
 124 0024 1437     		adds	r7, r7, #20
 125              	.LCFI8:
 126              		.cfi_def_cfa_offset 4
ARM GAS  /tmp/cc7j3Gdi.s 			page 5


 127 0026 BD46     		mov	sp, r7
 128              	.LCFI9:
 129              		.cfi_def_cfa_register 13
 130              		@ sp needed
 131 0028 80BC     		pop	{r7}
 132              	.LCFI10:
 133              		.cfi_restore 7
 134              		.cfi_def_cfa_offset 0
 135 002a 7047     		bx	lr
 136              		.cfi_endproc
 137              	.LFE148:
 139              		.section	.text.WWDG_SetWValue,"ax",%progbits
 140              		.align	1
 141              		.global	WWDG_SetWValue
 142              		.syntax unified
 143              		.thumb
 144              		.thumb_func
 146              	WWDG_SetWValue:
 147              	.LFB149:
 104:../../../firmware/n32h7xx_std_periph_driver/src/n32h7xx_wwdg.c **** 
 105:../../../firmware/n32h7xx_std_periph_driver/src/n32h7xx_wwdg.c **** /**
 106:../../../firmware/n32h7xx_std_periph_driver/src/n32h7xx_wwdg.c **** *\*\name    WWDG_SetWValue.
 107:../../../firmware/n32h7xx_std_periph_driver/src/n32h7xx_wwdg.c **** *\*\fun     Set the WWDOG Window Value.
 108:../../../firmware/n32h7xx_std_periph_driver/src/n32h7xx_wwdg.c **** *\*\param   WWDGx (The input parameters must be the following values):
 109:../../../firmware/n32h7xx_std_periph_driver/src/n32h7xx_wwdg.c **** *\*\          - WWDG1
 110:../../../firmware/n32h7xx_std_periph_driver/src/n32h7xx_wwdg.c **** *\*\          - WWDG2
 111:../../../firmware/n32h7xx_std_periph_driver/src/n32h7xx_wwdg.c **** *\*\param   WindowValue : WWDOG Window Value
 112:../../../firmware/n32h7xx_std_periph_driver/src/n32h7xx_wwdg.c **** *\*\          The value range of this parameter :
 113:../../../firmware/n32h7xx_std_periph_driver/src/n32h7xx_wwdg.c **** *\*\          - 0x0040 ~ 0x3FFF
 114:../../../firmware/n32h7xx_std_periph_driver/src/n32h7xx_wwdg.c **** *\*\return  none
 115:../../../firmware/n32h7xx_std_periph_driver/src/n32h7xx_wwdg.c **** **/
 116:../../../firmware/n32h7xx_std_periph_driver/src/n32h7xx_wwdg.c **** void WWDG_SetWValue(WWDG_Module* WWDGx, uint16_t WindowValue)
 117:../../../firmware/n32h7xx_std_periph_driver/src/n32h7xx_wwdg.c **** {
 148              		.loc 1 117 1
 149              		.cfi_startproc
 150              		@ args = 0, pretend = 0, frame = 16
 151              		@ frame_needed = 1, uses_anonymous_args = 0
 152              		@ link register save eliminated.
 153 0000 80B4     		push	{r7}
 154              	.LCFI11:
 155              		.cfi_def_cfa_offset 4
 156              		.cfi_offset 7, -4
 157 0002 85B0     		sub	sp, sp, #20
 158              	.LCFI12:
 159              		.cfi_def_cfa_offset 24
 160 0004 00AF     		add	r7, sp, #0
 161              	.LCFI13:
 162              		.cfi_def_cfa_register 7
 163 0006 7860     		str	r0, [r7, #4]
 164 0008 0B46     		mov	r3, r1
 165 000a 7B80     		strh	r3, [r7, #2]	@ movhi
 118:../../../firmware/n32h7xx_std_periph_driver/src/n32h7xx_wwdg.c ****     __IO uint32_t tmpregister = 0;
 166              		.loc 1 118 19
 167 000c 0023     		movs	r3, #0
 168 000e FB60     		str	r3, [r7, #12]
 119:../../../firmware/n32h7xx_std_periph_driver/src/n32h7xx_wwdg.c **** 
 120:../../../firmware/n32h7xx_std_periph_driver/src/n32h7xx_wwdg.c ****     /* Clear W[13:0] bits */
ARM GAS  /tmp/cc7j3Gdi.s 			page 6


 121:../../../firmware/n32h7xx_std_periph_driver/src/n32h7xx_wwdg.c ****     tmpregister = WWDGx->CFG & CFG_W_MASK;
 169              		.loc 1 121 24
 170 0010 7B68     		ldr	r3, [r7, #4]
 171 0012 1A68     		ldr	r2, [r3]
 172              		.loc 1 121 30
 173 0014 084B     		ldr	r3, .L9
 174 0016 1340     		ands	r3, r3, r2
 175              		.loc 1 121 17
 176 0018 FB60     		str	r3, [r7, #12]
 122:../../../firmware/n32h7xx_std_periph_driver/src/n32h7xx_wwdg.c **** 
 123:../../../firmware/n32h7xx_std_periph_driver/src/n32h7xx_wwdg.c ****     /* Set W[13:0] bits according to WindowValue value */
 124:../../../firmware/n32h7xx_std_periph_driver/src/n32h7xx_wwdg.c ****     tmpregister |= WindowValue & (uint32_t)BIT_MASK;
 177              		.loc 1 124 32
 178 001a 7B88     		ldrh	r3, [r7, #2]
 179 001c C3F30D02 		ubfx	r2, r3, #0, #14
 180              		.loc 1 124 17
 181 0020 FB68     		ldr	r3, [r7, #12]
 182 0022 1343     		orrs	r3, r3, r2
 183 0024 FB60     		str	r3, [r7, #12]
 125:../../../firmware/n32h7xx_std_periph_driver/src/n32h7xx_wwdg.c **** 
 126:../../../firmware/n32h7xx_std_periph_driver/src/n32h7xx_wwdg.c ****     /* Store the new value */
 127:../../../firmware/n32h7xx_std_periph_driver/src/n32h7xx_wwdg.c ****     WWDGx->CFG = tmpregister;
 184              		.loc 1 127 16
 185 0026 FA68     		ldr	r2, [r7, #12]
 186 0028 7B68     		ldr	r3, [r7, #4]
 187 002a 1A60     		str	r2, [r3]
 128:../../../firmware/n32h7xx_std_periph_driver/src/n32h7xx_wwdg.c **** }
 188              		.loc 1 128 1
 189 002c 00BF     		nop
 190 002e 1437     		adds	r7, r7, #20
 191              	.LCFI14:
 192              		.cfi_def_cfa_offset 4
 193 0030 BD46     		mov	sp, r7
 194              	.LCFI15:
 195              		.cfi_def_cfa_register 13
 196              		@ sp needed
 197 0032 80BC     		pop	{r7}
 198              	.LCFI16:
 199              		.cfi_restore 7
 200              		.cfi_def_cfa_offset 0
 201 0034 7047     		bx	lr
 202              	.L10:
 203 0036 00BF     		.align	2
 204              	.L9:
 205 0038 00C0FFFF 		.word	-16384
 206              		.cfi_endproc
 207              	.LFE149:
 209              		.section	.text.WWDG_EnableInt,"ax",%progbits
 210              		.align	1
 211              		.global	WWDG_EnableInt
 212              		.syntax unified
 213              		.thumb
 214              		.thumb_func
 216              	WWDG_EnableInt:
 217              	.LFB150:
 129:../../../firmware/n32h7xx_std_periph_driver/src/n32h7xx_wwdg.c **** 
 130:../../../firmware/n32h7xx_std_periph_driver/src/n32h7xx_wwdg.c **** /**
ARM GAS  /tmp/cc7j3Gdi.s 			page 7


 131:../../../firmware/n32h7xx_std_periph_driver/src/n32h7xx_wwdg.c **** *\*\name    WWDG_EnableInt.
 132:../../../firmware/n32h7xx_std_periph_driver/src/n32h7xx_wwdg.c **** *\*\fun     Enable WWDG Early Wakeup interrupt(EWINT).
 133:../../../firmware/n32h7xx_std_periph_driver/src/n32h7xx_wwdg.c **** *\*\param   WWDGx (The input parameters must be the following values):
 134:../../../firmware/n32h7xx_std_periph_driver/src/n32h7xx_wwdg.c **** *\*\          - WWDG1
 135:../../../firmware/n32h7xx_std_periph_driver/src/n32h7xx_wwdg.c **** *\*\          - WWDG2
 136:../../../firmware/n32h7xx_std_periph_driver/src/n32h7xx_wwdg.c **** *\*\return  none
 137:../../../firmware/n32h7xx_std_periph_driver/src/n32h7xx_wwdg.c **** **/
 138:../../../firmware/n32h7xx_std_periph_driver/src/n32h7xx_wwdg.c **** void WWDG_EnableInt(WWDG_Module* WWDGx)
 139:../../../firmware/n32h7xx_std_periph_driver/src/n32h7xx_wwdg.c **** {
 218              		.loc 1 139 1
 219              		.cfi_startproc
 220              		@ args = 0, pretend = 0, frame = 8
 221              		@ frame_needed = 1, uses_anonymous_args = 0
 222              		@ link register save eliminated.
 223 0000 80B4     		push	{r7}
 224              	.LCFI17:
 225              		.cfi_def_cfa_offset 4
 226              		.cfi_offset 7, -4
 227 0002 83B0     		sub	sp, sp, #12
 228              	.LCFI18:
 229              		.cfi_def_cfa_offset 16
 230 0004 00AF     		add	r7, sp, #0
 231              	.LCFI19:
 232              		.cfi_def_cfa_register 7
 233 0006 7860     		str	r0, [r7, #4]
 140:../../../firmware/n32h7xx_std_periph_driver/src/n32h7xx_wwdg.c ****     WWDGx->CFG |= EARLY_WAKEUP_INT;
 234              		.loc 1 140 10
 235 0008 7B68     		ldr	r3, [r7, #4]
 236 000a 1B68     		ldr	r3, [r3]
 237              		.loc 1 140 16
 238 000c 43F48032 		orr	r2, r3, #65536
 239 0010 7B68     		ldr	r3, [r7, #4]
 240 0012 1A60     		str	r2, [r3]
 141:../../../firmware/n32h7xx_std_periph_driver/src/n32h7xx_wwdg.c **** }
 241              		.loc 1 141 1
 242 0014 00BF     		nop
 243 0016 0C37     		adds	r7, r7, #12
 244              	.LCFI20:
 245              		.cfi_def_cfa_offset 4
 246 0018 BD46     		mov	sp, r7
 247              	.LCFI21:
 248              		.cfi_def_cfa_register 13
 249              		@ sp needed
 250 001a 80BC     		pop	{r7}
 251              	.LCFI22:
 252              		.cfi_restore 7
 253              		.cfi_def_cfa_offset 0
 254 001c 7047     		bx	lr
 255              		.cfi_endproc
 256              	.LFE150:
 258              		.section	.text.WWDG_SetCnt,"ax",%progbits
 259              		.align	1
 260              		.global	WWDG_SetCnt
 261              		.syntax unified
 262              		.thumb
 263              		.thumb_func
 265              	WWDG_SetCnt:
ARM GAS  /tmp/cc7j3Gdi.s 			page 8


 266              	.LFB151:
 142:../../../firmware/n32h7xx_std_periph_driver/src/n32h7xx_wwdg.c **** 
 143:../../../firmware/n32h7xx_std_periph_driver/src/n32h7xx_wwdg.c **** /**
 144:../../../firmware/n32h7xx_std_periph_driver/src/n32h7xx_wwdg.c **** *\*\name    WWDG_SetCnt.
 145:../../../firmware/n32h7xx_std_periph_driver/src/n32h7xx_wwdg.c **** *\*\fun     Set the WWDOG Counter Value.
 146:../../../firmware/n32h7xx_std_periph_driver/src/n32h7xx_wwdg.c **** *\*\param   WWDGx (The input parameters must be the following values):
 147:../../../firmware/n32h7xx_std_periph_driver/src/n32h7xx_wwdg.c **** *\*\          - WWDG1
 148:../../../firmware/n32h7xx_std_periph_driver/src/n32h7xx_wwdg.c **** *\*\          - WWDG2
 149:../../../firmware/n32h7xx_std_periph_driver/src/n32h7xx_wwdg.c **** *\*\param   Counter : WWDOG Counter value
 150:../../../firmware/n32h7xx_std_periph_driver/src/n32h7xx_wwdg.c **** *\*\          The value range of this parameter :
 151:../../../firmware/n32h7xx_std_periph_driver/src/n32h7xx_wwdg.c **** *\*\          - 0x40 ~ 0x3FFF
 152:../../../firmware/n32h7xx_std_periph_driver/src/n32h7xx_wwdg.c **** *\*\return  none
 153:../../../firmware/n32h7xx_std_periph_driver/src/n32h7xx_wwdg.c **** **/
 154:../../../firmware/n32h7xx_std_periph_driver/src/n32h7xx_wwdg.c **** void WWDG_SetCnt(WWDG_Module* WWDGx, uint16_t Counter)
 155:../../../firmware/n32h7xx_std_periph_driver/src/n32h7xx_wwdg.c **** {
 267              		.loc 1 155 1
 268              		.cfi_startproc
 269              		@ args = 0, pretend = 0, frame = 8
 270              		@ frame_needed = 1, uses_anonymous_args = 0
 271              		@ link register save eliminated.
 272 0000 80B4     		push	{r7}
 273              	.LCFI23:
 274              		.cfi_def_cfa_offset 4
 275              		.cfi_offset 7, -4
 276 0002 83B0     		sub	sp, sp, #12
 277              	.LCFI24:
 278              		.cfi_def_cfa_offset 16
 279 0004 00AF     		add	r7, sp, #0
 280              	.LCFI25:
 281              		.cfi_def_cfa_register 7
 282 0006 7860     		str	r0, [r7, #4]
 283 0008 0B46     		mov	r3, r1
 284 000a 7B80     		strh	r3, [r7, #2]	@ movhi
 156:../../../firmware/n32h7xx_std_periph_driver/src/n32h7xx_wwdg.c ****     /* Write to T[6:0] bits to configure the counter value, no need to do
 157:../../../firmware/n32h7xx_std_periph_driver/src/n32h7xx_wwdg.c ****        a read-modify-write; writing a 0 to WDGA bit does nothing */
 158:../../../firmware/n32h7xx_std_periph_driver/src/n32h7xx_wwdg.c ****     WWDGx->CTRL = (uint32_t)Counter & (uint32_t)BIT_MASK;
 285              		.loc 1 158 37
 286 000c 7B88     		ldrh	r3, [r7, #2]
 287 000e C3F30D02 		ubfx	r2, r3, #0, #14
 288              		.loc 1 158 17
 289 0012 7B68     		ldr	r3, [r7, #4]
 290 0014 5A60     		str	r2, [r3, #4]
 159:../../../firmware/n32h7xx_std_periph_driver/src/n32h7xx_wwdg.c **** }
 291              		.loc 1 159 1
 292 0016 00BF     		nop
 293 0018 0C37     		adds	r7, r7, #12
 294              	.LCFI26:
 295              		.cfi_def_cfa_offset 4
 296 001a BD46     		mov	sp, r7
 297              	.LCFI27:
 298              		.cfi_def_cfa_register 13
 299              		@ sp needed
 300 001c 80BC     		pop	{r7}
 301              	.LCFI28:
 302              		.cfi_restore 7
 303              		.cfi_def_cfa_offset 0
 304 001e 7047     		bx	lr
ARM GAS  /tmp/cc7j3Gdi.s 			page 9


 305              		.cfi_endproc
 306              	.LFE151:
 308              		.section	.text.WWDG_Enable,"ax",%progbits
 309              		.align	1
 310              		.global	WWDG_Enable
 311              		.syntax unified
 312              		.thumb
 313              		.thumb_func
 315              	WWDG_Enable:
 316              	.LFB152:
 160:../../../firmware/n32h7xx_std_periph_driver/src/n32h7xx_wwdg.c **** 
 161:../../../firmware/n32h7xx_std_periph_driver/src/n32h7xx_wwdg.c **** /**
 162:../../../firmware/n32h7xx_std_periph_driver/src/n32h7xx_wwdg.c **** *\*\name    WWDG_Enable.
 163:../../../firmware/n32h7xx_std_periph_driver/src/n32h7xx_wwdg.c **** *\*\fun     Set the WWDOG Counter Value and Enable WWDOG .
 164:../../../firmware/n32h7xx_std_periph_driver/src/n32h7xx_wwdg.c **** *\*\param   WWDGx (The input parameters must be the following values):
 165:../../../firmware/n32h7xx_std_periph_driver/src/n32h7xx_wwdg.c **** *\*\          - WWDG1
 166:../../../firmware/n32h7xx_std_periph_driver/src/n32h7xx_wwdg.c **** *\*\          - WWDG2
 167:../../../firmware/n32h7xx_std_periph_driver/src/n32h7xx_wwdg.c **** *\*\param   Counter : WWDOG Counter value
 168:../../../firmware/n32h7xx_std_periph_driver/src/n32h7xx_wwdg.c **** *\*\          The value range of this parameter :
 169:../../../firmware/n32h7xx_std_periph_driver/src/n32h7xx_wwdg.c **** *\*\          - 0x40 ~ 0x3FFF
 170:../../../firmware/n32h7xx_std_periph_driver/src/n32h7xx_wwdg.c **** *\*\return  none
 171:../../../firmware/n32h7xx_std_periph_driver/src/n32h7xx_wwdg.c **** **/
 172:../../../firmware/n32h7xx_std_periph_driver/src/n32h7xx_wwdg.c **** //uint32_t data;
 173:../../../firmware/n32h7xx_std_periph_driver/src/n32h7xx_wwdg.c **** void WWDG_Enable(WWDG_Module* WWDGx, uint16_t Counter)
 174:../../../firmware/n32h7xx_std_periph_driver/src/n32h7xx_wwdg.c **** {
 317              		.loc 1 174 1
 318              		.cfi_startproc
 319              		@ args = 0, pretend = 0, frame = 8
 320              		@ frame_needed = 1, uses_anonymous_args = 0
 321              		@ link register save eliminated.
 322 0000 80B4     		push	{r7}
 323              	.LCFI29:
 324              		.cfi_def_cfa_offset 4
 325              		.cfi_offset 7, -4
 326 0002 83B0     		sub	sp, sp, #12
 327              	.LCFI30:
 328              		.cfi_def_cfa_offset 16
 329 0004 00AF     		add	r7, sp, #0
 330              	.LCFI31:
 331              		.cfi_def_cfa_register 7
 332 0006 7860     		str	r0, [r7, #4]
 333 0008 0B46     		mov	r3, r1
 334 000a 7B80     		strh	r3, [r7, #2]	@ movhi
 175:../../../firmware/n32h7xx_std_periph_driver/src/n32h7xx_wwdg.c ****     //data=CTRL_ACTB_SET | Counter;
 176:../../../firmware/n32h7xx_std_periph_driver/src/n32h7xx_wwdg.c ****     WWDGx->CTRL = CTRL_ACTB_SET | Counter;
 335              		.loc 1 176 33
 336 000c 7B88     		ldrh	r3, [r7, #2]	@ movhi
 337 000e 43F48043 		orr	r3, r3, #16384
 338 0012 9BB2     		uxth	r3, r3
 339 0014 1A46     		mov	r2, r3
 340              		.loc 1 176 17
 341 0016 7B68     		ldr	r3, [r7, #4]
 342 0018 5A60     		str	r2, [r3, #4]
 177:../../../firmware/n32h7xx_std_periph_driver/src/n32h7xx_wwdg.c **** }
 343              		.loc 1 177 1
 344 001a 00BF     		nop
 345 001c 0C37     		adds	r7, r7, #12
ARM GAS  /tmp/cc7j3Gdi.s 			page 10


 346              	.LCFI32:
 347              		.cfi_def_cfa_offset 4
 348 001e BD46     		mov	sp, r7
 349              	.LCFI33:
 350              		.cfi_def_cfa_register 13
 351              		@ sp needed
 352 0020 80BC     		pop	{r7}
 353              	.LCFI34:
 354              		.cfi_restore 7
 355              		.cfi_def_cfa_offset 0
 356 0022 7047     		bx	lr
 357              		.cfi_endproc
 358              	.LFE152:
 360              		.section	.text.WWDG_GetEWINTF,"ax",%progbits
 361              		.align	1
 362              		.global	WWDG_GetEWINTF
 363              		.syntax unified
 364              		.thumb
 365              		.thumb_func
 367              	WWDG_GetEWINTF:
 368              	.LFB153:
 178:../../../firmware/n32h7xx_std_periph_driver/src/n32h7xx_wwdg.c **** 
 179:../../../firmware/n32h7xx_std_periph_driver/src/n32h7xx_wwdg.c **** /**
 180:../../../firmware/n32h7xx_std_periph_driver/src/n32h7xx_wwdg.c **** *\*\name    WWDG_GetEWINTF.
 181:../../../firmware/n32h7xx_std_periph_driver/src/n32h7xx_wwdg.c **** *\*\fun     Get WWDOG Early Wake-up Interrupt Flag.
 182:../../../firmware/n32h7xx_std_periph_driver/src/n32h7xx_wwdg.c **** *\*\param   WWDGx (The input parameters must be the following values):
 183:../../../firmware/n32h7xx_std_periph_driver/src/n32h7xx_wwdg.c **** *\*\          - WWDG1
 184:../../../firmware/n32h7xx_std_periph_driver/src/n32h7xx_wwdg.c **** *\*\          - WWDG2
 185:../../../firmware/n32h7xx_std_periph_driver/src/n32h7xx_wwdg.c **** *\*\param   none
 186:../../../firmware/n32h7xx_std_periph_driver/src/n32h7xx_wwdg.c **** *\*\return  SET or RESET
 187:../../../firmware/n32h7xx_std_periph_driver/src/n32h7xx_wwdg.c **** **/
 188:../../../firmware/n32h7xx_std_periph_driver/src/n32h7xx_wwdg.c **** FlagStatus WWDG_GetEWINTF(WWDG_Module* WWDGx)
 189:../../../firmware/n32h7xx_std_periph_driver/src/n32h7xx_wwdg.c **** {
 369              		.loc 1 189 1
 370              		.cfi_startproc
 371              		@ args = 0, pretend = 0, frame = 16
 372              		@ frame_needed = 1, uses_anonymous_args = 0
 373              		@ link register save eliminated.
 374 0000 80B4     		push	{r7}
 375              	.LCFI35:
 376              		.cfi_def_cfa_offset 4
 377              		.cfi_offset 7, -4
 378 0002 85B0     		sub	sp, sp, #20
 379              	.LCFI36:
 380              		.cfi_def_cfa_offset 24
 381 0004 00AF     		add	r7, sp, #0
 382              	.LCFI37:
 383              		.cfi_def_cfa_register 7
 384 0006 7860     		str	r0, [r7, #4]
 190:../../../firmware/n32h7xx_std_periph_driver/src/n32h7xx_wwdg.c ****     FlagStatus bitstatus;
 191:../../../firmware/n32h7xx_std_periph_driver/src/n32h7xx_wwdg.c **** 
 192:../../../firmware/n32h7xx_std_periph_driver/src/n32h7xx_wwdg.c ****     /* Return the status of the flag */
 193:../../../firmware/n32h7xx_std_periph_driver/src/n32h7xx_wwdg.c ****     if ((WWDGx->STS & EARLY_WAKEUP_FLAG) != (uint32_t)RESET)
 385              		.loc 1 193 15
 386 0008 7B68     		ldr	r3, [r7, #4]
 387 000a 9B68     		ldr	r3, [r3, #8]
 388              		.loc 1 193 21
ARM GAS  /tmp/cc7j3Gdi.s 			page 11


 389 000c 03F00103 		and	r3, r3, #1
 390              		.loc 1 193 8
 391 0010 002B     		cmp	r3, #0
 392 0012 02D0     		beq	.L15
 194:../../../firmware/n32h7xx_std_periph_driver/src/n32h7xx_wwdg.c ****     {
 195:../../../firmware/n32h7xx_std_periph_driver/src/n32h7xx_wwdg.c ****         bitstatus = SET;
 393              		.loc 1 195 19
 394 0014 0123     		movs	r3, #1
 395 0016 FB73     		strb	r3, [r7, #15]
 396 0018 01E0     		b	.L16
 397              	.L15:
 196:../../../firmware/n32h7xx_std_periph_driver/src/n32h7xx_wwdg.c ****     }
 197:../../../firmware/n32h7xx_std_periph_driver/src/n32h7xx_wwdg.c ****     else
 198:../../../firmware/n32h7xx_std_periph_driver/src/n32h7xx_wwdg.c ****     {
 199:../../../firmware/n32h7xx_std_periph_driver/src/n32h7xx_wwdg.c ****         bitstatus = RESET;
 398              		.loc 1 199 19
 399 001a 0023     		movs	r3, #0
 400 001c FB73     		strb	r3, [r7, #15]
 401              	.L16:
 200:../../../firmware/n32h7xx_std_periph_driver/src/n32h7xx_wwdg.c ****     }
 201:../../../firmware/n32h7xx_std_periph_driver/src/n32h7xx_wwdg.c **** 
 202:../../../firmware/n32h7xx_std_periph_driver/src/n32h7xx_wwdg.c ****     return bitstatus;
 402              		.loc 1 202 12
 403 001e FB7B     		ldrb	r3, [r7, #15]	@ zero_extendqisi2
 203:../../../firmware/n32h7xx_std_periph_driver/src/n32h7xx_wwdg.c **** }
 404              		.loc 1 203 1
 405 0020 1846     		mov	r0, r3
 406 0022 1437     		adds	r7, r7, #20
 407              	.LCFI38:
 408              		.cfi_def_cfa_offset 4
 409 0024 BD46     		mov	sp, r7
 410              	.LCFI39:
 411              		.cfi_def_cfa_register 13
 412              		@ sp needed
 413 0026 80BC     		pop	{r7}
 414              	.LCFI40:
 415              		.cfi_restore 7
 416              		.cfi_def_cfa_offset 0
 417 0028 7047     		bx	lr
 418              		.cfi_endproc
 419              	.LFE153:
 421              		.section	.text.WWDG_ClrEWINTF,"ax",%progbits
 422              		.align	1
 423              		.global	WWDG_ClrEWINTF
 424              		.syntax unified
 425              		.thumb
 426              		.thumb_func
 428              	WWDG_ClrEWINTF:
 429              	.LFB154:
 204:../../../firmware/n32h7xx_std_periph_driver/src/n32h7xx_wwdg.c **** 
 205:../../../firmware/n32h7xx_std_periph_driver/src/n32h7xx_wwdg.c **** /**
 206:../../../firmware/n32h7xx_std_periph_driver/src/n32h7xx_wwdg.c **** *\*\name    WWDG_ClrEWINTF.
 207:../../../firmware/n32h7xx_std_periph_driver/src/n32h7xx_wwdg.c **** *\*\fun     Clear WWDOG Early Wake-up Interrupt Flag.
 208:../../../firmware/n32h7xx_std_periph_driver/src/n32h7xx_wwdg.c **** *\*\param   WWDGx (The input parameters must be the following values):
 209:../../../firmware/n32h7xx_std_periph_driver/src/n32h7xx_wwdg.c **** *\*\          - WWDG1
 210:../../../firmware/n32h7xx_std_periph_driver/src/n32h7xx_wwdg.c **** *\*\          - WWDG2
 211:../../../firmware/n32h7xx_std_periph_driver/src/n32h7xx_wwdg.c **** *\*\return  none
ARM GAS  /tmp/cc7j3Gdi.s 			page 12


 212:../../../firmware/n32h7xx_std_periph_driver/src/n32h7xx_wwdg.c **** **/
 213:../../../firmware/n32h7xx_std_periph_driver/src/n32h7xx_wwdg.c **** void WWDG_ClrEWINTF(WWDG_Module* WWDGx)
 214:../../../firmware/n32h7xx_std_periph_driver/src/n32h7xx_wwdg.c **** {
 430              		.loc 1 214 1
 431              		.cfi_startproc
 432              		@ args = 0, pretend = 0, frame = 8
 433              		@ frame_needed = 1, uses_anonymous_args = 0
 434              		@ link register save eliminated.
 435 0000 80B4     		push	{r7}
 436              	.LCFI41:
 437              		.cfi_def_cfa_offset 4
 438              		.cfi_offset 7, -4
 439 0002 83B0     		sub	sp, sp, #12
 440              	.LCFI42:
 441              		.cfi_def_cfa_offset 16
 442 0004 00AF     		add	r7, sp, #0
 443              	.LCFI43:
 444              		.cfi_def_cfa_register 7
 445 0006 7860     		str	r0, [r7, #4]
 215:../../../firmware/n32h7xx_std_periph_driver/src/n32h7xx_wwdg.c ****     WWDGx->STS = (uint32_t)RESET;
 446              		.loc 1 215 16
 447 0008 7B68     		ldr	r3, [r7, #4]
 448 000a 0022     		movs	r2, #0
 449 000c 9A60     		str	r2, [r3, #8]
 216:../../../firmware/n32h7xx_std_periph_driver/src/n32h7xx_wwdg.c **** }
 450              		.loc 1 216 1
 451 000e 00BF     		nop
 452 0010 0C37     		adds	r7, r7, #12
 453              	.LCFI44:
 454              		.cfi_def_cfa_offset 4
 455 0012 BD46     		mov	sp, r7
 456              	.LCFI45:
 457              		.cfi_def_cfa_register 13
 458              		@ sp needed
 459 0014 80BC     		pop	{r7}
 460              	.LCFI46:
 461              		.cfi_restore 7
 462              		.cfi_def_cfa_offset 0
 463 0016 7047     		bx	lr
 464              		.cfi_endproc
 465              	.LFE154:
 467              		.text
 468              	.Letext0:
 469              		.file 2 "/usr/lib/gcc/arm-none-eabi/13.2.1/include/stdint.h"
 470              		.file 3 "../../../firmware/CMSIS/device/n32h7xx.h"
 471              		.file 4 "../../../firmware/n32h7xx_std_periph_driver/inc/n32h7xx_rcc.h"
ARM GAS  /tmp/cc7j3Gdi.s 			page 13


DEFINED SYMBOLS
                            *ABS*:00000000 n32h7xx_wwdg.c
     /tmp/cc7j3Gdi.s:19     .text.WWDG_DeInit:00000000 $t
     /tmp/cc7j3Gdi.s:25     .text.WWDG_DeInit:00000000 WWDG_DeInit
     /tmp/cc7j3Gdi.s:76     .text.WWDG_DeInit:00000030 $d
     /tmp/cc7j3Gdi.s:82     .text.WWDG_SetPrescalerDiv:00000000 $t
     /tmp/cc7j3Gdi.s:88     .text.WWDG_SetPrescalerDiv:00000000 WWDG_SetPrescalerDiv
     /tmp/cc7j3Gdi.s:140    .text.WWDG_SetWValue:00000000 $t
     /tmp/cc7j3Gdi.s:146    .text.WWDG_SetWValue:00000000 WWDG_SetWValue
     /tmp/cc7j3Gdi.s:205    .text.WWDG_SetWValue:00000038 $d
     /tmp/cc7j3Gdi.s:210    .text.WWDG_EnableInt:00000000 $t
     /tmp/cc7j3Gdi.s:216    .text.WWDG_EnableInt:00000000 WWDG_EnableInt
     /tmp/cc7j3Gdi.s:259    .text.WWDG_SetCnt:00000000 $t
     /tmp/cc7j3Gdi.s:265    .text.WWDG_SetCnt:00000000 WWDG_SetCnt
     /tmp/cc7j3Gdi.s:309    .text.WWDG_Enable:00000000 $t
     /tmp/cc7j3Gdi.s:315    .text.WWDG_Enable:00000000 WWDG_Enable
     /tmp/cc7j3Gdi.s:361    .text.WWDG_GetEWINTF:00000000 $t
     /tmp/cc7j3Gdi.s:367    .text.WWDG_GetEWINTF:00000000 WWDG_GetEWINTF
     /tmp/cc7j3Gdi.s:422    .text.WWDG_ClrEWINTF:00000000 $t
     /tmp/cc7j3Gdi.s:428    .text.WWDG_ClrEWINTF:00000000 WWDG_ClrEWINTF

UNDEFINED SYMBOLS
RCC_EnableAXIPeriphReset2
RCC_EnableAPB1PeriphReset2
