ARM GAS  /tmp/ccN7zFZK.s 			page 1


   1              		.cpu cortex-m7
   2              		.arch armv7e-m
   3              		.fpu softvfp
   4              		.eabi_attribute 20, 1
   5              		.eabi_attribute 21, 1
   6              		.eabi_attribute 23, 3
   7              		.eabi_attribute 24, 1
   8              		.eabi_attribute 25, 1
   9              		.eabi_attribute 26, 1
  10              		.eabi_attribute 30, 6
  11              		.eabi_attribute 34, 1
  12              		.eabi_attribute 18, 4
  13              		.file	"n32h7xx_cordic.c"
  14              		.text
  15              	.Ltext0:
  16              		.cfi_sections	.debug_frame
  17              		.file 1 "../../../firmware/n32h7xx_std_periph_driver/src/n32h7xx_cordic.c"
  18              		.section	.text.CORDIC_DeInit,"ax",%progbits
  19              		.align	1
  20              		.global	CORDIC_DeInit
  21              		.syntax unified
  22              		.thumb
  23              		.thumb_func
  25              	CORDIC_DeInit:
  26              	.LFB147:
   1:../../../firmware/n32h7xx_std_periph_driver/src/n32h7xx_cordic.c **** /**
   2:../../../firmware/n32h7xx_std_periph_driver/src/n32h7xx_cordic.c **** *     Copyright (c) 2025, Nations Technologies Inc.
   3:../../../firmware/n32h7xx_std_periph_driver/src/n32h7xx_cordic.c **** *
   4:../../../firmware/n32h7xx_std_periph_driver/src/n32h7xx_cordic.c **** *     All rights reserved.
   5:../../../firmware/n32h7xx_std_periph_driver/src/n32h7xx_cordic.c **** *
   6:../../../firmware/n32h7xx_std_periph_driver/src/n32h7xx_cordic.c **** *     This software is the exclusive property of Nations Technologies Inc. (Hereinafter
   7:../../../firmware/n32h7xx_std_periph_driver/src/n32h7xx_cordic.c **** * referred to as NATIONS). This software, and the product of NATIONS described herein
   8:../../../firmware/n32h7xx_std_periph_driver/src/n32h7xx_cordic.c **** * (Hereinafter referred to as the Product) are owned by NATIONS under the laws and treaties
   9:../../../firmware/n32h7xx_std_periph_driver/src/n32h7xx_cordic.c **** * of the People's Republic of China and other applicable jurisdictions worldwide.
  10:../../../firmware/n32h7xx_std_periph_driver/src/n32h7xx_cordic.c **** *
  11:../../../firmware/n32h7xx_std_periph_driver/src/n32h7xx_cordic.c **** *     NATIONS does not grant any license under its patents, copyrights, trademarks, or other
  12:../../../firmware/n32h7xx_std_periph_driver/src/n32h7xx_cordic.c **** * intellectual property rights. Names and brands of third party may be mentioned or referred
  13:../../../firmware/n32h7xx_std_periph_driver/src/n32h7xx_cordic.c **** * thereto (if any) for identification purposes only.
  14:../../../firmware/n32h7xx_std_periph_driver/src/n32h7xx_cordic.c **** *
  15:../../../firmware/n32h7xx_std_periph_driver/src/n32h7xx_cordic.c **** *     NATIONS reserves the right to make changes, corrections, enhancements, modifications, and
  16:../../../firmware/n32h7xx_std_periph_driver/src/n32h7xx_cordic.c **** * improvements to this software at any time without notice. Please contact NATIONS and obtain
  17:../../../firmware/n32h7xx_std_periph_driver/src/n32h7xx_cordic.c **** * the latest version of this software before placing orders.
  18:../../../firmware/n32h7xx_std_periph_driver/src/n32h7xx_cordic.c **** 
  19:../../../firmware/n32h7xx_std_periph_driver/src/n32h7xx_cordic.c **** *     Although NATIONS has attempted to provide accurate and reliable information, NATIONS assumes
  20:../../../firmware/n32h7xx_std_periph_driver/src/n32h7xx_cordic.c **** * no responsibility for the accuracy and reliability of this software.
  21:../../../firmware/n32h7xx_std_periph_driver/src/n32h7xx_cordic.c **** *
  22:../../../firmware/n32h7xx_std_periph_driver/src/n32h7xx_cordic.c **** *     It is the responsibility of the user of this software to properly design, program, and test
  23:../../../firmware/n32h7xx_std_periph_driver/src/n32h7xx_cordic.c **** * the functionality and safety of any application made of this information and any resulting produc
  24:../../../firmware/n32h7xx_std_periph_driver/src/n32h7xx_cordic.c **** * In no event shall NATIONS be liable for any direct, indirect, incidental, special,exemplary, or
  25:../../../firmware/n32h7xx_std_periph_driver/src/n32h7xx_cordic.c **** * consequential damages arising in any way out of the use of this software or the Product.
  26:../../../firmware/n32h7xx_std_periph_driver/src/n32h7xx_cordic.c **** *
  27:../../../firmware/n32h7xx_std_periph_driver/src/n32h7xx_cordic.c **** *     NATIONS Products are neither intended nor warranted for usage in systems or equipment, any
  28:../../../firmware/n32h7xx_std_periph_driver/src/n32h7xx_cordic.c **** * malfunction or failure of which may cause loss of human life, bodily injury or severe property
  29:../../../firmware/n32h7xx_std_periph_driver/src/n32h7xx_cordic.c **** * damage. Such applications are deemed, "Insecure Usage".
  30:../../../firmware/n32h7xx_std_periph_driver/src/n32h7xx_cordic.c **** *
  31:../../../firmware/n32h7xx_std_periph_driver/src/n32h7xx_cordic.c **** *     All Insecure Usage shall be made at user's risk. User shall indemnify NATIONS and hold NATION
  32:../../../firmware/n32h7xx_std_periph_driver/src/n32h7xx_cordic.c **** * harmless from and against all claims, costs, damages, and other liabilities, arising from or rela
ARM GAS  /tmp/ccN7zFZK.s 			page 2


  33:../../../firmware/n32h7xx_std_periph_driver/src/n32h7xx_cordic.c **** * to any customer's Insecure Usage.
  34:../../../firmware/n32h7xx_std_periph_driver/src/n32h7xx_cordic.c **** 
  35:../../../firmware/n32h7xx_std_periph_driver/src/n32h7xx_cordic.c **** *     Any express or implied warranty with regard to this software or the Product, including,but no
  36:../../../firmware/n32h7xx_std_periph_driver/src/n32h7xx_cordic.c **** * limited to, the warranties of merchantability, fitness for a particular purpose and non-infringem
  37:../../../firmware/n32h7xx_std_periph_driver/src/n32h7xx_cordic.c **** * are disclaimed to the fullest extent permitted by law.
  38:../../../firmware/n32h7xx_std_periph_driver/src/n32h7xx_cordic.c **** 
  39:../../../firmware/n32h7xx_std_periph_driver/src/n32h7xx_cordic.c **** *     Unless otherwise explicitly permitted by NATIONS, anyone may not duplicate, modify, transcrib
  40:../../../firmware/n32h7xx_std_periph_driver/src/n32h7xx_cordic.c **** * or otherwise distribute this software for any purposes, in whole or in part.
  41:../../../firmware/n32h7xx_std_periph_driver/src/n32h7xx_cordic.c **** *
  42:../../../firmware/n32h7xx_std_periph_driver/src/n32h7xx_cordic.c **** *     NATIONS products and technologies shall not be used for or incorporated into any products or 
  43:../../../firmware/n32h7xx_std_periph_driver/src/n32h7xx_cordic.c **** * whose manufacture, use, or sale is prohibited under any applicable domestic or foreign laws or re
  44:../../../firmware/n32h7xx_std_periph_driver/src/n32h7xx_cordic.c **** * User shall comply with any applicable export control laws and regulations promulgated and adminis
  45:../../../firmware/n32h7xx_std_periph_driver/src/n32h7xx_cordic.c **** * the governments of any countries asserting jurisdiction over the parties or transactions.
  46:../../../firmware/n32h7xx_std_periph_driver/src/n32h7xx_cordic.c **** **/
  47:../../../firmware/n32h7xx_std_periph_driver/src/n32h7xx_cordic.c **** 
  48:../../../firmware/n32h7xx_std_periph_driver/src/n32h7xx_cordic.c **** /**
  49:../../../firmware/n32h7xx_std_periph_driver/src/n32h7xx_cordic.c **** *\*\file n32h7xx_cordic.c
  50:../../../firmware/n32h7xx_std_periph_driver/src/n32h7xx_cordic.c **** *\*\author Nations
  51:../../../firmware/n32h7xx_std_periph_driver/src/n32h7xx_cordic.c **** *\*\version v1.0.0
  52:../../../firmware/n32h7xx_std_periph_driver/src/n32h7xx_cordic.c **** *\*\copyright Copyright (c) 2025, Nations Technologies Inc. All rights reserved.
  53:../../../firmware/n32h7xx_std_periph_driver/src/n32h7xx_cordic.c **** **/
  54:../../../firmware/n32h7xx_std_periph_driver/src/n32h7xx_cordic.c **** 
  55:../../../firmware/n32h7xx_std_periph_driver/src/n32h7xx_cordic.c **** #include "n32h7xx_cordic.h"
  56:../../../firmware/n32h7xx_std_periph_driver/src/n32h7xx_cordic.c **** #include "n32h7xx_rcc.h"
  57:../../../firmware/n32h7xx_std_periph_driver/src/n32h7xx_cordic.c **** 
  58:../../../firmware/n32h7xx_std_periph_driver/src/n32h7xx_cordic.c **** /** CORDIC Private Defines **/
  59:../../../firmware/n32h7xx_std_periph_driver/src/n32h7xx_cordic.c **** 
  60:../../../firmware/n32h7xx_std_periph_driver/src/n32h7xx_cordic.c **** #define CORDIC_CTRLSTS_MASK                         ((uint32_t)0x07F807FFU)
  61:../../../firmware/n32h7xx_std_periph_driver/src/n32h7xx_cordic.c **** 
  62:../../../firmware/n32h7xx_std_periph_driver/src/n32h7xx_cordic.c **** 
  63:../../../firmware/n32h7xx_std_periph_driver/src/n32h7xx_cordic.c **** /** CORDIC Driving Functions Declaration **/
  64:../../../firmware/n32h7xx_std_periph_driver/src/n32h7xx_cordic.c **** 
  65:../../../firmware/n32h7xx_std_periph_driver/src/n32h7xx_cordic.c **** /**
  66:../../../firmware/n32h7xx_std_periph_driver/src/n32h7xx_cordic.c **** *\*\name    CORDIC_DeInit.
  67:../../../firmware/n32h7xx_std_periph_driver/src/n32h7xx_cordic.c **** *\*\fun     DeInitializes the CORDIC peripheral.
  68:../../../firmware/n32h7xx_std_periph_driver/src/n32h7xx_cordic.c **** *\*\param   none
  69:../../../firmware/n32h7xx_std_periph_driver/src/n32h7xx_cordic.c **** *\*\return  none
  70:../../../firmware/n32h7xx_std_periph_driver/src/n32h7xx_cordic.c **** **/
  71:../../../firmware/n32h7xx_std_periph_driver/src/n32h7xx_cordic.c **** void CORDIC_DeInit(void)
  72:../../../firmware/n32h7xx_std_periph_driver/src/n32h7xx_cordic.c **** {
  27              		.loc 1 72 1
  28              		.cfi_startproc
  29              		@ args = 0, pretend = 0, frame = 0
  30              		@ frame_needed = 1, uses_anonymous_args = 0
  31 0000 80B5     		push	{r7, lr}
  32              	.LCFI0:
  33              		.cfi_def_cfa_offset 8
  34              		.cfi_offset 7, -8
  35              		.cfi_offset 14, -4
  36 0002 00AF     		add	r7, sp, #0
  37              	.LCFI1:
  38              		.cfi_def_cfa_register 7
  73:../../../firmware/n32h7xx_std_periph_driver/src/n32h7xx_cordic.c ****     /* CORDIC peripheral reset */
  74:../../../firmware/n32h7xx_std_periph_driver/src/n32h7xx_cordic.c ****     RCC_EnableAHB2PeriphReset1(RCC_AHB2_PERIPHRST_CORDIC);
  39              		.loc 1 74 5
  40 0004 4FF48070 		mov	r0, #256
  41 0008 FFF7FEFF 		bl	RCC_EnableAHB2PeriphReset1
ARM GAS  /tmp/ccN7zFZK.s 			page 3


  75:../../../firmware/n32h7xx_std_periph_driver/src/n32h7xx_cordic.c **** }
  42              		.loc 1 75 1
  43 000c 00BF     		nop
  44 000e 80BD     		pop	{r7, pc}
  45              		.cfi_endproc
  46              	.LFE147:
  48              		.section	.text.CORDIC_Init,"ax",%progbits
  49              		.align	1
  50              		.global	CORDIC_Init
  51              		.syntax unified
  52              		.thumb
  53              		.thumb_func
  55              	CORDIC_Init:
  56              	.LFB148:
  76:../../../firmware/n32h7xx_std_periph_driver/src/n32h7xx_cordic.c **** 
  77:../../../firmware/n32h7xx_std_periph_driver/src/n32h7xx_cordic.c **** /**
  78:../../../firmware/n32h7xx_std_periph_driver/src/n32h7xx_cordic.c **** *\*\name    CORDIC_Init.
  79:../../../firmware/n32h7xx_std_periph_driver/src/n32h7xx_cordic.c **** *\*\fun     Initialize the CORDIC module with CORDIC_InitParam of type CORDIC_InitType.
  80:../../../firmware/n32h7xx_std_periph_driver/src/n32h7xx_cordic.c **** *\*\param   CORDIC_InitParam :
  81:../../../firmware/n32h7xx_std_periph_driver/src/n32h7xx_cordic.c **** *\*\          - Function
  82:../../../firmware/n32h7xx_std_periph_driver/src/n32h7xx_cordic.c **** *\*\            - CORDIC_FUNCTION_COSINE
  83:../../../firmware/n32h7xx_std_periph_driver/src/n32h7xx_cordic.c **** *\*\            - CORDIC_FUNCTION_SINE
  84:../../../firmware/n32h7xx_std_periph_driver/src/n32h7xx_cordic.c **** *\*\            - CORDIC_FUNCTION_PHASE
  85:../../../firmware/n32h7xx_std_periph_driver/src/n32h7xx_cordic.c **** *\*\            - CORDIC_FUNCTION_MODULUS
  86:../../../firmware/n32h7xx_std_periph_driver/src/n32h7xx_cordic.c **** *\*\            - CORDIC_FUNCTION_ARCTANGENT
  87:../../../firmware/n32h7xx_std_periph_driver/src/n32h7xx_cordic.c **** *\*\            - CORDIC_FUNCTION_HCOSINE
  88:../../../firmware/n32h7xx_std_periph_driver/src/n32h7xx_cordic.c **** *\*\            - CORDIC_FUNCTION_HSINE
  89:../../../firmware/n32h7xx_std_periph_driver/src/n32h7xx_cordic.c **** *\*\            - CORDIC_FUNCTION_HARCTANGENT
  90:../../../firmware/n32h7xx_std_periph_driver/src/n32h7xx_cordic.c **** *\*\            - CORDIC_FUNCTION_NATURALLOG
  91:../../../firmware/n32h7xx_std_periph_driver/src/n32h7xx_cordic.c **** *\*\            - CORDIC_FUNCTION_SQUAREROOT
  92:../../../firmware/n32h7xx_std_periph_driver/src/n32h7xx_cordic.c **** *\*\          - Precision
  93:../../../firmware/n32h7xx_std_periph_driver/src/n32h7xx_cordic.c **** *\*\            - CORDIC_PRECISION_1CYCLE
  94:../../../firmware/n32h7xx_std_periph_driver/src/n32h7xx_cordic.c **** *\*\            - CORDIC_PRECISION_2CYCLES
  95:../../../firmware/n32h7xx_std_periph_driver/src/n32h7xx_cordic.c **** *\*\            - CORDIC_PRECISION_3CYCLES
  96:../../../firmware/n32h7xx_std_periph_driver/src/n32h7xx_cordic.c **** *\*\            - CORDIC_PRECISION_4CYCLES
  97:../../../firmware/n32h7xx_std_periph_driver/src/n32h7xx_cordic.c **** *\*\            - CORDIC_PRECISION_5CYCLES
  98:../../../firmware/n32h7xx_std_periph_driver/src/n32h7xx_cordic.c **** *\*\            - CORDIC_PRECISION_6CYCLES
  99:../../../firmware/n32h7xx_std_periph_driver/src/n32h7xx_cordic.c **** *\*\            - CORDIC_PRECISION_7CYCLES
 100:../../../firmware/n32h7xx_std_periph_driver/src/n32h7xx_cordic.c **** *\*\            - CORDIC_PRECISION_8CYCLES
 101:../../../firmware/n32h7xx_std_periph_driver/src/n32h7xx_cordic.c **** *\*\            - CORDIC_PRECISION_9CYCLES
 102:../../../firmware/n32h7xx_std_periph_driver/src/n32h7xx_cordic.c **** *\*\            - CORDIC_PRECISION_10CYCLES
 103:../../../firmware/n32h7xx_std_periph_driver/src/n32h7xx_cordic.c **** *\*\            - CORDIC_PRECISION_11CYCLES
 104:../../../firmware/n32h7xx_std_periph_driver/src/n32h7xx_cordic.c **** *\*\            - CORDIC_PRECISION_12CYCLES
 105:../../../firmware/n32h7xx_std_periph_driver/src/n32h7xx_cordic.c **** *\*\            - CORDIC_PRECISION_13CYCLES
 106:../../../firmware/n32h7xx_std_periph_driver/src/n32h7xx_cordic.c **** *\*\            - CORDIC_PRECISION_14CYCLES
 107:../../../firmware/n32h7xx_std_periph_driver/src/n32h7xx_cordic.c **** *\*\            - CORDIC_PRECISION_15CYCLES
 108:../../../firmware/n32h7xx_std_periph_driver/src/n32h7xx_cordic.c **** *\*\          - Scale
 109:../../../firmware/n32h7xx_std_periph_driver/src/n32h7xx_cordic.c **** *\*\            - CORDIC_SCALE_0
 110:../../../firmware/n32h7xx_std_periph_driver/src/n32h7xx_cordic.c **** *\*\            - CORDIC_SCALE_1
 111:../../../firmware/n32h7xx_std_periph_driver/src/n32h7xx_cordic.c **** *\*\            - CORDIC_SCALE_2
 112:../../../firmware/n32h7xx_std_periph_driver/src/n32h7xx_cordic.c **** *\*\            - CORDIC_SCALE_3
 113:../../../firmware/n32h7xx_std_periph_driver/src/n32h7xx_cordic.c **** *\*\            - CORDIC_SCALE_4
 114:../../../firmware/n32h7xx_std_periph_driver/src/n32h7xx_cordic.c **** *\*\            - CORDIC_SCALE_5
 115:../../../firmware/n32h7xx_std_periph_driver/src/n32h7xx_cordic.c **** *\*\            - CORDIC_SCALE_6
 116:../../../firmware/n32h7xx_std_periph_driver/src/n32h7xx_cordic.c **** *\*\            - CORDIC_SCALE_7
 117:../../../firmware/n32h7xx_std_periph_driver/src/n32h7xx_cordic.c **** *\*\          - NbWrite
 118:../../../firmware/n32h7xx_std_periph_driver/src/n32h7xx_cordic.c **** *\*\            - CORDIC_NBWRITE_1
ARM GAS  /tmp/ccN7zFZK.s 			page 4


 119:../../../firmware/n32h7xx_std_periph_driver/src/n32h7xx_cordic.c **** *\*\            - CORDIC_NBWRITE_2
 120:../../../firmware/n32h7xx_std_periph_driver/src/n32h7xx_cordic.c **** *\*\          - NbRead
 121:../../../firmware/n32h7xx_std_periph_driver/src/n32h7xx_cordic.c **** *\*\            - CORDIC_NBREAD_1
 122:../../../firmware/n32h7xx_std_periph_driver/src/n32h7xx_cordic.c **** *\*\            - CORDIC_NBREAD_2
 123:../../../firmware/n32h7xx_std_periph_driver/src/n32h7xx_cordic.c **** *\*\          - InSize
 124:../../../firmware/n32h7xx_std_periph_driver/src/n32h7xx_cordic.c **** *\*\            - CORDIC_INSIZE_16BITS
 125:../../../firmware/n32h7xx_std_periph_driver/src/n32h7xx_cordic.c **** *\*\            - CORDIC_INSIZE_32BITS
 126:../../../firmware/n32h7xx_std_periph_driver/src/n32h7xx_cordic.c **** *\*\          - OutSize
 127:../../../firmware/n32h7xx_std_periph_driver/src/n32h7xx_cordic.c **** *\*\            - CORDIC_OUTSIZE_16BITS
 128:../../../firmware/n32h7xx_std_periph_driver/src/n32h7xx_cordic.c **** *\*\            - CORDIC_OUTSIZE_32BITS
 129:../../../firmware/n32h7xx_std_periph_driver/src/n32h7xx_cordic.c **** *\*\          - InSelect
 130:../../../firmware/n32h7xx_std_periph_driver/src/n32h7xx_cordic.c **** *\*\            - CORDIC_INPUT_FIX
 131:../../../firmware/n32h7xx_std_periph_driver/src/n32h7xx_cordic.c **** *\*\            - CORDIC_INPUT_FLOAT
 132:../../../firmware/n32h7xx_std_periph_driver/src/n32h7xx_cordic.c **** *\*\          - OutSelect
 133:../../../firmware/n32h7xx_std_periph_driver/src/n32h7xx_cordic.c **** *\*\            - CORDIC_OUTPUT_FIX
 134:../../../firmware/n32h7xx_std_periph_driver/src/n32h7xx_cordic.c **** *\*\            - CORDIC_OUTPUT_FLOAT
 135:../../../firmware/n32h7xx_std_periph_driver/src/n32h7xx_cordic.c **** *\*\          - CodinLimit
 136:../../../firmware/n32h7xx_std_periph_driver/src/n32h7xx_cordic.c **** *\*\            - CORDIC_CODIN_LIMIT_DISABLE
 137:../../../firmware/n32h7xx_std_periph_driver/src/n32h7xx_cordic.c **** *\*\            - CORDIC_CODIN_LIMIT_ENABLE
 138:../../../firmware/n32h7xx_std_periph_driver/src/n32h7xx_cordic.c **** *\*\          - PhaseLimit
 139:../../../firmware/n32h7xx_std_periph_driver/src/n32h7xx_cordic.c **** *\*\            - CORDIC_PHASE_LIMIT_DISABLE
 140:../../../firmware/n32h7xx_std_periph_driver/src/n32h7xx_cordic.c **** *\*\            - CORDIC_PHASE_LIMIT_ENABLE
 141:../../../firmware/n32h7xx_std_periph_driver/src/n32h7xx_cordic.c **** *\*\return  none
 142:../../../firmware/n32h7xx_std_periph_driver/src/n32h7xx_cordic.c **** **/
 143:../../../firmware/n32h7xx_std_periph_driver/src/n32h7xx_cordic.c **** void CORDIC_Init(CORDIC_InitType* CORDIC_InitParam)
 144:../../../firmware/n32h7xx_std_periph_driver/src/n32h7xx_cordic.c **** {
  57              		.loc 1 144 1
  58              		.cfi_startproc
  59              		@ args = 0, pretend = 0, frame = 16
  60              		@ frame_needed = 1, uses_anonymous_args = 0
  61              		@ link register save eliminated.
  62 0000 80B4     		push	{r7}
  63              	.LCFI2:
  64              		.cfi_def_cfa_offset 4
  65              		.cfi_offset 7, -4
  66 0002 85B0     		sub	sp, sp, #20
  67              	.LCFI3:
  68              		.cfi_def_cfa_offset 24
  69 0004 00AF     		add	r7, sp, #0
  70              	.LCFI4:
  71              		.cfi_def_cfa_register 7
  72 0006 7860     		str	r0, [r7, #4]
 145:../../../firmware/n32h7xx_std_periph_driver/src/n32h7xx_cordic.c ****     uint32_t TempValue;
 146:../../../firmware/n32h7xx_std_periph_driver/src/n32h7xx_cordic.c **** 
 147:../../../firmware/n32h7xx_std_periph_driver/src/n32h7xx_cordic.c ****     /* Configure the CORDIC_CTRLSTS register, including setting CODINLIMIT, PHASELIMIT,
 148:../../../firmware/n32h7xx_std_periph_driver/src/n32h7xx_cordic.c ****     FLOATOUT, FLOATIN, INSIZE, OUTSIZE, NUMWRITE, NUMREAD, SCALE[2:0], PRECISION[3:0],
 149:../../../firmware/n32h7xx_std_periph_driver/src/n32h7xx_cordic.c ****     FUNC[3:0] bits */
 150:../../../firmware/n32h7xx_std_periph_driver/src/n32h7xx_cordic.c ****     TempValue = ((CORDIC_InitParam->Function)  | (CORDIC_InitParam->Precision)
  73              		.loc 1 150 35
  74 0008 7B68     		ldr	r3, [r7, #4]
  75 000a 1A68     		ldr	r2, [r3]
  76              		.loc 1 150 67
  77 000c 7B68     		ldr	r3, [r7, #4]
  78 000e 5B68     		ldr	r3, [r3, #4]
  79              		.loc 1 150 48
  80 0010 1A43     		orrs	r2, r2, r3
 151:../../../firmware/n32h7xx_std_periph_driver/src/n32h7xx_cordic.c ****                | (CORDIC_InitParam->Scale)     | (CORDIC_InitParam->NbWrite)
ARM GAS  /tmp/ccN7zFZK.s 			page 5


  81              		.loc 1 151 35
  82 0012 7B68     		ldr	r3, [r7, #4]
  83 0014 9B68     		ldr	r3, [r3, #8]
  84              		.loc 1 151 16
  85 0016 1A43     		orrs	r2, r2, r3
  86              		.loc 1 151 67
  87 0018 7B68     		ldr	r3, [r7, #4]
  88 001a DB68     		ldr	r3, [r3, #12]
  89              		.loc 1 151 48
  90 001c 1A43     		orrs	r2, r2, r3
 152:../../../firmware/n32h7xx_std_periph_driver/src/n32h7xx_cordic.c ****                | (CORDIC_InitParam->NbRead)    | (CORDIC_InitParam->InSize)
  91              		.loc 1 152 35
  92 001e 7B68     		ldr	r3, [r7, #4]
  93 0020 1B69     		ldr	r3, [r3, #16]
  94              		.loc 1 152 16
  95 0022 1A43     		orrs	r2, r2, r3
  96              		.loc 1 152 67
  97 0024 7B68     		ldr	r3, [r7, #4]
  98 0026 5B69     		ldr	r3, [r3, #20]
  99              		.loc 1 152 48
 100 0028 1A43     		orrs	r2, r2, r3
 153:../../../firmware/n32h7xx_std_periph_driver/src/n32h7xx_cordic.c ****                | (CORDIC_InitParam->OutSize)   | (CORDIC_InitParam->InSelect)
 101              		.loc 1 153 35
 102 002a 7B68     		ldr	r3, [r7, #4]
 103 002c 9B69     		ldr	r3, [r3, #24]
 104              		.loc 1 153 16
 105 002e 1A43     		orrs	r2, r2, r3
 106              		.loc 1 153 67
 107 0030 7B68     		ldr	r3, [r7, #4]
 108 0032 DB69     		ldr	r3, [r3, #28]
 109              		.loc 1 153 48
 110 0034 1A43     		orrs	r2, r2, r3
 154:../../../firmware/n32h7xx_std_periph_driver/src/n32h7xx_cordic.c ****                | (CORDIC_InitParam->OutSelect) | (CORDIC_InitParam->CodinLimit)
 111              		.loc 1 154 35
 112 0036 7B68     		ldr	r3, [r7, #4]
 113 0038 1B6A     		ldr	r3, [r3, #32]
 114              		.loc 1 154 16
 115 003a 1A43     		orrs	r2, r2, r3
 116              		.loc 1 154 67
 117 003c 7B68     		ldr	r3, [r7, #4]
 118 003e 5B6A     		ldr	r3, [r3, #36]
 119              		.loc 1 154 48
 120 0040 1A43     		orrs	r2, r2, r3
 155:../../../firmware/n32h7xx_std_periph_driver/src/n32h7xx_cordic.c ****                | (CORDIC_InitParam->PhaseLimit));
 121              		.loc 1 155 35
 122 0042 7B68     		ldr	r3, [r7, #4]
 123 0044 9B6A     		ldr	r3, [r3, #40]
 150:../../../firmware/n32h7xx_std_periph_driver/src/n32h7xx_cordic.c ****                | (CORDIC_InitParam->Scale)     | (CORDIC_InitParam->NbWrite)
 124              		.loc 1 150 15
 125 0046 1343     		orrs	r3, r3, r2
 126 0048 FB60     		str	r3, [r7, #12]
 156:../../../firmware/n32h7xx_std_periph_driver/src/n32h7xx_cordic.c ****     
 157:../../../firmware/n32h7xx_std_periph_driver/src/n32h7xx_cordic.c ****     /* Write to CORDIC_CTRLSTS */
 158:../../../firmware/n32h7xx_std_periph_driver/src/n32h7xx_cordic.c ****     MODIFY_REG(CORDIC->CTRLSTS, CORDIC_CTRLSTS_MASK, TempValue);
 127              		.loc 1 158 5
 128 004a 064B     		ldr	r3, .L3
 129 004c 1A68     		ldr	r2, [r3]
ARM GAS  /tmp/ccN7zFZK.s 			page 6


 130 004e 064B     		ldr	r3, .L3+4
 131 0050 1340     		ands	r3, r3, r2
 132 0052 0449     		ldr	r1, .L3
 133 0054 FA68     		ldr	r2, [r7, #12]
 134 0056 1343     		orrs	r3, r3, r2
 135 0058 0B60     		str	r3, [r1]
 159:../../../firmware/n32h7xx_std_periph_driver/src/n32h7xx_cordic.c **** }
 136              		.loc 1 159 1
 137 005a 00BF     		nop
 138 005c 1437     		adds	r7, r7, #20
 139              	.LCFI5:
 140              		.cfi_def_cfa_offset 4
 141 005e BD46     		mov	sp, r7
 142              	.LCFI6:
 143              		.cfi_def_cfa_register 13
 144              		@ sp needed
 145 0060 80BC     		pop	{r7}
 146              	.LCFI7:
 147              		.cfi_restore 7
 148              		.cfi_def_cfa_offset 0
 149 0062 7047     		bx	lr
 150              	.L4:
 151              		.align	2
 152              	.L3:
 153 0064 00100F40 		.word	1074728960
 154 0068 00F807F8 		.word	-133695488
 155              		.cfi_endproc
 156              	.LFE148:
 158              		.section	.text.CORDIC_StructInit,"ax",%progbits
 159              		.align	1
 160              		.global	CORDIC_StructInit
 161              		.syntax unified
 162              		.thumb
 163              		.thumb_func
 165              	CORDIC_StructInit:
 166              	.LFB149:
 160:../../../firmware/n32h7xx_std_periph_driver/src/n32h7xx_cordic.c **** 
 161:../../../firmware/n32h7xx_std_periph_driver/src/n32h7xx_cordic.c **** /**
 162:../../../firmware/n32h7xx_std_periph_driver/src/n32h7xx_cordic.c **** *\*\name    CORDIC_StructInit.
 163:../../../firmware/n32h7xx_std_periph_driver/src/n32h7xx_cordic.c **** *\*\fun     Initializes the structure parameter of type CORDIC_InitType used to
 164:../../../firmware/n32h7xx_std_periph_driver/src/n32h7xx_cordic.c **** *\*\        initialize CORDIC. This function is usually called before initializing
 165:../../../firmware/n32h7xx_std_periph_driver/src/n32h7xx_cordic.c **** *\*\        a parameter of type CORDIC_InitType.
 166:../../../firmware/n32h7xx_std_periph_driver/src/n32h7xx_cordic.c **** *\*\param   CORDIC_InitParam :
 167:../../../firmware/n32h7xx_std_periph_driver/src/n32h7xx_cordic.c **** *\*\          - Function
 168:../../../firmware/n32h7xx_std_periph_driver/src/n32h7xx_cordic.c **** *\*\          - Precision
 169:../../../firmware/n32h7xx_std_periph_driver/src/n32h7xx_cordic.c **** *\*\          - Scale
 170:../../../firmware/n32h7xx_std_periph_driver/src/n32h7xx_cordic.c **** *\*\          - NbWrite
 171:../../../firmware/n32h7xx_std_periph_driver/src/n32h7xx_cordic.c **** *\*\          - NbRead
 172:../../../firmware/n32h7xx_std_periph_driver/src/n32h7xx_cordic.c **** *\*\          - InSize
 173:../../../firmware/n32h7xx_std_periph_driver/src/n32h7xx_cordic.c **** *\*\          - OutSize
 174:../../../firmware/n32h7xx_std_periph_driver/src/n32h7xx_cordic.c **** *\*\          - InSelect
 175:../../../firmware/n32h7xx_std_periph_driver/src/n32h7xx_cordic.c **** *\*\          - OutSelect
 176:../../../firmware/n32h7xx_std_periph_driver/src/n32h7xx_cordic.c **** *\*\          - CodinLimit
 177:../../../firmware/n32h7xx_std_periph_driver/src/n32h7xx_cordic.c **** *\*\          - PhaseLimit
 178:../../../firmware/n32h7xx_std_periph_driver/src/n32h7xx_cordic.c **** *\*\return  none
 179:../../../firmware/n32h7xx_std_periph_driver/src/n32h7xx_cordic.c **** **/
 180:../../../firmware/n32h7xx_std_periph_driver/src/n32h7xx_cordic.c **** void CORDIC_StructInit(CORDIC_InitType* CORDIC_InitParam)
ARM GAS  /tmp/ccN7zFZK.s 			page 7


 181:../../../firmware/n32h7xx_std_periph_driver/src/n32h7xx_cordic.c **** {
 167              		.loc 1 181 1
 168              		.cfi_startproc
 169              		@ args = 0, pretend = 0, frame = 8
 170              		@ frame_needed = 1, uses_anonymous_args = 0
 171              		@ link register save eliminated.
 172 0000 80B4     		push	{r7}
 173              	.LCFI8:
 174              		.cfi_def_cfa_offset 4
 175              		.cfi_offset 7, -4
 176 0002 83B0     		sub	sp, sp, #12
 177              	.LCFI9:
 178              		.cfi_def_cfa_offset 16
 179 0004 00AF     		add	r7, sp, #0
 180              	.LCFI10:
 181              		.cfi_def_cfa_register 7
 182 0006 7860     		str	r0, [r7, #4]
 182:../../../firmware/n32h7xx_std_periph_driver/src/n32h7xx_cordic.c ****     /** Set the default configuration **/
 183:../../../firmware/n32h7xx_std_periph_driver/src/n32h7xx_cordic.c **** 
 184:../../../firmware/n32h7xx_std_periph_driver/src/n32h7xx_cordic.c ****     /* Default Select the function: cosine */
 185:../../../firmware/n32h7xx_std_periph_driver/src/n32h7xx_cordic.c ****     CORDIC_InitParam->Function   = CORDIC_FUNCTION_COSINE;
 183              		.loc 1 185 34
 184 0008 7B68     		ldr	r3, [r7, #4]
 185 000a 0022     		movs	r2, #0
 186 000c 1A60     		str	r2, [r3]
 186:../../../firmware/n32h7xx_std_periph_driver/src/n32h7xx_cordic.c ****     /* Default Set the number of iterations: 5 */
 187:../../../firmware/n32h7xx_std_periph_driver/src/n32h7xx_cordic.c ****     CORDIC_InitParam->Precision  = CORDIC_PRECISION_5CYCLES;
 187              		.loc 1 187 34
 188 000e 7B68     		ldr	r3, [r7, #4]
 189 0010 5022     		movs	r2, #80
 190 0012 5A60     		str	r2, [r3, #4]
 188:../../../firmware/n32h7xx_std_periph_driver/src/n32h7xx_cordic.c ****     /* Default Select the Scaling Factor: 0 */
 189:../../../firmware/n32h7xx_std_periph_driver/src/n32h7xx_cordic.c ****     CORDIC_InitParam->Scale      = CORDIC_SCALE_0;
 191              		.loc 1 189 34
 192 0014 7B68     		ldr	r3, [r7, #4]
 193 0016 0022     		movs	r2, #0
 194 0018 9A60     		str	r2, [r3, #8]
 190:../../../firmware/n32h7xx_std_periph_driver/src/n32h7xx_cordic.c ****     /* Default Select the number of CORDIC_WDAT register to write: 1 */
 191:../../../firmware/n32h7xx_std_periph_driver/src/n32h7xx_cordic.c ****     CORDIC_InitParam->NbWrite    = CORDIC_NBWRITE_1;
 195              		.loc 1 191 34
 196 001a 7B68     		ldr	r3, [r7, #4]
 197 001c 0022     		movs	r2, #0
 198 001e DA60     		str	r2, [r3, #12]
 192:../../../firmware/n32h7xx_std_periph_driver/src/n32h7xx_cordic.c ****     /* Default Select the number of CORDIC_RDAT register to read: 1 */
 193:../../../firmware/n32h7xx_std_periph_driver/src/n32h7xx_cordic.c ****     CORDIC_InitParam->NbRead     = CORDIC_NBREAD_1;
 199              		.loc 1 193 34
 200 0020 7B68     		ldr	r3, [r7, #4]
 201 0022 0022     		movs	r2, #0
 202 0024 1A61     		str	r2, [r3, #16]
 194:../../../firmware/n32h7xx_std_periph_driver/src/n32h7xx_cordic.c ****     /* Default Select the input data width: 32bit */
 195:../../../firmware/n32h7xx_std_periph_driver/src/n32h7xx_cordic.c ****     CORDIC_InitParam->InSize     = CORDIC_INSIZE_32BITS;
 203              		.loc 1 195 34
 204 0026 7B68     		ldr	r3, [r7, #4]
 205 0028 0022     		movs	r2, #0
 206 002a 5A61     		str	r2, [r3, #20]
 196:../../../firmware/n32h7xx_std_periph_driver/src/n32h7xx_cordic.c ****     /* Default Select the output data width: 32bit */
 197:../../../firmware/n32h7xx_std_periph_driver/src/n32h7xx_cordic.c ****     CORDIC_InitParam->OutSize    = CORDIC_OUTSIZE_32BITS;
ARM GAS  /tmp/ccN7zFZK.s 			page 8


 207              		.loc 1 197 34
 208 002c 7B68     		ldr	r3, [r7, #4]
 209 002e 0022     		movs	r2, #0
 210 0030 9A61     		str	r2, [r3, #24]
 198:../../../firmware/n32h7xx_std_periph_driver/src/n32h7xx_cordic.c ****     /* Default Select the fixed-point input */
 199:../../../firmware/n32h7xx_std_periph_driver/src/n32h7xx_cordic.c ****     CORDIC_InitParam->InSelect   = CORDIC_INPUT_FIX;
 211              		.loc 1 199 34
 212 0032 7B68     		ldr	r3, [r7, #4]
 213 0034 0022     		movs	r2, #0
 214 0036 DA61     		str	r2, [r3, #28]
 200:../../../firmware/n32h7xx_std_periph_driver/src/n32h7xx_cordic.c ****     /* Default Select the fixed-point output */
 201:../../../firmware/n32h7xx_std_periph_driver/src/n32h7xx_cordic.c ****     CORDIC_InitParam->OutSelect  = CORDIC_OUTPUT_FIX;
 215              		.loc 1 201 34
 216 0038 7B68     		ldr	r3, [r7, #4]
 217 003a 0022     		movs	r2, #0
 218 003c 1A62     		str	r2, [r3, #32]
 202:../../../firmware/n32h7xx_std_periph_driver/src/n32h7xx_cordic.c ****     /* Default Disable Coordinate Limit function */
 203:../../../firmware/n32h7xx_std_periph_driver/src/n32h7xx_cordic.c ****     CORDIC_InitParam->CodinLimit = CORDIC_CODIN_LIMIT_DISABLE;
 219              		.loc 1 203 34
 220 003e 7B68     		ldr	r3, [r7, #4]
 221 0040 0022     		movs	r2, #0
 222 0042 5A62     		str	r2, [r3, #36]
 204:../../../firmware/n32h7xx_std_periph_driver/src/n32h7xx_cordic.c ****     /* Default Disable Phase Limit function */
 205:../../../firmware/n32h7xx_std_periph_driver/src/n32h7xx_cordic.c ****     CORDIC_InitParam->PhaseLimit = CORDIC_PHASE_LIMIT_DISABLE;
 223              		.loc 1 205 34
 224 0044 7B68     		ldr	r3, [r7, #4]
 225 0046 0022     		movs	r2, #0
 226 0048 9A62     		str	r2, [r3, #40]
 206:../../../firmware/n32h7xx_std_periph_driver/src/n32h7xx_cordic.c **** }
 227              		.loc 1 206 1
 228 004a 00BF     		nop
 229 004c 0C37     		adds	r7, r7, #12
 230              	.LCFI11:
 231              		.cfi_def_cfa_offset 4
 232 004e BD46     		mov	sp, r7
 233              	.LCFI12:
 234              		.cfi_def_cfa_register 13
 235              		@ sp needed
 236 0050 80BC     		pop	{r7}
 237              	.LCFI13:
 238              		.cfi_restore 7
 239              		.cfi_def_cfa_offset 0
 240 0052 7047     		bx	lr
 241              		.cfi_endproc
 242              	.LFE149:
 244              		.section	.text.CORDIC_InterruptCmd,"ax",%progbits
 245              		.align	1
 246              		.global	CORDIC_InterruptCmd
 247              		.syntax unified
 248              		.thumb
 249              		.thumb_func
 251              	CORDIC_InterruptCmd:
 252              	.LFB150:
 207:../../../firmware/n32h7xx_std_periph_driver/src/n32h7xx_cordic.c **** 
 208:../../../firmware/n32h7xx_std_periph_driver/src/n32h7xx_cordic.c **** /**
 209:../../../firmware/n32h7xx_std_periph_driver/src/n32h7xx_cordic.c **** *\*\name    CORDIC_InterruptCmd.
 210:../../../firmware/n32h7xx_std_periph_driver/src/n32h7xx_cordic.c **** *\*\fun     Enables or disables the specified CORDIC interrupts.
ARM GAS  /tmp/ccN7zFZK.s 			page 9


 211:../../../firmware/n32h7xx_std_periph_driver/src/n32h7xx_cordic.c **** *\*\param   Interrupt:
 212:../../../firmware/n32h7xx_std_periph_driver/src/n32h7xx_cordic.c **** *\*\          - CORDIC_INT
 213:../../../firmware/n32h7xx_std_periph_driver/src/n32h7xx_cordic.c **** *\*\          - CORDIC_INT_INOVERFLOW
 214:../../../firmware/n32h7xx_std_periph_driver/src/n32h7xx_cordic.c **** *\*\param   Cmd:
 215:../../../firmware/n32h7xx_std_periph_driver/src/n32h7xx_cordic.c **** *\*\          - ENABLE
 216:../../../firmware/n32h7xx_std_periph_driver/src/n32h7xx_cordic.c **** *\*\          - DISABLE
 217:../../../firmware/n32h7xx_std_periph_driver/src/n32h7xx_cordic.c **** *\*\return  none
 218:../../../firmware/n32h7xx_std_periph_driver/src/n32h7xx_cordic.c **** **/
 219:../../../firmware/n32h7xx_std_periph_driver/src/n32h7xx_cordic.c **** void CORDIC_InterruptCmd(uint32_t Interrupt, FunctionalStatus Cmd)
 220:../../../firmware/n32h7xx_std_periph_driver/src/n32h7xx_cordic.c **** {
 253              		.loc 1 220 1
 254              		.cfi_startproc
 255              		@ args = 0, pretend = 0, frame = 8
 256              		@ frame_needed = 1, uses_anonymous_args = 0
 257              		@ link register save eliminated.
 258 0000 80B4     		push	{r7}
 259              	.LCFI14:
 260              		.cfi_def_cfa_offset 4
 261              		.cfi_offset 7, -4
 262 0002 83B0     		sub	sp, sp, #12
 263              	.LCFI15:
 264              		.cfi_def_cfa_offset 16
 265 0004 00AF     		add	r7, sp, #0
 266              	.LCFI16:
 267              		.cfi_def_cfa_register 7
 268 0006 7860     		str	r0, [r7, #4]
 269 0008 0B46     		mov	r3, r1
 270 000a FB70     		strb	r3, [r7, #3]
 221:../../../firmware/n32h7xx_std_periph_driver/src/n32h7xx_cordic.c ****     if (Cmd != DISABLE)
 271              		.loc 1 221 8
 272 000c FB78     		ldrb	r3, [r7, #3]	@ zero_extendqisi2
 273 000e 002B     		cmp	r3, #0
 274 0010 06D0     		beq	.L7
 222:../../../firmware/n32h7xx_std_periph_driver/src/n32h7xx_cordic.c ****     {
 223:../../../firmware/n32h7xx_std_periph_driver/src/n32h7xx_cordic.c ****         /* Enable the selected CORDIC interrupt */
 224:../../../firmware/n32h7xx_std_periph_driver/src/n32h7xx_cordic.c ****         SET_BIT(CORDIC->CTRLSTS, Interrupt);
 275              		.loc 1 224 9
 276 0012 094B     		ldr	r3, .L10
 277 0014 1A68     		ldr	r2, [r3]
 278 0016 0849     		ldr	r1, .L10
 279 0018 7B68     		ldr	r3, [r7, #4]
 280 001a 1343     		orrs	r3, r3, r2
 281 001c 0B60     		str	r3, [r1]
 225:../../../firmware/n32h7xx_std_periph_driver/src/n32h7xx_cordic.c ****     }
 226:../../../firmware/n32h7xx_std_periph_driver/src/n32h7xx_cordic.c ****     else
 227:../../../firmware/n32h7xx_std_periph_driver/src/n32h7xx_cordic.c ****     {
 228:../../../firmware/n32h7xx_std_periph_driver/src/n32h7xx_cordic.c ****         /* Disable the selected CORDIC interrupt */
 229:../../../firmware/n32h7xx_std_periph_driver/src/n32h7xx_cordic.c ****         CLEAR_BIT(CORDIC->CTRLSTS, Interrupt);
 230:../../../firmware/n32h7xx_std_periph_driver/src/n32h7xx_cordic.c ****     }
 231:../../../firmware/n32h7xx_std_periph_driver/src/n32h7xx_cordic.c **** }
 282              		.loc 1 231 1
 283 001e 06E0     		b	.L9
 284              	.L7:
 229:../../../firmware/n32h7xx_std_periph_driver/src/n32h7xx_cordic.c ****     }
 285              		.loc 1 229 9
 286 0020 054B     		ldr	r3, .L10
 287 0022 1A68     		ldr	r2, [r3]
ARM GAS  /tmp/ccN7zFZK.s 			page 10


 288 0024 7B68     		ldr	r3, [r7, #4]
 289 0026 DB43     		mvns	r3, r3
 290 0028 0349     		ldr	r1, .L10
 291 002a 1340     		ands	r3, r3, r2
 292 002c 0B60     		str	r3, [r1]
 293              	.L9:
 294              		.loc 1 231 1
 295 002e 00BF     		nop
 296 0030 0C37     		adds	r7, r7, #12
 297              	.LCFI17:
 298              		.cfi_def_cfa_offset 4
 299 0032 BD46     		mov	sp, r7
 300              	.LCFI18:
 301              		.cfi_def_cfa_register 13
 302              		@ sp needed
 303 0034 80BC     		pop	{r7}
 304              	.LCFI19:
 305              		.cfi_restore 7
 306              		.cfi_def_cfa_offset 0
 307 0036 7047     		bx	lr
 308              	.L11:
 309              		.align	2
 310              	.L10:
 311 0038 00100F40 		.word	1074728960
 312              		.cfi_endproc
 313              	.LFE150:
 315              		.section	.text.CORDIC_DMAReadRequestCmd,"ax",%progbits
 316              		.align	1
 317              		.global	CORDIC_DMAReadRequestCmd
 318              		.syntax unified
 319              		.thumb
 320              		.thumb_func
 322              	CORDIC_DMAReadRequestCmd:
 323              	.LFB151:
 232:../../../firmware/n32h7xx_std_periph_driver/src/n32h7xx_cordic.c **** 
 233:../../../firmware/n32h7xx_std_periph_driver/src/n32h7xx_cordic.c **** /**
 234:../../../firmware/n32h7xx_std_periph_driver/src/n32h7xx_cordic.c **** *\*\name    CORDIC_DMAReadRequestCmd.
 235:../../../firmware/n32h7xx_std_periph_driver/src/n32h7xx_cordic.c **** *\*\fun     Enables or disables the CORDIC DMA read request.
 236:../../../firmware/n32h7xx_std_periph_driver/src/n32h7xx_cordic.c **** *\*\param   Cmd:
 237:../../../firmware/n32h7xx_std_periph_driver/src/n32h7xx_cordic.c **** *\*\          - ENABLE
 238:../../../firmware/n32h7xx_std_periph_driver/src/n32h7xx_cordic.c **** *\*\          - DISABLE
 239:../../../firmware/n32h7xx_std_periph_driver/src/n32h7xx_cordic.c **** *\*\return  none
 240:../../../firmware/n32h7xx_std_periph_driver/src/n32h7xx_cordic.c **** **/
 241:../../../firmware/n32h7xx_std_periph_driver/src/n32h7xx_cordic.c **** void CORDIC_DMAReadRequestCmd(FunctionalStatus Cmd)
 242:../../../firmware/n32h7xx_std_periph_driver/src/n32h7xx_cordic.c **** {
 324              		.loc 1 242 1
 325              		.cfi_startproc
 326              		@ args = 0, pretend = 0, frame = 8
 327              		@ frame_needed = 1, uses_anonymous_args = 0
 328              		@ link register save eliminated.
 329 0000 80B4     		push	{r7}
 330              	.LCFI20:
 331              		.cfi_def_cfa_offset 4
 332              		.cfi_offset 7, -4
 333 0002 83B0     		sub	sp, sp, #12
 334              	.LCFI21:
 335              		.cfi_def_cfa_offset 16
ARM GAS  /tmp/ccN7zFZK.s 			page 11


 336 0004 00AF     		add	r7, sp, #0
 337              	.LCFI22:
 338              		.cfi_def_cfa_register 7
 339 0006 0346     		mov	r3, r0
 340 0008 FB71     		strb	r3, [r7, #7]
 243:../../../firmware/n32h7xx_std_periph_driver/src/n32h7xx_cordic.c ****     if (Cmd != DISABLE)
 341              		.loc 1 243 8
 342 000a FB79     		ldrb	r3, [r7, #7]	@ zero_extendqisi2
 343 000c 002B     		cmp	r3, #0
 344 000e 06D0     		beq	.L13
 244:../../../firmware/n32h7xx_std_periph_driver/src/n32h7xx_cordic.c ****     {
 245:../../../firmware/n32h7xx_std_periph_driver/src/n32h7xx_cordic.c ****         /* Enable CORDIC DMA read request */
 246:../../../firmware/n32h7xx_std_periph_driver/src/n32h7xx_cordic.c ****         SET_BIT(CORDIC->CTRLSTS, CORDIC_CTRLSTS_DMAREN);
 345              		.loc 1 246 9
 346 0010 084B     		ldr	r3, .L16
 347 0012 1B68     		ldr	r3, [r3]
 348 0014 074A     		ldr	r2, .L16
 349 0016 43F40033 		orr	r3, r3, #131072
 350 001a 1360     		str	r3, [r2]
 247:../../../firmware/n32h7xx_std_periph_driver/src/n32h7xx_cordic.c ****     }
 248:../../../firmware/n32h7xx_std_periph_driver/src/n32h7xx_cordic.c ****     else
 249:../../../firmware/n32h7xx_std_periph_driver/src/n32h7xx_cordic.c ****     {
 250:../../../firmware/n32h7xx_std_periph_driver/src/n32h7xx_cordic.c ****         /* Disable CORDIC DMA read request */
 251:../../../firmware/n32h7xx_std_periph_driver/src/n32h7xx_cordic.c ****         CLEAR_BIT(CORDIC->CTRLSTS, CORDIC_CTRLSTS_DMAREN);
 252:../../../firmware/n32h7xx_std_periph_driver/src/n32h7xx_cordic.c ****     }
 253:../../../firmware/n32h7xx_std_periph_driver/src/n32h7xx_cordic.c **** }
 351              		.loc 1 253 1
 352 001c 05E0     		b	.L15
 353              	.L13:
 251:../../../firmware/n32h7xx_std_periph_driver/src/n32h7xx_cordic.c ****     }
 354              		.loc 1 251 9
 355 001e 054B     		ldr	r3, .L16
 356 0020 1B68     		ldr	r3, [r3]
 357 0022 044A     		ldr	r2, .L16
 358 0024 23F40033 		bic	r3, r3, #131072
 359 0028 1360     		str	r3, [r2]
 360              	.L15:
 361              		.loc 1 253 1
 362 002a 00BF     		nop
 363 002c 0C37     		adds	r7, r7, #12
 364              	.LCFI23:
 365              		.cfi_def_cfa_offset 4
 366 002e BD46     		mov	sp, r7
 367              	.LCFI24:
 368              		.cfi_def_cfa_register 13
 369              		@ sp needed
 370 0030 80BC     		pop	{r7}
 371              	.LCFI25:
 372              		.cfi_restore 7
 373              		.cfi_def_cfa_offset 0
 374 0032 7047     		bx	lr
 375              	.L17:
 376              		.align	2
 377              	.L16:
 378 0034 00100F40 		.word	1074728960
 379              		.cfi_endproc
 380              	.LFE151:
ARM GAS  /tmp/ccN7zFZK.s 			page 12


 382              		.section	.text.CORDIC_DMAWriteRequestCmd,"ax",%progbits
 383              		.align	1
 384              		.global	CORDIC_DMAWriteRequestCmd
 385              		.syntax unified
 386              		.thumb
 387              		.thumb_func
 389              	CORDIC_DMAWriteRequestCmd:
 390              	.LFB152:
 254:../../../firmware/n32h7xx_std_periph_driver/src/n32h7xx_cordic.c **** 
 255:../../../firmware/n32h7xx_std_periph_driver/src/n32h7xx_cordic.c **** /**
 256:../../../firmware/n32h7xx_std_periph_driver/src/n32h7xx_cordic.c **** *\*\name    CORDIC_DMAWriteRequestCmd.
 257:../../../firmware/n32h7xx_std_periph_driver/src/n32h7xx_cordic.c **** *\*\fun     Enables or disables the CORDIC DMA write request.
 258:../../../firmware/n32h7xx_std_periph_driver/src/n32h7xx_cordic.c **** *\*\param   Cmd:
 259:../../../firmware/n32h7xx_std_periph_driver/src/n32h7xx_cordic.c **** *\*\          - ENABLE
 260:../../../firmware/n32h7xx_std_periph_driver/src/n32h7xx_cordic.c **** *\*\          - DISABLE
 261:../../../firmware/n32h7xx_std_periph_driver/src/n32h7xx_cordic.c **** *\*\return  none
 262:../../../firmware/n32h7xx_std_periph_driver/src/n32h7xx_cordic.c **** **/
 263:../../../firmware/n32h7xx_std_periph_driver/src/n32h7xx_cordic.c **** void CORDIC_DMAWriteRequestCmd(FunctionalStatus Cmd)
 264:../../../firmware/n32h7xx_std_periph_driver/src/n32h7xx_cordic.c **** {
 391              		.loc 1 264 1
 392              		.cfi_startproc
 393              		@ args = 0, pretend = 0, frame = 8
 394              		@ frame_needed = 1, uses_anonymous_args = 0
 395              		@ link register save eliminated.
 396 0000 80B4     		push	{r7}
 397              	.LCFI26:
 398              		.cfi_def_cfa_offset 4
 399              		.cfi_offset 7, -4
 400 0002 83B0     		sub	sp, sp, #12
 401              	.LCFI27:
 402              		.cfi_def_cfa_offset 16
 403 0004 00AF     		add	r7, sp, #0
 404              	.LCFI28:
 405              		.cfi_def_cfa_register 7
 406 0006 0346     		mov	r3, r0
 407 0008 FB71     		strb	r3, [r7, #7]
 265:../../../firmware/n32h7xx_std_periph_driver/src/n32h7xx_cordic.c ****     if (Cmd != DISABLE)
 408              		.loc 1 265 8
 409 000a FB79     		ldrb	r3, [r7, #7]	@ zero_extendqisi2
 410 000c 002B     		cmp	r3, #0
 411 000e 06D0     		beq	.L19
 266:../../../firmware/n32h7xx_std_periph_driver/src/n32h7xx_cordic.c ****     {
 267:../../../firmware/n32h7xx_std_periph_driver/src/n32h7xx_cordic.c ****         /* Enable CORDIC DMA write request */
 268:../../../firmware/n32h7xx_std_periph_driver/src/n32h7xx_cordic.c ****         SET_BIT(CORDIC->CTRLSTS, CORDIC_CTRLSTS_DMAWEN);
 412              		.loc 1 268 9
 413 0010 084B     		ldr	r3, .L22
 414 0012 1B68     		ldr	r3, [r3]
 415 0014 074A     		ldr	r2, .L22
 416 0016 43F48023 		orr	r3, r3, #262144
 417 001a 1360     		str	r3, [r2]
 269:../../../firmware/n32h7xx_std_periph_driver/src/n32h7xx_cordic.c ****     }
 270:../../../firmware/n32h7xx_std_periph_driver/src/n32h7xx_cordic.c ****     else
 271:../../../firmware/n32h7xx_std_periph_driver/src/n32h7xx_cordic.c ****     {
 272:../../../firmware/n32h7xx_std_periph_driver/src/n32h7xx_cordic.c ****         /* Disable CORDIC DMA write request */
 273:../../../firmware/n32h7xx_std_periph_driver/src/n32h7xx_cordic.c ****         CLEAR_BIT(CORDIC->CTRLSTS, CORDIC_CTRLSTS_DMAWEN);
 274:../../../firmware/n32h7xx_std_periph_driver/src/n32h7xx_cordic.c ****     }
 275:../../../firmware/n32h7xx_std_periph_driver/src/n32h7xx_cordic.c **** }
ARM GAS  /tmp/ccN7zFZK.s 			page 13


 418              		.loc 1 275 1
 419 001c 05E0     		b	.L21
 420              	.L19:
 273:../../../firmware/n32h7xx_std_periph_driver/src/n32h7xx_cordic.c ****     }
 421              		.loc 1 273 9
 422 001e 054B     		ldr	r3, .L22
 423 0020 1B68     		ldr	r3, [r3]
 424 0022 044A     		ldr	r2, .L22
 425 0024 23F48023 		bic	r3, r3, #262144
 426 0028 1360     		str	r3, [r2]
 427              	.L21:
 428              		.loc 1 275 1
 429 002a 00BF     		nop
 430 002c 0C37     		adds	r7, r7, #12
 431              	.LCFI29:
 432              		.cfi_def_cfa_offset 4
 433 002e BD46     		mov	sp, r7
 434              	.LCFI30:
 435              		.cfi_def_cfa_register 13
 436              		@ sp needed
 437 0030 80BC     		pop	{r7}
 438              	.LCFI31:
 439              		.cfi_restore 7
 440              		.cfi_def_cfa_offset 0
 441 0032 7047     		bx	lr
 442              	.L23:
 443              		.align	2
 444              	.L22:
 445 0034 00100F40 		.word	1074728960
 446              		.cfi_endproc
 447              	.LFE152:
 449              		.section	.text.CORDIC_GetRegisterAddr,"ax",%progbits
 450              		.align	1
 451              		.global	CORDIC_GetRegisterAddr
 452              		.syntax unified
 453              		.thumb
 454              		.thumb_func
 456              	CORDIC_GetRegisterAddr:
 457              	.LFB153:
 276:../../../firmware/n32h7xx_std_periph_driver/src/n32h7xx_cordic.c **** 
 277:../../../firmware/n32h7xx_std_periph_driver/src/n32h7xx_cordic.c **** /**
 278:../../../firmware/n32h7xx_std_periph_driver/src/n32h7xx_cordic.c **** *\*\name    CORDIC_GetRegisterAddr.
 279:../../../firmware/n32h7xx_std_periph_driver/src/n32h7xx_cordic.c **** *\*\fun     Get the CORDIC data register address used for DMA transfer.
 280:../../../firmware/n32h7xx_std_periph_driver/src/n32h7xx_cordic.c **** *\*\param   Direction:
 281:../../../firmware/n32h7xx_std_periph_driver/src/n32h7xx_cordic.c **** *\*\          - CORDIC_AS_DMA_SRCADDR
 282:../../../firmware/n32h7xx_std_periph_driver/src/n32h7xx_cordic.c **** *\*\          - CORDIC_AS_DMA_DSTADDR
 283:../../../firmware/n32h7xx_std_periph_driver/src/n32h7xx_cordic.c **** *\*\return  Address of data register.
 284:../../../firmware/n32h7xx_std_periph_driver/src/n32h7xx_cordic.c **** **/
 285:../../../firmware/n32h7xx_std_periph_driver/src/n32h7xx_cordic.c **** uint32_t CORDIC_GetRegisterAddr(uint32_t Direction)
 286:../../../firmware/n32h7xx_std_periph_driver/src/n32h7xx_cordic.c **** {
 458              		.loc 1 286 1
 459              		.cfi_startproc
 460              		@ args = 0, pretend = 0, frame = 16
 461              		@ frame_needed = 1, uses_anonymous_args = 0
 462              		@ link register save eliminated.
 463 0000 80B4     		push	{r7}
 464              	.LCFI32:
ARM GAS  /tmp/ccN7zFZK.s 			page 14


 465              		.cfi_def_cfa_offset 4
 466              		.cfi_offset 7, -4
 467 0002 85B0     		sub	sp, sp, #20
 468              	.LCFI33:
 469              		.cfi_def_cfa_offset 24
 470 0004 00AF     		add	r7, sp, #0
 471              	.LCFI34:
 472              		.cfi_def_cfa_register 7
 473 0006 7860     		str	r0, [r7, #4]
 287:../../../firmware/n32h7xx_std_periph_driver/src/n32h7xx_cordic.c ****     uint32_t Address;
 288:../../../firmware/n32h7xx_std_periph_driver/src/n32h7xx_cordic.c **** 
 289:../../../firmware/n32h7xx_std_periph_driver/src/n32h7xx_cordic.c ****     /* Check the direction of transmission */
 290:../../../firmware/n32h7xx_std_periph_driver/src/n32h7xx_cordic.c ****     if (Direction == CORDIC_AS_DMA_DSTADDR)
 474              		.loc 1 290 8
 475 0008 7B68     		ldr	r3, [r7, #4]
 476 000a 012B     		cmp	r3, #1
 477 000c 02D1     		bne	.L25
 291:../../../firmware/n32h7xx_std_periph_driver/src/n32h7xx_cordic.c ****     {
 292:../../../firmware/n32h7xx_std_periph_driver/src/n32h7xx_cordic.c ****         /* Get address of WDAT register */
 293:../../../firmware/n32h7xx_std_periph_driver/src/n32h7xx_cordic.c ****         Address = (uint32_t) & (CORDIC->WDAT);
 478              		.loc 1 293 17
 479 000e 054B     		ldr	r3, .L28
 480 0010 FB60     		str	r3, [r7, #12]
 481 0012 01E0     		b	.L26
 482              	.L25:
 294:../../../firmware/n32h7xx_std_periph_driver/src/n32h7xx_cordic.c ****     }
 295:../../../firmware/n32h7xx_std_periph_driver/src/n32h7xx_cordic.c ****     else
 296:../../../firmware/n32h7xx_std_periph_driver/src/n32h7xx_cordic.c ****     {
 297:../../../firmware/n32h7xx_std_periph_driver/src/n32h7xx_cordic.c ****         /* Get address of RDAT register */
 298:../../../firmware/n32h7xx_std_periph_driver/src/n32h7xx_cordic.c ****         Address = (uint32_t) & (CORDIC->RDAT);
 483              		.loc 1 298 17
 484 0014 044B     		ldr	r3, .L28+4
 485 0016 FB60     		str	r3, [r7, #12]
 486              	.L26:
 299:../../../firmware/n32h7xx_std_periph_driver/src/n32h7xx_cordic.c ****     }
 300:../../../firmware/n32h7xx_std_periph_driver/src/n32h7xx_cordic.c **** 
 301:../../../firmware/n32h7xx_std_periph_driver/src/n32h7xx_cordic.c ****     /* Return address value */
 302:../../../firmware/n32h7xx_std_periph_driver/src/n32h7xx_cordic.c ****     return Address;
 487              		.loc 1 302 12
 488 0018 FB68     		ldr	r3, [r7, #12]
 303:../../../firmware/n32h7xx_std_periph_driver/src/n32h7xx_cordic.c **** }
 489              		.loc 1 303 1
 490 001a 1846     		mov	r0, r3
 491 001c 1437     		adds	r7, r7, #20
 492              	.LCFI35:
 493              		.cfi_def_cfa_offset 4
 494 001e BD46     		mov	sp, r7
 495              	.LCFI36:
 496              		.cfi_def_cfa_register 13
 497              		@ sp needed
 498 0020 80BC     		pop	{r7}
 499              	.LCFI37:
 500              		.cfi_restore 7
 501              		.cfi_def_cfa_offset 0
 502 0022 7047     		bx	lr
 503              	.L29:
 504              		.align	2
ARM GAS  /tmp/ccN7zFZK.s 			page 15


 505              	.L28:
 506 0024 04100F40 		.word	1074728964
 507 0028 08100F40 		.word	1074728968
 508              		.cfi_endproc
 509              	.LFE153:
 511              		.section	.text.CORDIC_WriteData,"ax",%progbits
 512              		.align	1
 513              		.global	CORDIC_WriteData
 514              		.syntax unified
 515              		.thumb
 516              		.thumb_func
 518              	CORDIC_WriteData:
 519              	.LFB154:
 304:../../../firmware/n32h7xx_std_periph_driver/src/n32h7xx_cordic.c **** 
 305:../../../firmware/n32h7xx_std_periph_driver/src/n32h7xx_cordic.c **** /**
 306:../../../firmware/n32h7xx_std_periph_driver/src/n32h7xx_cordic.c **** *\*\name    CORDIC_WriteData.
 307:../../../firmware/n32h7xx_std_periph_driver/src/n32h7xx_cordic.c **** *\*\fun     Write 32-bit input data for the CORDIC processing.
 308:../../../firmware/n32h7xx_std_periph_driver/src/n32h7xx_cordic.c **** *\*\param   pInData :
 309:../../../firmware/n32h7xx_std_periph_driver/src/n32h7xx_cordic.c **** *\*\          - Points to the address of input data
 310:../../../firmware/n32h7xx_std_periph_driver/src/n32h7xx_cordic.c **** *\*\return  none
 311:../../../firmware/n32h7xx_std_periph_driver/src/n32h7xx_cordic.c **** **/
 312:../../../firmware/n32h7xx_std_periph_driver/src/n32h7xx_cordic.c **** void CORDIC_WriteData(uint32_t *pInData)
 313:../../../firmware/n32h7xx_std_periph_driver/src/n32h7xx_cordic.c **** {
 520              		.loc 1 313 1
 521              		.cfi_startproc
 522              		@ args = 0, pretend = 0, frame = 8
 523              		@ frame_needed = 1, uses_anonymous_args = 0
 524              		@ link register save eliminated.
 525 0000 80B4     		push	{r7}
 526              	.LCFI38:
 527              		.cfi_def_cfa_offset 4
 528              		.cfi_offset 7, -4
 529 0002 83B0     		sub	sp, sp, #12
 530              	.LCFI39:
 531              		.cfi_def_cfa_offset 16
 532 0004 00AF     		add	r7, sp, #0
 533              	.LCFI40:
 534              		.cfi_def_cfa_register 7
 535 0006 7860     		str	r0, [r7, #4]
 314:../../../firmware/n32h7xx_std_periph_driver/src/n32h7xx_cordic.c ****     /* Write WDAT register */
 315:../../../firmware/n32h7xx_std_periph_driver/src/n32h7xx_cordic.c ****     WRITE_REG(CORDIC->WDAT, *pInData);
 536              		.loc 1 315 5
 537 0008 044A     		ldr	r2, .L31
 538 000a 7B68     		ldr	r3, [r7, #4]
 539 000c 1B68     		ldr	r3, [r3]
 540 000e 5360     		str	r3, [r2, #4]
 316:../../../firmware/n32h7xx_std_periph_driver/src/n32h7xx_cordic.c **** }
 541              		.loc 1 316 1
 542 0010 00BF     		nop
 543 0012 0C37     		adds	r7, r7, #12
 544              	.LCFI41:
 545              		.cfi_def_cfa_offset 4
 546 0014 BD46     		mov	sp, r7
 547              	.LCFI42:
 548              		.cfi_def_cfa_register 13
 549              		@ sp needed
 550 0016 80BC     		pop	{r7}
ARM GAS  /tmp/ccN7zFZK.s 			page 16


 551              	.LCFI43:
 552              		.cfi_restore 7
 553              		.cfi_def_cfa_offset 0
 554 0018 7047     		bx	lr
 555              	.L32:
 556 001a 00BF     		.align	2
 557              	.L31:
 558 001c 00100F40 		.word	1074728960
 559              		.cfi_endproc
 560              	.LFE154:
 562              		.section	.text.CORDIC_ReadData,"ax",%progbits
 563              		.align	1
 564              		.global	CORDIC_ReadData
 565              		.syntax unified
 566              		.thumb
 567              		.thumb_func
 569              	CORDIC_ReadData:
 570              	.LFB155:
 317:../../../firmware/n32h7xx_std_periph_driver/src/n32h7xx_cordic.c **** 
 318:../../../firmware/n32h7xx_std_periph_driver/src/n32h7xx_cordic.c **** /**
 319:../../../firmware/n32h7xx_std_periph_driver/src/n32h7xx_cordic.c **** *\*\name    CORDIC_ReadData.
 320:../../../firmware/n32h7xx_std_periph_driver/src/n32h7xx_cordic.c **** *\*\fun     Return 32-bit output data of CORDIC processing.
 321:../../../firmware/n32h7xx_std_periph_driver/src/n32h7xx_cordic.c **** *\*\param   pOutData :
 322:../../../firmware/n32h7xx_std_periph_driver/src/n32h7xx_cordic.c **** *\*\          - Points to the address where the output data is stored
 323:../../../firmware/n32h7xx_std_periph_driver/src/n32h7xx_cordic.c **** *\*\return  none.
 324:../../../firmware/n32h7xx_std_periph_driver/src/n32h7xx_cordic.c **** **/
 325:../../../firmware/n32h7xx_std_periph_driver/src/n32h7xx_cordic.c **** void CORDIC_ReadData(uint32_t *pOutData)
 326:../../../firmware/n32h7xx_std_periph_driver/src/n32h7xx_cordic.c **** {
 571              		.loc 1 326 1
 572              		.cfi_startproc
 573              		@ args = 0, pretend = 0, frame = 8
 574              		@ frame_needed = 1, uses_anonymous_args = 0
 575              		@ link register save eliminated.
 576 0000 80B4     		push	{r7}
 577              	.LCFI44:
 578              		.cfi_def_cfa_offset 4
 579              		.cfi_offset 7, -4
 580 0002 83B0     		sub	sp, sp, #12
 581              	.LCFI45:
 582              		.cfi_def_cfa_offset 16
 583 0004 00AF     		add	r7, sp, #0
 584              	.LCFI46:
 585              		.cfi_def_cfa_register 7
 586 0006 7860     		str	r0, [r7, #4]
 327:../../../firmware/n32h7xx_std_periph_driver/src/n32h7xx_cordic.c ****     /* Read RDAT register */
 328:../../../firmware/n32h7xx_std_periph_driver/src/n32h7xx_cordic.c ****     *pOutData = READ_REG(CORDIC->RDAT);
 587              		.loc 1 328 17
 588 0008 044B     		ldr	r3, .L34
 589 000a 9A68     		ldr	r2, [r3, #8]
 590              		.loc 1 328 15
 591 000c 7B68     		ldr	r3, [r7, #4]
 592 000e 1A60     		str	r2, [r3]
 329:../../../firmware/n32h7xx_std_periph_driver/src/n32h7xx_cordic.c **** }
 593              		.loc 1 329 1
 594 0010 00BF     		nop
 595 0012 0C37     		adds	r7, r7, #12
 596              	.LCFI47:
ARM GAS  /tmp/ccN7zFZK.s 			page 17


 597              		.cfi_def_cfa_offset 4
 598 0014 BD46     		mov	sp, r7
 599              	.LCFI48:
 600              		.cfi_def_cfa_register 13
 601              		@ sp needed
 602 0016 80BC     		pop	{r7}
 603              	.LCFI49:
 604              		.cfi_restore 7
 605              		.cfi_def_cfa_offset 0
 606 0018 7047     		bx	lr
 607              	.L35:
 608 001a 00BF     		.align	2
 609              	.L34:
 610 001c 00100F40 		.word	1074728960
 611              		.cfi_endproc
 612              	.LFE155:
 614              		.section	.text.CORDIC_GetFlagStatus,"ax",%progbits
 615              		.align	1
 616              		.global	CORDIC_GetFlagStatus
 617              		.syntax unified
 618              		.thumb
 619              		.thumb_func
 621              	CORDIC_GetFlagStatus:
 622              	.LFB156:
 330:../../../firmware/n32h7xx_std_periph_driver/src/n32h7xx_cordic.c **** 
 331:../../../firmware/n32h7xx_std_periph_driver/src/n32h7xx_cordic.c **** /**
 332:../../../firmware/n32h7xx_std_periph_driver/src/n32h7xx_cordic.c **** *\*\name    CORDIC_GetFlagStatus.
 333:../../../firmware/n32h7xx_std_periph_driver/src/n32h7xx_cordic.c **** *\*\fun     Checks whether the specified CORDIC flag is set or not.
 334:../../../firmware/n32h7xx_std_periph_driver/src/n32h7xx_cordic.c **** *\*\param   Flag:
 335:../../../firmware/n32h7xx_std_periph_driver/src/n32h7xx_cordic.c **** *\*\          - CORDIC_FLAG_RRF
 336:../../../firmware/n32h7xx_std_periph_driver/src/n32h7xx_cordic.c **** *\*\          - CORDIC_FLAG_INOVF
 337:../../../firmware/n32h7xx_std_periph_driver/src/n32h7xx_cordic.c **** *\*\          - CORDIC_FLAG_DMAWENF
 338:../../../firmware/n32h7xx_std_periph_driver/src/n32h7xx_cordic.c **** *\*\          - CORDIC_FLAG_DMARENF
 339:../../../firmware/n32h7xx_std_periph_driver/src/n32h7xx_cordic.c **** *\*\          - CORDIC_FLAG_INTENF
 340:../../../firmware/n32h7xx_std_periph_driver/src/n32h7xx_cordic.c **** *\*\          - CORDIC_FLAG_INOVINTENF
 341:../../../firmware/n32h7xx_std_periph_driver/src/n32h7xx_cordic.c **** *\*\return  FlagStatus:
 342:../../../firmware/n32h7xx_std_periph_driver/src/n32h7xx_cordic.c **** *\*\          - RESET : Corresponding flag bit is reset
 343:../../../firmware/n32h7xx_std_periph_driver/src/n32h7xx_cordic.c **** *\*\          - SET   : Corresponding flag bit is set
 344:../../../firmware/n32h7xx_std_periph_driver/src/n32h7xx_cordic.c **** **/
 345:../../../firmware/n32h7xx_std_periph_driver/src/n32h7xx_cordic.c **** FlagStatus CORDIC_GetFlagStatus(uint32_t Flag)
 346:../../../firmware/n32h7xx_std_periph_driver/src/n32h7xx_cordic.c **** {
 623              		.loc 1 346 1
 624              		.cfi_startproc
 625              		@ args = 0, pretend = 0, frame = 16
 626              		@ frame_needed = 1, uses_anonymous_args = 0
 627              		@ link register save eliminated.
 628 0000 80B4     		push	{r7}
 629              	.LCFI50:
 630              		.cfi_def_cfa_offset 4
 631              		.cfi_offset 7, -4
 632 0002 85B0     		sub	sp, sp, #20
 633              	.LCFI51:
 634              		.cfi_def_cfa_offset 24
 635 0004 00AF     		add	r7, sp, #0
 636              	.LCFI52:
 637              		.cfi_def_cfa_register 7
 638 0006 7860     		str	r0, [r7, #4]
ARM GAS  /tmp/ccN7zFZK.s 			page 18


 347:../../../firmware/n32h7xx_std_periph_driver/src/n32h7xx_cordic.c ****     FlagStatus Status;
 348:../../../firmware/n32h7xx_std_periph_driver/src/n32h7xx_cordic.c **** 
 349:../../../firmware/n32h7xx_std_periph_driver/src/n32h7xx_cordic.c ****     /* Read and return the status of the corresponding flag bits */
 350:../../../firmware/n32h7xx_std_periph_driver/src/n32h7xx_cordic.c ****     if(READ_BIT(CORDIC->CTRLSTS, Flag) != (uint32_t)RESET)
 639              		.loc 1 350 8
 640 0008 084B     		ldr	r3, .L40
 641 000a 1A68     		ldr	r2, [r3]
 642 000c 7B68     		ldr	r3, [r7, #4]
 643 000e 1340     		ands	r3, r3, r2
 644              		.loc 1 350 7
 645 0010 002B     		cmp	r3, #0
 646 0012 02D0     		beq	.L37
 351:../../../firmware/n32h7xx_std_periph_driver/src/n32h7xx_cordic.c ****     {
 352:../../../firmware/n32h7xx_std_periph_driver/src/n32h7xx_cordic.c ****         /* Flag is set */
 353:../../../firmware/n32h7xx_std_periph_driver/src/n32h7xx_cordic.c ****         Status = SET;
 647              		.loc 1 353 16
 648 0014 0123     		movs	r3, #1
 649 0016 FB73     		strb	r3, [r7, #15]
 650 0018 01E0     		b	.L38
 651              	.L37:
 354:../../../firmware/n32h7xx_std_periph_driver/src/n32h7xx_cordic.c ****     }
 355:../../../firmware/n32h7xx_std_periph_driver/src/n32h7xx_cordic.c ****     else
 356:../../../firmware/n32h7xx_std_periph_driver/src/n32h7xx_cordic.c ****     {
 357:../../../firmware/n32h7xx_std_periph_driver/src/n32h7xx_cordic.c ****         /* Flag is reset */
 358:../../../firmware/n32h7xx_std_periph_driver/src/n32h7xx_cordic.c ****         Status = RESET;
 652              		.loc 1 358 16
 653 001a 0023     		movs	r3, #0
 654 001c FB73     		strb	r3, [r7, #15]
 655              	.L38:
 359:../../../firmware/n32h7xx_std_periph_driver/src/n32h7xx_cordic.c ****     }
 360:../../../firmware/n32h7xx_std_periph_driver/src/n32h7xx_cordic.c **** 
 361:../../../firmware/n32h7xx_std_periph_driver/src/n32h7xx_cordic.c ****     /* Return flag status */
 362:../../../firmware/n32h7xx_std_periph_driver/src/n32h7xx_cordic.c ****     return Status;
 656              		.loc 1 362 12
 657 001e FB7B     		ldrb	r3, [r7, #15]	@ zero_extendqisi2
 363:../../../firmware/n32h7xx_std_periph_driver/src/n32h7xx_cordic.c **** }
 658              		.loc 1 363 1
 659 0020 1846     		mov	r0, r3
 660 0022 1437     		adds	r7, r7, #20
 661              	.LCFI53:
 662              		.cfi_def_cfa_offset 4
 663 0024 BD46     		mov	sp, r7
 664              	.LCFI54:
 665              		.cfi_def_cfa_register 13
 666              		@ sp needed
 667 0026 80BC     		pop	{r7}
 668              	.LCFI55:
 669              		.cfi_restore 7
 670              		.cfi_def_cfa_offset 0
 671 0028 7047     		bx	lr
 672              	.L41:
 673 002a 00BF     		.align	2
 674              	.L40:
 675 002c 00100F40 		.word	1074728960
 676              		.cfi_endproc
 677              	.LFE156:
 679              		.section	.text.CORDIC_ClearStatusFlag,"ax",%progbits
ARM GAS  /tmp/ccN7zFZK.s 			page 19


 680              		.align	1
 681              		.global	CORDIC_ClearStatusFlag
 682              		.syntax unified
 683              		.thumb
 684              		.thumb_func
 686              	CORDIC_ClearStatusFlag:
 687              	.LFB157:
 364:../../../firmware/n32h7xx_std_periph_driver/src/n32h7xx_cordic.c **** 
 365:../../../firmware/n32h7xx_std_periph_driver/src/n32h7xx_cordic.c **** /**
 366:../../../firmware/n32h7xx_std_periph_driver/src/n32h7xx_cordic.c **** *\*\name    CORDIC_ClearStatusFlag.
 367:../../../firmware/n32h7xx_std_periph_driver/src/n32h7xx_cordic.c **** *\*\fun     Clears the pending flag for the CORDIC.
 368:../../../firmware/n32h7xx_std_periph_driver/src/n32h7xx_cordic.c **** *\*\param   Flag :
 369:../../../firmware/n32h7xx_std_periph_driver/src/n32h7xx_cordic.c **** *\*\          - CORDIC_FLAG_INOVF
 370:../../../firmware/n32h7xx_std_periph_driver/src/n32h7xx_cordic.c **** *\*\          - CORDIC_FLAG_DMAWENF
 371:../../../firmware/n32h7xx_std_periph_driver/src/n32h7xx_cordic.c **** *\*\          - CORDIC_FLAG_DMARENF
 372:../../../firmware/n32h7xx_std_periph_driver/src/n32h7xx_cordic.c **** *\*\          - CORDIC_FLAG_INTENF
 373:../../../firmware/n32h7xx_std_periph_driver/src/n32h7xx_cordic.c **** *\*\          - CORDIC_FLAG_INOVINTENF
 374:../../../firmware/n32h7xx_std_periph_driver/src/n32h7xx_cordic.c **** *\*\return  none
 375:../../../firmware/n32h7xx_std_periph_driver/src/n32h7xx_cordic.c **** *\*\note    The RRF flag cannot be cleared by a call to this function;
 376:../../../firmware/n32h7xx_std_periph_driver/src/n32h7xx_cordic.c **** *\*\        the RRF flag is cleared by hardware when reading the data
 377:../../../firmware/n32h7xx_std_periph_driver/src/n32h7xx_cordic.c **** *\*\        register is complete.
 378:../../../firmware/n32h7xx_std_periph_driver/src/n32h7xx_cordic.c **** **/
 379:../../../firmware/n32h7xx_std_periph_driver/src/n32h7xx_cordic.c **** void CORDIC_ClearStatusFlag(uint32_t Flag)
 380:../../../firmware/n32h7xx_std_periph_driver/src/n32h7xx_cordic.c **** {
 688              		.loc 1 380 1
 689              		.cfi_startproc
 690              		@ args = 0, pretend = 0, frame = 8
 691              		@ frame_needed = 1, uses_anonymous_args = 0
 692              		@ link register save eliminated.
 693 0000 80B4     		push	{r7}
 694              	.LCFI56:
 695              		.cfi_def_cfa_offset 4
 696              		.cfi_offset 7, -4
 697 0002 83B0     		sub	sp, sp, #12
 698              	.LCFI57:
 699              		.cfi_def_cfa_offset 16
 700 0004 00AF     		add	r7, sp, #0
 701              	.LCFI58:
 702              		.cfi_def_cfa_register 7
 703 0006 7860     		str	r0, [r7, #4]
 381:../../../firmware/n32h7xx_std_periph_driver/src/n32h7xx_cordic.c ****     if (Flag == CORDIC_FLAG_INOVF)
 704              		.loc 1 381 8
 705 0008 7B68     		ldr	r3, [r7, #4]
 706 000a B3F1804F 		cmp	r3, #1073741824
 707 000e 06D1     		bne	.L43
 382:../../../firmware/n32h7xx_std_periph_driver/src/n32h7xx_cordic.c ****     {
 383:../../../firmware/n32h7xx_std_periph_driver/src/n32h7xx_cordic.c ****         /* Clear the input parameter overflow flag */
 384:../../../firmware/n32h7xx_std_periph_driver/src/n32h7xx_cordic.c ****         SET_BIT(CORDIC->CTRLSTS, Flag);
 708              		.loc 1 384 9
 709 0010 094B     		ldr	r3, .L46
 710 0012 1A68     		ldr	r2, [r3]
 711 0014 0849     		ldr	r1, .L46
 712 0016 7B68     		ldr	r3, [r7, #4]
 713 0018 1343     		orrs	r3, r3, r2
 714 001a 0B60     		str	r3, [r1]
 385:../../../firmware/n32h7xx_std_periph_driver/src/n32h7xx_cordic.c ****     }
 386:../../../firmware/n32h7xx_std_periph_driver/src/n32h7xx_cordic.c ****     else
ARM GAS  /tmp/ccN7zFZK.s 			page 20


 387:../../../firmware/n32h7xx_std_periph_driver/src/n32h7xx_cordic.c ****     {
 388:../../../firmware/n32h7xx_std_periph_driver/src/n32h7xx_cordic.c ****         /* Clear other flags except RRF */
 389:../../../firmware/n32h7xx_std_periph_driver/src/n32h7xx_cordic.c ****         CLEAR_BIT(CORDIC->CTRLSTS, Flag);
 390:../../../firmware/n32h7xx_std_periph_driver/src/n32h7xx_cordic.c ****     }
 391:../../../firmware/n32h7xx_std_periph_driver/src/n32h7xx_cordic.c **** }
 715              		.loc 1 391 1
 716 001c 06E0     		b	.L45
 717              	.L43:
 389:../../../firmware/n32h7xx_std_periph_driver/src/n32h7xx_cordic.c ****     }
 718              		.loc 1 389 9
 719 001e 064B     		ldr	r3, .L46
 720 0020 1A68     		ldr	r2, [r3]
 721 0022 7B68     		ldr	r3, [r7, #4]
 722 0024 DB43     		mvns	r3, r3
 723 0026 0449     		ldr	r1, .L46
 724 0028 1340     		ands	r3, r3, r2
 725 002a 0B60     		str	r3, [r1]
 726              	.L45:
 727              		.loc 1 391 1
 728 002c 00BF     		nop
 729 002e 0C37     		adds	r7, r7, #12
 730              	.LCFI59:
 731              		.cfi_def_cfa_offset 4
 732 0030 BD46     		mov	sp, r7
 733              	.LCFI60:
 734              		.cfi_def_cfa_register 13
 735              		@ sp needed
 736 0032 80BC     		pop	{r7}
 737              	.LCFI61:
 738              		.cfi_restore 7
 739              		.cfi_def_cfa_offset 0
 740 0034 7047     		bx	lr
 741              	.L47:
 742 0036 00BF     		.align	2
 743              	.L46:
 744 0038 00100F40 		.word	1074728960
 745              		.cfi_endproc
 746              	.LFE157:
 748              		.text
 749              	.Letext0:
 750              		.file 2 "/usr/lib/gcc/arm-none-eabi/13.2.1/include/stdint.h"
 751              		.file 3 "../../../firmware/CMSIS/device/n32h7xx.h"
 752              		.file 4 "../../../firmware/n32h7xx_std_periph_driver/inc/n32h7xx_cordic.h"
 753              		.file 5 "../../../firmware/n32h7xx_std_periph_driver/inc/n32h7xx_rcc.h"
ARM GAS  /tmp/ccN7zFZK.s 			page 21


DEFINED SYMBOLS
                            *ABS*:00000000 n32h7xx_cordic.c
     /tmp/ccN7zFZK.s:19     .text.CORDIC_DeInit:00000000 $t
     /tmp/ccN7zFZK.s:25     .text.CORDIC_DeInit:00000000 CORDIC_DeInit
     /tmp/ccN7zFZK.s:49     .text.CORDIC_Init:00000000 $t
     /tmp/ccN7zFZK.s:55     .text.CORDIC_Init:00000000 CORDIC_Init
     /tmp/ccN7zFZK.s:153    .text.CORDIC_Init:00000064 $d
     /tmp/ccN7zFZK.s:159    .text.CORDIC_StructInit:00000000 $t
     /tmp/ccN7zFZK.s:165    .text.CORDIC_StructInit:00000000 CORDIC_StructInit
     /tmp/ccN7zFZK.s:245    .text.CORDIC_InterruptCmd:00000000 $t
     /tmp/ccN7zFZK.s:251    .text.CORDIC_InterruptCmd:00000000 CORDIC_InterruptCmd
     /tmp/ccN7zFZK.s:311    .text.CORDIC_InterruptCmd:00000038 $d
     /tmp/ccN7zFZK.s:316    .text.CORDIC_DMAReadRequestCmd:00000000 $t
     /tmp/ccN7zFZK.s:322    .text.CORDIC_DMAReadRequestCmd:00000000 CORDIC_DMAReadRequestCmd
     /tmp/ccN7zFZK.s:378    .text.CORDIC_DMAReadRequestCmd:00000034 $d
     /tmp/ccN7zFZK.s:383    .text.CORDIC_DMAWriteRequestCmd:00000000 $t
     /tmp/ccN7zFZK.s:389    .text.CORDIC_DMAWriteRequestCmd:00000000 CORDIC_DMAWriteRequestCmd
     /tmp/ccN7zFZK.s:445    .text.CORDIC_DMAWriteRequestCmd:00000034 $d
     /tmp/ccN7zFZK.s:450    .text.CORDIC_GetRegisterAddr:00000000 $t
     /tmp/ccN7zFZK.s:456    .text.CORDIC_GetRegisterAddr:00000000 CORDIC_GetRegisterAddr
     /tmp/ccN7zFZK.s:506    .text.CORDIC_GetRegisterAddr:00000024 $d
     /tmp/ccN7zFZK.s:512    .text.CORDIC_WriteData:00000000 $t
     /tmp/ccN7zFZK.s:518    .text.CORDIC_WriteData:00000000 CORDIC_WriteData
     /tmp/ccN7zFZK.s:558    .text.CORDIC_WriteData:0000001c $d
     /tmp/ccN7zFZK.s:563    .text.CORDIC_ReadData:00000000 $t
     /tmp/ccN7zFZK.s:569    .text.CORDIC_ReadData:00000000 CORDIC_ReadData
     /tmp/ccN7zFZK.s:610    .text.CORDIC_ReadData:0000001c $d
     /tmp/ccN7zFZK.s:615    .text.CORDIC_GetFlagStatus:00000000 $t
     /tmp/ccN7zFZK.s:621    .text.CORDIC_GetFlagStatus:00000000 CORDIC_GetFlagStatus
     /tmp/ccN7zFZK.s:675    .text.CORDIC_GetFlagStatus:0000002c $d
     /tmp/ccN7zFZK.s:680    .text.CORDIC_ClearStatusFlag:00000000 $t
     /tmp/ccN7zFZK.s:686    .text.CORDIC_ClearStatusFlag:00000000 CORDIC_ClearStatusFlag
     /tmp/ccN7zFZK.s:744    .text.CORDIC_ClearStatusFlag:00000038 $d

UNDEFINED SYMBOLS
RCC_EnableAHB2PeriphReset1
