ARM GAS  /tmp/ccomH0Wm.s 			page 1


   1              		.cpu cortex-m7
   2              		.arch armv7e-m
   3              		.fpu softvfp
   4              		.eabi_attribute 20, 1
   5              		.eabi_attribute 21, 1
   6              		.eabi_attribute 23, 3
   7              		.eabi_attribute 24, 1
   8              		.eabi_attribute 25, 1
   9              		.eabi_attribute 26, 1
  10              		.eabi_attribute 30, 6
  11              		.eabi_attribute 34, 1
  12              		.eabi_attribute 18, 4
  13              		.file	"n32h7xx_dcmu.c"
  14              		.text
  15              	.Ltext0:
  16              		.cfi_sections	.debug_frame
  17              		.file 1 "../../../firmware/n32h7xx_std_periph_driver/src/n32h7xx_dcmu.c"
  18              		.section	.text.DCMU_DeInit,"ax",%progbits
  19              		.align	1
  20              		.global	DCMU_DeInit
  21              		.syntax unified
  22              		.thumb
  23              		.thumb_func
  25              	DCMU_DeInit:
  26              	.LFB147:
   1:../../../firmware/n32h7xx_std_periph_driver/src/n32h7xx_dcmu.c **** /**
   2:../../../firmware/n32h7xx_std_periph_driver/src/n32h7xx_dcmu.c **** *     Copyright (c) 2025, Nations Technologies Inc.
   3:../../../firmware/n32h7xx_std_periph_driver/src/n32h7xx_dcmu.c **** *
   4:../../../firmware/n32h7xx_std_periph_driver/src/n32h7xx_dcmu.c **** *     All rights reserved.
   5:../../../firmware/n32h7xx_std_periph_driver/src/n32h7xx_dcmu.c **** *
   6:../../../firmware/n32h7xx_std_periph_driver/src/n32h7xx_dcmu.c **** *     This software is the exclusive property of Nations Technologies Inc. (Hereinafter
   7:../../../firmware/n32h7xx_std_periph_driver/src/n32h7xx_dcmu.c **** * referred to as NATIONS). This software, and the product of NATIONS described herein
   8:../../../firmware/n32h7xx_std_periph_driver/src/n32h7xx_dcmu.c **** * (Hereinafter referred to as the Product) are owned by NATIONS under the laws and treaties
   9:../../../firmware/n32h7xx_std_periph_driver/src/n32h7xx_dcmu.c **** * of the People's Republic of China and other applicable jurisdictions worldwide.
  10:../../../firmware/n32h7xx_std_periph_driver/src/n32h7xx_dcmu.c **** *
  11:../../../firmware/n32h7xx_std_periph_driver/src/n32h7xx_dcmu.c **** *     NATIONS does not grant any license under its patents, copyrights, trademarks, or other
  12:../../../firmware/n32h7xx_std_periph_driver/src/n32h7xx_dcmu.c **** * intellectual property rights. Names and brands of third party may be mentioned or referred
  13:../../../firmware/n32h7xx_std_periph_driver/src/n32h7xx_dcmu.c **** * thereto (if any) for identification purposes only.
  14:../../../firmware/n32h7xx_std_periph_driver/src/n32h7xx_dcmu.c **** *
  15:../../../firmware/n32h7xx_std_periph_driver/src/n32h7xx_dcmu.c **** *     NATIONS reserves the right to make changes, corrections, enhancements, modifications, and
  16:../../../firmware/n32h7xx_std_periph_driver/src/n32h7xx_dcmu.c **** * improvements to this software at any time without notice. Please contact NATIONS and obtain
  17:../../../firmware/n32h7xx_std_periph_driver/src/n32h7xx_dcmu.c **** * the latest version of this software before placing orders.
  18:../../../firmware/n32h7xx_std_periph_driver/src/n32h7xx_dcmu.c **** 
  19:../../../firmware/n32h7xx_std_periph_driver/src/n32h7xx_dcmu.c **** *     Although NATIONS has attempted to provide accurate and reliable information, NATIONS assumes
  20:../../../firmware/n32h7xx_std_periph_driver/src/n32h7xx_dcmu.c **** * no responsibility for the accuracy and reliability of this software.
  21:../../../firmware/n32h7xx_std_periph_driver/src/n32h7xx_dcmu.c **** *
  22:../../../firmware/n32h7xx_std_periph_driver/src/n32h7xx_dcmu.c **** *     It is the responsibility of the user of this software to properly design, program, and test
  23:../../../firmware/n32h7xx_std_periph_driver/src/n32h7xx_dcmu.c **** * the functionality and safety of any application made of this information and any resulting produc
  24:../../../firmware/n32h7xx_std_periph_driver/src/n32h7xx_dcmu.c **** * In no event shall NATIONS be liable for any direct, indirect, incidental, special,exemplary, or
  25:../../../firmware/n32h7xx_std_periph_driver/src/n32h7xx_dcmu.c **** * consequential damages arising in any way out of the use of this software or the Product.
  26:../../../firmware/n32h7xx_std_periph_driver/src/n32h7xx_dcmu.c **** *
  27:../../../firmware/n32h7xx_std_periph_driver/src/n32h7xx_dcmu.c **** *     NATIONS Products are neither intended nor warranted for usage in systems or equipment, any
  28:../../../firmware/n32h7xx_std_periph_driver/src/n32h7xx_dcmu.c **** * malfunction or failure of which may cause loss of human life, bodily injury or severe property
  29:../../../firmware/n32h7xx_std_periph_driver/src/n32h7xx_dcmu.c **** * damage. Such applications are deemed, "Insecure Usage".
  30:../../../firmware/n32h7xx_std_periph_driver/src/n32h7xx_dcmu.c **** *
  31:../../../firmware/n32h7xx_std_periph_driver/src/n32h7xx_dcmu.c **** *     All Insecure Usage shall be made at user's risk. User shall indemnify NATIONS and hold NATION
  32:../../../firmware/n32h7xx_std_periph_driver/src/n32h7xx_dcmu.c **** * harmless from and against all claims, costs, damages, and other liabilities, arising from or rela
ARM GAS  /tmp/ccomH0Wm.s 			page 2


  33:../../../firmware/n32h7xx_std_periph_driver/src/n32h7xx_dcmu.c **** * to any customer's Insecure Usage.
  34:../../../firmware/n32h7xx_std_periph_driver/src/n32h7xx_dcmu.c **** 
  35:../../../firmware/n32h7xx_std_periph_driver/src/n32h7xx_dcmu.c **** *     Any express or implied warranty with regard to this software or the Product, including,but no
  36:../../../firmware/n32h7xx_std_periph_driver/src/n32h7xx_dcmu.c **** * limited to, the warranties of merchantability, fitness for a particular purpose and non-infringem
  37:../../../firmware/n32h7xx_std_periph_driver/src/n32h7xx_dcmu.c **** * are disclaimed to the fullest extent permitted by law.
  38:../../../firmware/n32h7xx_std_periph_driver/src/n32h7xx_dcmu.c **** 
  39:../../../firmware/n32h7xx_std_periph_driver/src/n32h7xx_dcmu.c **** *     Unless otherwise explicitly permitted by NATIONS, anyone may not duplicate, modify, transcrib
  40:../../../firmware/n32h7xx_std_periph_driver/src/n32h7xx_dcmu.c **** * or otherwise distribute this software for any purposes, in whole or in part.
  41:../../../firmware/n32h7xx_std_periph_driver/src/n32h7xx_dcmu.c **** *
  42:../../../firmware/n32h7xx_std_periph_driver/src/n32h7xx_dcmu.c **** *     NATIONS products and technologies shall not be used for or incorporated into any products or 
  43:../../../firmware/n32h7xx_std_periph_driver/src/n32h7xx_dcmu.c **** * whose manufacture, use, or sale is prohibited under any applicable domestic or foreign laws or re
  44:../../../firmware/n32h7xx_std_periph_driver/src/n32h7xx_dcmu.c **** * User shall comply with any applicable export control laws and regulations promulgated and adminis
  45:../../../firmware/n32h7xx_std_periph_driver/src/n32h7xx_dcmu.c **** * the governments of any countries asserting jurisdiction over the parties or transactions.
  46:../../../firmware/n32h7xx_std_periph_driver/src/n32h7xx_dcmu.c **** **/
  47:../../../firmware/n32h7xx_std_periph_driver/src/n32h7xx_dcmu.c **** 
  48:../../../firmware/n32h7xx_std_periph_driver/src/n32h7xx_dcmu.c **** 
  49:../../../firmware/n32h7xx_std_periph_driver/src/n32h7xx_dcmu.c **** /**
  50:../../../firmware/n32h7xx_std_periph_driver/src/n32h7xx_dcmu.c **** *\*\file n32h7xx_dcmu.c
  51:../../../firmware/n32h7xx_std_periph_driver/src/n32h7xx_dcmu.c **** *\*\author Nations
  52:../../../firmware/n32h7xx_std_periph_driver/src/n32h7xx_dcmu.c **** *\*\version v1.0.0
  53:../../../firmware/n32h7xx_std_periph_driver/src/n32h7xx_dcmu.c **** *\*\copyright Copyright (c) 2025, Nations Technologies Inc. All rights reserved.
  54:../../../firmware/n32h7xx_std_periph_driver/src/n32h7xx_dcmu.c **** **/
  55:../../../firmware/n32h7xx_std_periph_driver/src/n32h7xx_dcmu.c **** //mayan+
  56:../../../firmware/n32h7xx_std_periph_driver/src/n32h7xx_dcmu.c **** #include "n32h7xx_dcmu.h"
  57:../../../firmware/n32h7xx_std_periph_driver/src/n32h7xx_dcmu.c **** #include "n32h7xx_rcc.h"
  58:../../../firmware/n32h7xx_std_periph_driver/src/n32h7xx_dcmu.c **** 
  59:../../../firmware/n32h7xx_std_periph_driver/src/n32h7xx_dcmu.c **** /* DCMU Driving Functions Declaration */
  60:../../../firmware/n32h7xx_std_periph_driver/src/n32h7xx_dcmu.c **** 
  61:../../../firmware/n32h7xx_std_periph_driver/src/n32h7xx_dcmu.c **** 
  62:../../../firmware/n32h7xx_std_periph_driver/src/n32h7xx_dcmu.c **** /* DCMU_Private_Defines  */
  63:../../../firmware/n32h7xx_std_periph_driver/src/n32h7xx_dcmu.c **** /**
  64:../../../firmware/n32h7xx_std_periph_driver/src/n32h7xx_dcmu.c **** *\*\name    DCMU_Reset.
  65:../../../firmware/n32h7xx_std_periph_driver/src/n32h7xx_dcmu.c **** *\*\fun     Resets the DCMUx peripheral
  66:../../../firmware/n32h7xx_std_periph_driver/src/n32h7xx_dcmu.c **** *\*\param   none
  67:../../../firmware/n32h7xx_std_periph_driver/src/n32h7xx_dcmu.c **** *\*\return  none
  68:../../../firmware/n32h7xx_std_periph_driver/src/n32h7xx_dcmu.c **** **/
  69:../../../firmware/n32h7xx_std_periph_driver/src/n32h7xx_dcmu.c **** void DCMU_DeInit( void )
  70:../../../firmware/n32h7xx_std_periph_driver/src/n32h7xx_dcmu.c **** {
  27              		.loc 1 70 1
  28              		.cfi_startproc
  29              		@ args = 0, pretend = 0, frame = 0
  30              		@ frame_needed = 1, uses_anonymous_args = 0
  31 0000 80B5     		push	{r7, lr}
  32              	.LCFI0:
  33              		.cfi_def_cfa_offset 8
  34              		.cfi_offset 7, -8
  35              		.cfi_offset 14, -4
  36 0002 00AF     		add	r7, sp, #0
  37              	.LCFI1:
  38              		.cfi_def_cfa_register 7
  71:../../../firmware/n32h7xx_std_periph_driver/src/n32h7xx_dcmu.c ****     RCC_EnableDCMUReset();
  39              		.loc 1 71 5
  40 0004 FFF7FEFF 		bl	RCC_EnableDCMUReset
  72:../../../firmware/n32h7xx_std_periph_driver/src/n32h7xx_dcmu.c **** }
  41              		.loc 1 72 1
  42 0008 00BF     		nop
  43 000a 80BD     		pop	{r7, pc}
ARM GAS  /tmp/ccomH0Wm.s 			page 3


  44              		.cfi_endproc
  45              	.LFE147:
  47              		.section	.text.DCMU_SelfReset,"ax",%progbits
  48              		.align	1
  49              		.global	DCMU_SelfReset
  50              		.syntax unified
  51              		.thumb
  52              		.thumb_func
  54              	DCMU_SelfReset:
  55              	.LFB148:
  73:../../../firmware/n32h7xx_std_periph_driver/src/n32h7xx_dcmu.c **** 
  74:../../../firmware/n32h7xx_std_periph_driver/src/n32h7xx_dcmu.c **** #if defined(CORE_CM7)
  75:../../../firmware/n32h7xx_std_periph_driver/src/n32h7xx_dcmu.c **** /**
  76:../../../firmware/n32h7xx_std_periph_driver/src/n32h7xx_dcmu.c **** *\*\name    DCMU_SelfReset.
  77:../../../firmware/n32h7xx_std_periph_driver/src/n32h7xx_dcmu.c **** *\*\fun     Self-resets the DCMUx peripheral by CM7 or CM4
  78:../../../firmware/n32h7xx_std_periph_driver/src/n32h7xx_dcmu.c **** *\*\param   none
  79:../../../firmware/n32h7xx_std_periph_driver/src/n32h7xx_dcmu.c **** *\*\return  none
  80:../../../firmware/n32h7xx_std_periph_driver/src/n32h7xx_dcmu.c **** **/
  81:../../../firmware/n32h7xx_std_periph_driver/src/n32h7xx_dcmu.c **** void DCMU_SelfReset( void )
  82:../../../firmware/n32h7xx_std_periph_driver/src/n32h7xx_dcmu.c **** {
  56              		.loc 1 82 1
  57              		.cfi_startproc
  58              		@ args = 0, pretend = 0, frame = 0
  59              		@ frame_needed = 1, uses_anonymous_args = 0
  60              		@ link register save eliminated.
  61 0000 80B4     		push	{r7}
  62              	.LCFI2:
  63              		.cfi_def_cfa_offset 4
  64              		.cfi_offset 7, -4
  65 0002 00AF     		add	r7, sp, #0
  66              	.LCFI3:
  67              		.cfi_def_cfa_register 7
  83:../../../firmware/n32h7xx_std_periph_driver/src/n32h7xx_dcmu.c ****     DCMU->CTRL |= DCMU_CTRL_RST_MASK;
  68              		.loc 1 83 9
  69 0004 0A4B     		ldr	r3, .L5
  70 0006 5B6A     		ldr	r3, [r3, #36]
  71 0008 094A     		ldr	r2, .L5
  72              		.loc 1 83 16
  73 000a 43F02003 		orr	r3, r3, #32
  74 000e 5362     		str	r3, [r2, #36]
  84:../../../firmware/n32h7xx_std_periph_driver/src/n32h7xx_dcmu.c ****     __NOP();
  75              		.loc 1 84 5
  76              		.syntax unified
  77              	@ 84 "../../../firmware/n32h7xx_std_periph_driver/src/n32h7xx_dcmu.c" 1
  78 0010 00BF     		nop
  79              	@ 0 "" 2
  85:../../../firmware/n32h7xx_std_periph_driver/src/n32h7xx_dcmu.c ****     __NOP();
  80              		.loc 1 85 5
  81              	@ 85 "../../../firmware/n32h7xx_std_periph_driver/src/n32h7xx_dcmu.c" 1
  82 0012 00BF     		nop
  83              	@ 0 "" 2
  86:../../../firmware/n32h7xx_std_periph_driver/src/n32h7xx_dcmu.c **** 
  87:../../../firmware/n32h7xx_std_periph_driver/src/n32h7xx_dcmu.c ****     /* Wait for CPU reset bit in DCMU status register is completed */
  88:../../../firmware/n32h7xx_std_periph_driver/src/n32h7xx_dcmu.c ****     while( 0U != (DCMU->STS & DCMU_STS_RSTF_MASK) )
  84              		.loc 1 88 10
  85              		.thumb
  86              		.syntax unified
ARM GAS  /tmp/ccomH0Wm.s 			page 4


  87 0014 00E0     		b	.L3
  88              	.L4:
  89:../../../firmware/n32h7xx_std_periph_driver/src/n32h7xx_dcmu.c ****     {
  90:../../../firmware/n32h7xx_std_periph_driver/src/n32h7xx_dcmu.c ****         __NOP();
  89              		.loc 1 90 9
  90              		.syntax unified
  91              	@ 90 "../../../firmware/n32h7xx_std_periph_driver/src/n32h7xx_dcmu.c" 1
  92 0016 00BF     		nop
  93              	@ 0 "" 2
  94              		.thumb
  95              		.syntax unified
  96              	.L3:
  88:../../../firmware/n32h7xx_std_periph_driver/src/n32h7xx_dcmu.c ****     {
  97              		.loc 1 88 23
  98 0018 054B     		ldr	r3, .L5
  99 001a 1B6A     		ldr	r3, [r3, #32]
  88:../../../firmware/n32h7xx_std_periph_driver/src/n32h7xx_dcmu.c ****     {
 100              		.loc 1 88 29
 101 001c 03F08003 		and	r3, r3, #128
  88:../../../firmware/n32h7xx_std_periph_driver/src/n32h7xx_dcmu.c ****     {
 102              		.loc 1 88 15
 103 0020 002B     		cmp	r3, #0
 104 0022 F8D1     		bne	.L4
  91:../../../firmware/n32h7xx_std_periph_driver/src/n32h7xx_dcmu.c ****     }
  92:../../../firmware/n32h7xx_std_periph_driver/src/n32h7xx_dcmu.c **** }
 105              		.loc 1 92 1
 106 0024 00BF     		nop
 107 0026 00BF     		nop
 108 0028 BD46     		mov	sp, r7
 109              	.LCFI4:
 110              		.cfi_def_cfa_register 13
 111              		@ sp needed
 112 002a 80BC     		pop	{r7}
 113              	.LCFI5:
 114              		.cfi_restore 7
 115              		.cfi_def_cfa_offset 0
 116 002c 7047     		bx	lr
 117              	.L6:
 118 002e 00BF     		.align	2
 119              	.L5:
 120 0030 00700F40 		.word	1074753536
 121              		.cfi_endproc
 122              	.LFE148:
 124              		.section	.text.DCMU_TransmitMsg,"ax",%progbits
 125              		.align	1
 126              		.global	DCMU_TransmitMsg
 127              		.syntax unified
 128              		.thumb
 129              		.thumb_func
 131              	DCMU_TransmitMsg:
 132              	.LFB149:
  93:../../../firmware/n32h7xx_std_periph_driver/src/n32h7xx_dcmu.c **** #endif
  94:../../../firmware/n32h7xx_std_periph_driver/src/n32h7xx_dcmu.c **** 
  95:../../../firmware/n32h7xx_std_periph_driver/src/n32h7xx_dcmu.c **** /**
  96:../../../firmware/n32h7xx_std_periph_driver/src/n32h7xx_dcmu.c **** *\*\name    DCMU_TransmitMsg.
  97:../../../firmware/n32h7xx_std_periph_driver/src/n32h7xx_dcmu.c **** *\*\fun     Transmit Message through Blocking or NonBlocking Mode to counterpart MCU
  98:../../../firmware/n32h7xx_std_periph_driver/src/n32h7xx_dcmu.c **** *\*\param   TxIdx :
ARM GAS  /tmp/ccomH0Wm.s 			page 5


  99:../../../firmware/n32h7xx_std_periph_driver/src/n32h7xx_dcmu.c **** *\*\          - TXMSG_IDX0
 100:../../../firmware/n32h7xx_std_periph_driver/src/n32h7xx_dcmu.c **** *\*\          - TXMSG_IDX1
 101:../../../firmware/n32h7xx_std_periph_driver/src/n32h7xx_dcmu.c **** *\*\          - TXMSG_IDX2
 102:../../../firmware/n32h7xx_std_periph_driver/src/n32h7xx_dcmu.c **** *\*\          - TXMSG_IDX3
 103:../../../firmware/n32h7xx_std_periph_driver/src/n32h7xx_dcmu.c **** *\*\param   TxMsgData :
 104:../../../firmware/n32h7xx_std_periph_driver/src/n32h7xx_dcmu.c **** *\*\          - 32bit unsigned integer message data payload [0x00000000U--0xFFFFFFFFU]
 105:../../../firmware/n32h7xx_std_periph_driver/src/n32h7xx_dcmu.c **** *\*\param   Mode :
 106:../../../firmware/n32h7xx_std_periph_driver/src/n32h7xx_dcmu.c **** *\*\          - NON_BLOCKING
 107:../../../firmware/n32h7xx_std_periph_driver/src/n32h7xx_dcmu.c **** *\*\          - BLOCKING
 108:../../../firmware/n32h7xx_std_periph_driver/src/n32h7xx_dcmu.c **** *\*\return  none
 109:../../../firmware/n32h7xx_std_periph_driver/src/n32h7xx_dcmu.c **** **/
 110:../../../firmware/n32h7xx_std_periph_driver/src/n32h7xx_dcmu.c **** void DCMU_TransmitMsg( uint8_t TxIdx, uint32_t TxMsgData, dcmu_wait_mode_t Mode)
 111:../../../firmware/n32h7xx_std_periph_driver/src/n32h7xx_dcmu.c **** {
 133              		.loc 1 111 1
 134              		.cfi_startproc
 135              		@ args = 0, pretend = 0, frame = 8
 136              		@ frame_needed = 1, uses_anonymous_args = 0
 137              		@ link register save eliminated.
 138 0000 80B4     		push	{r7}
 139              	.LCFI6:
 140              		.cfi_def_cfa_offset 4
 141              		.cfi_offset 7, -4
 142 0002 83B0     		sub	sp, sp, #12
 143              	.LCFI7:
 144              		.cfi_def_cfa_offset 16
 145 0004 00AF     		add	r7, sp, #0
 146              	.LCFI8:
 147              		.cfi_def_cfa_register 7
 148 0006 0346     		mov	r3, r0
 149 0008 3960     		str	r1, [r7]
 150 000a FB71     		strb	r3, [r7, #7]
 151 000c 1346     		mov	r3, r2
 152 000e BB71     		strb	r3, [r7, #6]
 112:../../../firmware/n32h7xx_std_periph_driver/src/n32h7xx_dcmu.c ****     /* Wait until transmit message register is empty in blocking receive mode */
 113:../../../firmware/n32h7xx_std_periph_driver/src/n32h7xx_dcmu.c ****     if( BLOCKING == Mode)
 153              		.loc 1 113 7
 154 0010 BB79     		ldrb	r3, [r7, #6]	@ zero_extendqisi2
 155 0012 012B     		cmp	r3, #1
 156 0014 0CD1     		bne	.L8
 114:../../../firmware/n32h7xx_std_periph_driver/src/n32h7xx_dcmu.c ****     {
 115:../../../firmware/n32h7xx_std_periph_driver/src/n32h7xx_dcmu.c ****         while( 0u == (DCMU->STS & (1U << (DCMU_STS_TEF3_Pos + 3U - TxIdx))))
 157              		.loc 1 115 14
 158 0016 00E0     		b	.L9
 159              	.L10:
 116:../../../firmware/n32h7xx_std_periph_driver/src/n32h7xx_dcmu.c ****         {
 117:../../../firmware/n32h7xx_std_periph_driver/src/n32h7xx_dcmu.c ****             __NOP();
 160              		.loc 1 117 13
 161              		.syntax unified
 162              	@ 117 "../../../firmware/n32h7xx_std_periph_driver/src/n32h7xx_dcmu.c" 1
 163 0018 00BF     		nop
 164              	@ 0 "" 2
 165              		.thumb
 166              		.syntax unified
 167              	.L9:
 115:../../../firmware/n32h7xx_std_periph_driver/src/n32h7xx_dcmu.c ****         {
 168              		.loc 1 115 27
 169 001a 0A4B     		ldr	r3, .L11
ARM GAS  /tmp/ccomH0Wm.s 			page 6


 170 001c 1A6A     		ldr	r2, [r3, #32]
 115:../../../firmware/n32h7xx_std_periph_driver/src/n32h7xx_dcmu.c ****         {
 171              		.loc 1 115 66
 172 001e FB79     		ldrb	r3, [r7, #7]	@ zero_extendqisi2
 173 0020 C3F11703 		rsb	r3, r3, #23
 115:../../../firmware/n32h7xx_std_periph_driver/src/n32h7xx_dcmu.c ****         {
 174              		.loc 1 115 39
 175 0024 0121     		movs	r1, #1
 176 0026 01FA03F3 		lsl	r3, r1, r3
 115:../../../firmware/n32h7xx_std_periph_driver/src/n32h7xx_dcmu.c ****         {
 177              		.loc 1 115 33
 178 002a 1340     		ands	r3, r3, r2
 115:../../../firmware/n32h7xx_std_periph_driver/src/n32h7xx_dcmu.c ****         {
 179              		.loc 1 115 19
 180 002c 002B     		cmp	r3, #0
 181 002e F3D0     		beq	.L10
 182              	.L8:
 118:../../../firmware/n32h7xx_std_periph_driver/src/n32h7xx_dcmu.c ****         }
 119:../../../firmware/n32h7xx_std_periph_driver/src/n32h7xx_dcmu.c ****     }
 120:../../../firmware/n32h7xx_std_periph_driver/src/n32h7xx_dcmu.c **** 
 121:../../../firmware/n32h7xx_std_periph_driver/src/n32h7xx_dcmu.c ****     /* NonBlocking and Blocking common code */
 122:../../../firmware/n32h7xx_std_periph_driver/src/n32h7xx_dcmu.c ****     DCMU->TXMSG[TxIdx] = TxMsgData;
 183              		.loc 1 122 9
 184 0030 0449     		ldr	r1, .L11
 185              		.loc 1 122 16
 186 0032 FB79     		ldrb	r3, [r7, #7]	@ zero_extendqisi2
 187              		.loc 1 122 24
 188 0034 3A68     		ldr	r2, [r7]
 189 0036 41F82320 		str	r2, [r1, r3, lsl #2]
 123:../../../firmware/n32h7xx_std_periph_driver/src/n32h7xx_dcmu.c **** }
 190              		.loc 1 123 1
 191 003a 00BF     		nop
 192 003c 0C37     		adds	r7, r7, #12
 193              	.LCFI9:
 194              		.cfi_def_cfa_offset 4
 195 003e BD46     		mov	sp, r7
 196              	.LCFI10:
 197              		.cfi_def_cfa_register 13
 198              		@ sp needed
 199 0040 80BC     		pop	{r7}
 200              	.LCFI11:
 201              		.cfi_restore 7
 202              		.cfi_def_cfa_offset 0
 203 0042 7047     		bx	lr
 204              	.L12:
 205              		.align	2
 206              	.L11:
 207 0044 00700F40 		.word	1074753536
 208              		.cfi_endproc
 209              	.LFE149:
 211              		.section	.text.DCMU_ReceiveMsg,"ax",%progbits
 212              		.align	1
 213              		.global	DCMU_ReceiveMsg
 214              		.syntax unified
 215              		.thumb
 216              		.thumb_func
 218              	DCMU_ReceiveMsg:
ARM GAS  /tmp/ccomH0Wm.s 			page 7


 219              	.LFB150:
 124:../../../firmware/n32h7xx_std_periph_driver/src/n32h7xx_dcmu.c **** 
 125:../../../firmware/n32h7xx_std_periph_driver/src/n32h7xx_dcmu.c **** /**
 126:../../../firmware/n32h7xx_std_periph_driver/src/n32h7xx_dcmu.c **** *\*\name    DCMU_ReceiveMsg.
 127:../../../firmware/n32h7xx_std_periph_driver/src/n32h7xx_dcmu.c **** *\*\fun     Receive Message through Blocking or NonBlocking Mode from counterpart mcu
 128:../../../firmware/n32h7xx_std_periph_driver/src/n32h7xx_dcmu.c **** *\*\param   RcvIdx :
 129:../../../firmware/n32h7xx_std_periph_driver/src/n32h7xx_dcmu.c **** *\*\          - RCVMSG_IDX0
 130:../../../firmware/n32h7xx_std_periph_driver/src/n32h7xx_dcmu.c **** *\*\          - RCVMSG_IDX1
 131:../../../firmware/n32h7xx_std_periph_driver/src/n32h7xx_dcmu.c **** *\*\          - RCVMSG_IDX2
 132:../../../firmware/n32h7xx_std_periph_driver/src/n32h7xx_dcmu.c **** *\*\          - RCVMSG_IDX3
 133:../../../firmware/n32h7xx_std_periph_driver/src/n32h7xx_dcmu.c **** *\*\param   Mode :
 134:../../../firmware/n32h7xx_std_periph_driver/src/n32h7xx_dcmu.c **** *\*\          - NON_BLOCKING
 135:../../../firmware/n32h7xx_std_periph_driver/src/n32h7xx_dcmu.c **** *\*\          - BLOCKING
 136:../../../firmware/n32h7xx_std_periph_driver/src/n32h7xx_dcmu.c **** *\*\return  uint32_t message data from counterpart mcu
 137:../../../firmware/n32h7xx_std_periph_driver/src/n32h7xx_dcmu.c **** **/
 138:../../../firmware/n32h7xx_std_periph_driver/src/n32h7xx_dcmu.c **** uint32_t DCMU_ReceiveMsg( uint8_t RcvIdx, dcmu_wait_mode_t Mode)
 139:../../../firmware/n32h7xx_std_periph_driver/src/n32h7xx_dcmu.c **** {
 220              		.loc 1 139 1
 221              		.cfi_startproc
 222              		@ args = 0, pretend = 0, frame = 8
 223              		@ frame_needed = 1, uses_anonymous_args = 0
 224              		@ link register save eliminated.
 225 0000 80B4     		push	{r7}
 226              	.LCFI12:
 227              		.cfi_def_cfa_offset 4
 228              		.cfi_offset 7, -4
 229 0002 83B0     		sub	sp, sp, #12
 230              	.LCFI13:
 231              		.cfi_def_cfa_offset 16
 232 0004 00AF     		add	r7, sp, #0
 233              	.LCFI14:
 234              		.cfi_def_cfa_register 7
 235 0006 0346     		mov	r3, r0
 236 0008 0A46     		mov	r2, r1
 237 000a FB71     		strb	r3, [r7, #7]
 238 000c 1346     		mov	r3, r2
 239 000e BB71     		strb	r3, [r7, #6]
 140:../../../firmware/n32h7xx_std_periph_driver/src/n32h7xx_dcmu.c ****     /* Wait until receive message register is full in blocking receive mode */
 141:../../../firmware/n32h7xx_std_periph_driver/src/n32h7xx_dcmu.c ****     if( BLOCKING == Mode)
 240              		.loc 1 141 7
 241 0010 BB79     		ldrb	r3, [r7, #6]	@ zero_extendqisi2
 242 0012 012B     		cmp	r3, #1
 243 0014 0CD1     		bne	.L14
 142:../../../firmware/n32h7xx_std_periph_driver/src/n32h7xx_dcmu.c ****     {
 143:../../../firmware/n32h7xx_std_periph_driver/src/n32h7xx_dcmu.c ****         while( 0u == (DCMU->STS & (1U << (DCMU_STS_RFF3_Pos + 3U - RcvIdx))))
 244              		.loc 1 143 14
 245 0016 00E0     		b	.L15
 246              	.L16:
 144:../../../firmware/n32h7xx_std_periph_driver/src/n32h7xx_dcmu.c ****         {
 145:../../../firmware/n32h7xx_std_periph_driver/src/n32h7xx_dcmu.c ****             __NOP();
 247              		.loc 1 145 13
 248              		.syntax unified
 249              	@ 145 "../../../firmware/n32h7xx_std_periph_driver/src/n32h7xx_dcmu.c" 1
 250 0018 00BF     		nop
 251              	@ 0 "" 2
 252              		.thumb
 253              		.syntax unified
ARM GAS  /tmp/ccomH0Wm.s 			page 8


 254              	.L15:
 143:../../../firmware/n32h7xx_std_periph_driver/src/n32h7xx_dcmu.c ****         {
 255              		.loc 1 143 27
 256 001a 0A4B     		ldr	r3, .L18
 257 001c 1A6A     		ldr	r2, [r3, #32]
 143:../../../firmware/n32h7xx_std_periph_driver/src/n32h7xx_dcmu.c ****         {
 258              		.loc 1 143 66
 259 001e FB79     		ldrb	r3, [r7, #7]	@ zero_extendqisi2
 260 0020 C3F11B03 		rsb	r3, r3, #27
 143:../../../firmware/n32h7xx_std_periph_driver/src/n32h7xx_dcmu.c ****         {
 261              		.loc 1 143 39
 262 0024 0121     		movs	r1, #1
 263 0026 01FA03F3 		lsl	r3, r1, r3
 143:../../../firmware/n32h7xx_std_periph_driver/src/n32h7xx_dcmu.c ****         {
 264              		.loc 1 143 33
 265 002a 1340     		ands	r3, r3, r2
 143:../../../firmware/n32h7xx_std_periph_driver/src/n32h7xx_dcmu.c ****         {
 266              		.loc 1 143 19
 267 002c 002B     		cmp	r3, #0
 268 002e F3D0     		beq	.L16
 269              	.L14:
 146:../../../firmware/n32h7xx_std_periph_driver/src/n32h7xx_dcmu.c ****         }
 147:../../../firmware/n32h7xx_std_periph_driver/src/n32h7xx_dcmu.c ****     }
 148:../../../firmware/n32h7xx_std_periph_driver/src/n32h7xx_dcmu.c **** 
 149:../../../firmware/n32h7xx_std_periph_driver/src/n32h7xx_dcmu.c ****     /* NonBlocking and Blocking mode common code */
 150:../../../firmware/n32h7xx_std_periph_driver/src/n32h7xx_dcmu.c ****     return DCMU->RCVMSG[RcvIdx];
 270              		.loc 1 150 16
 271 0030 044A     		ldr	r2, .L18
 272              		.loc 1 150 24
 273 0032 FB79     		ldrb	r3, [r7, #7]	@ zero_extendqisi2
 274 0034 0433     		adds	r3, r3, #4
 275 0036 52F82330 		ldr	r3, [r2, r3, lsl #2]
 151:../../../firmware/n32h7xx_std_periph_driver/src/n32h7xx_dcmu.c **** }
 276              		.loc 1 151 1
 277 003a 1846     		mov	r0, r3
 278 003c 0C37     		adds	r7, r7, #12
 279              	.LCFI15:
 280              		.cfi_def_cfa_offset 4
 281 003e BD46     		mov	sp, r7
 282              	.LCFI16:
 283              		.cfi_def_cfa_register 13
 284              		@ sp needed
 285 0040 80BC     		pop	{r7}
 286              	.LCFI17:
 287              		.cfi_restore 7
 288              		.cfi_def_cfa_offset 0
 289 0042 7047     		bx	lr
 290              	.L19:
 291              		.align	2
 292              	.L18:
 293 0044 00700F40 		.word	1074753536
 294              		.cfi_endproc
 295              	.LFE150:
 297              		.section	.text.DCMU_Set3BitFlagNumbers,"ax",%progbits
 298              		.align	1
 299              		.global	DCMU_Set3BitFlagNumbers
 300              		.syntax unified
ARM GAS  /tmp/ccomH0Wm.s 			page 9


 301              		.thumb
 302              		.thumb_func
 304              	DCMU_Set3BitFlagNumbers:
 305              	.LFB151:
 152:../../../firmware/n32h7xx_std_periph_driver/src/n32h7xx_dcmu.c **** 
 153:../../../firmware/n32h7xx_std_periph_driver/src/n32h7xx_dcmu.c **** /**
 154:../../../firmware/n32h7xx_std_periph_driver/src/n32h7xx_dcmu.c **** *\*\name    DCMU_Set3BitFlagNumbers.
 155:../../../firmware/n32h7xx_std_periph_driver/src/n32h7xx_dcmu.c **** *\*\fun     Set three bits flag number in order to transmit to counterpart
 156:../../../firmware/n32h7xx_std_periph_driver/src/n32h7xx_dcmu.c **** *\*\param   FlagData :
 157:../../../firmware/n32h7xx_std_periph_driver/src/n32h7xx_dcmu.c **** *\*\          - 3 bits flag number data [0x0U - 0x7U]
 158:../../../firmware/n32h7xx_std_periph_driver/src/n32h7xx_dcmu.c **** *\*\param   Mode :
 159:../../../firmware/n32h7xx_std_periph_driver/src/n32h7xx_dcmu.c **** *\*\          - NON_BLOCKING
 160:../../../firmware/n32h7xx_std_periph_driver/src/n32h7xx_dcmu.c **** *\*\          - BLOCKING
 161:../../../firmware/n32h7xx_std_periph_driver/src/n32h7xx_dcmu.c **** *\*\return  none
 162:../../../firmware/n32h7xx_std_periph_driver/src/n32h7xx_dcmu.c **** **/
 163:../../../firmware/n32h7xx_std_periph_driver/src/n32h7xx_dcmu.c **** void DCMU_Set3BitFlagNumbers( uint8_t FlagData, dcmu_wait_mode_t Mode)
 164:../../../firmware/n32h7xx_std_periph_driver/src/n32h7xx_dcmu.c **** {
 306              		.loc 1 164 1
 307              		.cfi_startproc
 308              		@ args = 0, pretend = 0, frame = 16
 309              		@ frame_needed = 1, uses_anonymous_args = 0
 310              		@ link register save eliminated.
 311 0000 80B4     		push	{r7}
 312              	.LCFI18:
 313              		.cfi_def_cfa_offset 4
 314              		.cfi_offset 7, -4
 315 0002 85B0     		sub	sp, sp, #20
 316              	.LCFI19:
 317              		.cfi_def_cfa_offset 24
 318 0004 00AF     		add	r7, sp, #0
 319              	.LCFI20:
 320              		.cfi_def_cfa_register 7
 321 0006 0346     		mov	r3, r0
 322 0008 0A46     		mov	r2, r1
 323 000a FB71     		strb	r3, [r7, #7]
 324 000c 1346     		mov	r3, r2
 325 000e BB71     		strb	r3, [r7, #6]
 165:../../../firmware/n32h7xx_std_periph_driver/src/n32h7xx_dcmu.c ****     __IO uint32_t tempreg;
 166:../../../firmware/n32h7xx_std_periph_driver/src/n32h7xx_dcmu.c **** 
 167:../../../firmware/n32h7xx_std_periph_driver/src/n32h7xx_dcmu.c ****     /* Wait until receive flag is pending in case of blocking receive mode */
 168:../../../firmware/n32h7xx_std_periph_driver/src/n32h7xx_dcmu.c ****     if( BLOCKING == Mode)
 326              		.loc 1 168 7
 327 0010 BB79     		ldrb	r3, [r7, #6]	@ zero_extendqisi2
 328 0012 012B     		cmp	r3, #1
 329 0014 07D1     		bne	.L21
 169:../../../firmware/n32h7xx_std_periph_driver/src/n32h7xx_dcmu.c ****     {
 170:../../../firmware/n32h7xx_std_periph_driver/src/n32h7xx_dcmu.c ****         while( 0u != (DCMU->STS & DCMU_STS_FUPF_MASK ))
 330              		.loc 1 170 14
 331 0016 00E0     		b	.L22
 332              	.L23:
 171:../../../firmware/n32h7xx_std_periph_driver/src/n32h7xx_dcmu.c ****         {
 172:../../../firmware/n32h7xx_std_periph_driver/src/n32h7xx_dcmu.c ****             __NOP();
 333              		.loc 1 172 13
 334              		.syntax unified
 335              	@ 172 "../../../firmware/n32h7xx_std_periph_driver/src/n32h7xx_dcmu.c" 1
 336 0018 00BF     		nop
 337              	@ 0 "" 2
ARM GAS  /tmp/ccomH0Wm.s 			page 10


 338              		.thumb
 339              		.syntax unified
 340              	.L22:
 170:../../../firmware/n32h7xx_std_periph_driver/src/n32h7xx_dcmu.c ****         {
 341              		.loc 1 170 27
 342 001a 0C4B     		ldr	r3, .L24
 343 001c 1B6A     		ldr	r3, [r3, #32]
 170:../../../firmware/n32h7xx_std_periph_driver/src/n32h7xx_dcmu.c ****         {
 344              		.loc 1 170 33
 345 001e 03F48073 		and	r3, r3, #256
 170:../../../firmware/n32h7xx_std_periph_driver/src/n32h7xx_dcmu.c ****         {
 346              		.loc 1 170 19
 347 0022 002B     		cmp	r3, #0
 348 0024 F8D1     		bne	.L23
 349              	.L21:
 173:../../../firmware/n32h7xx_std_periph_driver/src/n32h7xx_dcmu.c ****         }
 174:../../../firmware/n32h7xx_std_periph_driver/src/n32h7xx_dcmu.c ****     }
 175:../../../firmware/n32h7xx_std_periph_driver/src/n32h7xx_dcmu.c **** 
 176:../../../firmware/n32h7xx_std_periph_driver/src/n32h7xx_dcmu.c ****     /* NonBlocking and Blocking mode common code */
 177:../../../firmware/n32h7xx_std_periph_driver/src/n32h7xx_dcmu.c ****     tempreg = DCMU->CTRL;
 350              		.loc 1 177 19
 351 0026 094B     		ldr	r3, .L24
 352 0028 5B6A     		ldr	r3, [r3, #36]
 353              		.loc 1 177 13
 354 002a FB60     		str	r3, [r7, #12]
 178:../../../firmware/n32h7xx_std_periph_driver/src/n32h7xx_dcmu.c ****     tempreg &= ~(uint32_t)(DCMU_CTRL_TXFN_ALL_MASK);
 355              		.loc 1 178 13
 356 002c FB68     		ldr	r3, [r7, #12]
 357 002e 23F00703 		bic	r3, r3, #7
 358 0032 FB60     		str	r3, [r7, #12]
 179:../../../firmware/n32h7xx_std_periph_driver/src/n32h7xx_dcmu.c ****     tempreg |= (uint32_t)FlagData;
 359              		.loc 1 179 16
 360 0034 FA79     		ldrb	r2, [r7, #7]	@ zero_extendqisi2
 361              		.loc 1 179 13
 362 0036 FB68     		ldr	r3, [r7, #12]
 363 0038 1343     		orrs	r3, r3, r2
 364 003a FB60     		str	r3, [r7, #12]
 180:../../../firmware/n32h7xx_std_periph_driver/src/n32h7xx_dcmu.c ****     DCMU->CTRL = tempreg;
 365              		.loc 1 180 9
 366 003c 034A     		ldr	r2, .L24
 367              		.loc 1 180 16
 368 003e FB68     		ldr	r3, [r7, #12]
 369 0040 5362     		str	r3, [r2, #36]
 181:../../../firmware/n32h7xx_std_periph_driver/src/n32h7xx_dcmu.c **** 
 182:../../../firmware/n32h7xx_std_periph_driver/src/n32h7xx_dcmu.c **** }
 370              		.loc 1 182 1
 371 0042 00BF     		nop
 372 0044 1437     		adds	r7, r7, #20
 373              	.LCFI21:
 374              		.cfi_def_cfa_offset 4
 375 0046 BD46     		mov	sp, r7
 376              	.LCFI22:
 377              		.cfi_def_cfa_register 13
 378              		@ sp needed
 379 0048 80BC     		pop	{r7}
 380              	.LCFI23:
 381              		.cfi_restore 7
ARM GAS  /tmp/ccomH0Wm.s 			page 11


 382              		.cfi_def_cfa_offset 0
 383 004a 7047     		bx	lr
 384              	.L25:
 385              		.align	2
 386              	.L24:
 387 004c 00700F40 		.word	1074753536
 388              		.cfi_endproc
 389              	.LFE151:
 391              		.section	.text.DCMU_Get3BitFlagNumbers,"ax",%progbits
 392              		.align	1
 393              		.global	DCMU_Get3BitFlagNumbers
 394              		.syntax unified
 395              		.thumb
 396              		.thumb_func
 398              	DCMU_Get3BitFlagNumbers:
 399              	.LFB152:
 183:../../../firmware/n32h7xx_std_periph_driver/src/n32h7xx_dcmu.c **** 
 184:../../../firmware/n32h7xx_std_periph_driver/src/n32h7xx_dcmu.c **** /**
 185:../../../firmware/n32h7xx_std_periph_driver/src/n32h7xx_dcmu.c **** *\*\name    DCMU_Get3BitFlagNumbers.
 186:../../../firmware/n32h7xx_std_periph_driver/src/n32h7xx_dcmu.c **** *\*\fun     Get three bits flag number received from counterpart
 187:../../../firmware/n32h7xx_std_periph_driver/src/n32h7xx_dcmu.c **** *\*\param   none
 188:../../../firmware/n32h7xx_std_periph_driver/src/n32h7xx_dcmu.c **** *\*\return  uint8_t received 3bits flag number data from counterpart mcu [0x00U-0x07U]
 189:../../../firmware/n32h7xx_std_periph_driver/src/n32h7xx_dcmu.c **** **/
 190:../../../firmware/n32h7xx_std_periph_driver/src/n32h7xx_dcmu.c **** uint8_t DCMU_Get3BitFlagNumbers( void)
 191:../../../firmware/n32h7xx_std_periph_driver/src/n32h7xx_dcmu.c **** {
 400              		.loc 1 191 1
 401              		.cfi_startproc
 402              		@ args = 0, pretend = 0, frame = 0
 403              		@ frame_needed = 1, uses_anonymous_args = 0
 404              		@ link register save eliminated.
 405 0000 80B4     		push	{r7}
 406              	.LCFI24:
 407              		.cfi_def_cfa_offset 4
 408              		.cfi_offset 7, -4
 409 0002 00AF     		add	r7, sp, #0
 410              	.LCFI25:
 411              		.cfi_def_cfa_register 7
 192:../../../firmware/n32h7xx_std_periph_driver/src/n32h7xx_dcmu.c ****     return (uint8_t)(DCMU->STS & (uint32_t)( DCMU_STS_RCVFN_ALL_MASK));
 412              		.loc 1 192 26
 413 0004 044B     		ldr	r3, .L28
 414 0006 1B6A     		ldr	r3, [r3, #32]
 415              		.loc 1 192 12
 416 0008 DBB2     		uxtb	r3, r3
 417 000a 03F00703 		and	r3, r3, #7
 418 000e DBB2     		uxtb	r3, r3
 193:../../../firmware/n32h7xx_std_periph_driver/src/n32h7xx_dcmu.c **** }
 419              		.loc 1 193 1
 420 0010 1846     		mov	r0, r3
 421 0012 BD46     		mov	sp, r7
 422              	.LCFI26:
 423              		.cfi_def_cfa_register 13
 424              		@ sp needed
 425 0014 80BC     		pop	{r7}
 426              	.LCFI27:
 427              		.cfi_restore 7
 428              		.cfi_def_cfa_offset 0
 429 0016 7047     		bx	lr
ARM GAS  /tmp/ccomH0Wm.s 			page 12


 430              	.L29:
 431              		.align	2
 432              	.L28:
 433 0018 00700F40 		.word	1074753536
 434              		.cfi_endproc
 435              	.LFE152:
 437              		.section	.text.DCMU_GetStatusFlags,"ax",%progbits
 438              		.align	1
 439              		.global	DCMU_GetStatusFlags
 440              		.syntax unified
 441              		.thumb
 442              		.thumb_func
 444              	DCMU_GetStatusFlags:
 445              	.LFB153:
 194:../../../firmware/n32h7xx_std_periph_driver/src/n32h7xx_dcmu.c **** 
 195:../../../firmware/n32h7xx_std_periph_driver/src/n32h7xx_dcmu.c **** /**
 196:../../../firmware/n32h7xx_std_periph_driver/src/n32h7xx_dcmu.c **** *\*\name    DCMU_GetStatusFlags.
 197:../../../firmware/n32h7xx_std_periph_driver/src/n32h7xx_dcmu.c **** *\*\fun     Get status flags from status register, only FUPF, EPF and RSTF flags are captured
 198:../../../firmware/n32h7xx_std_periph_driver/src/n32h7xx_dcmu.c **** *\*\param   StatusMask :
 199:../../../firmware/n32h7xx_std_periph_driver/src/n32h7xx_dcmu.c **** *\*\          - DCMU_STS_EPF_MASK
 200:../../../firmware/n32h7xx_std_periph_driver/src/n32h7xx_dcmu.c **** *\*\          - DCMU_STS_FUPF_MASK
 201:../../../firmware/n32h7xx_std_periph_driver/src/n32h7xx_dcmu.c **** *\*\          - DCMU_STS_RSTF_MASK
 202:../../../firmware/n32h7xx_std_periph_driver/src/n32h7xx_dcmu.c **** *\*\return  uint32_t the existing status flags
 203:../../../firmware/n32h7xx_std_periph_driver/src/n32h7xx_dcmu.c **** **/
 204:../../../firmware/n32h7xx_std_periph_driver/src/n32h7xx_dcmu.c **** uint32_t DCMU_GetStatusFlags( uint32_t StatusMask)
 205:../../../firmware/n32h7xx_std_periph_driver/src/n32h7xx_dcmu.c **** {
 446              		.loc 1 205 1
 447              		.cfi_startproc
 448              		@ args = 0, pretend = 0, frame = 16
 449              		@ frame_needed = 1, uses_anonymous_args = 0
 450              		@ link register save eliminated.
 451 0000 80B4     		push	{r7}
 452              	.LCFI28:
 453              		.cfi_def_cfa_offset 4
 454              		.cfi_offset 7, -4
 455 0002 85B0     		sub	sp, sp, #20
 456              	.LCFI29:
 457              		.cfi_def_cfa_offset 24
 458 0004 00AF     		add	r7, sp, #0
 459              	.LCFI30:
 460              		.cfi_def_cfa_register 7
 461 0006 7860     		str	r0, [r7, #4]
 206:../../../firmware/n32h7xx_std_periph_driver/src/n32h7xx_dcmu.c ****     DCMU_Module *DCMUx = DCMU;
 462              		.loc 1 206 18
 463 0008 064B     		ldr	r3, .L32
 464 000a FB60     		str	r3, [r7, #12]
 207:../../../firmware/n32h7xx_std_periph_driver/src/n32h7xx_dcmu.c ****     return DCMUx->STS & (uint32_t)(( DCMU_STS_EPF_MASK | DCMU_STS_RSTF_MASK | DCMU_STS_FUPF_MASK) &
 465              		.loc 1 207 17
 466 000c FB68     		ldr	r3, [r7, #12]
 467 000e 1A6A     		ldr	r2, [r3, #32]
 468              		.loc 1 207 23
 469 0010 7B68     		ldr	r3, [r7, #4]
 470 0012 1340     		ands	r3, r3, r2
 471 0014 03F4C873 		and	r3, r3, #400
 208:../../../firmware/n32h7xx_std_periph_driver/src/n32h7xx_dcmu.c **** }
 472              		.loc 1 208 1
 473 0018 1846     		mov	r0, r3
ARM GAS  /tmp/ccomH0Wm.s 			page 13


 474 001a 1437     		adds	r7, r7, #20
 475              	.LCFI31:
 476              		.cfi_def_cfa_offset 4
 477 001c BD46     		mov	sp, r7
 478              	.LCFI32:
 479              		.cfi_def_cfa_register 13
 480              		@ sp needed
 481 001e 80BC     		pop	{r7}
 482              	.LCFI33:
 483              		.cfi_restore 7
 484              		.cfi_def_cfa_offset 0
 485 0020 7047     		bx	lr
 486              	.L33:
 487 0022 00BF     		.align	2
 488              	.L32:
 489 0024 00700F40 		.word	1074753536
 490              		.cfi_endproc
 491              	.LFE153:
 493              		.section	.text.DCMU_GetIntPendingFlags,"ax",%progbits
 494              		.align	1
 495              		.global	DCMU_GetIntPendingFlags
 496              		.syntax unified
 497              		.thumb
 498              		.thumb_func
 500              	DCMU_GetIntPendingFlags:
 501              	.LFB154:
 209:../../../firmware/n32h7xx_std_periph_driver/src/n32h7xx_dcmu.c **** 
 210:../../../firmware/n32h7xx_std_periph_driver/src/n32h7xx_dcmu.c **** /**
 211:../../../firmware/n32h7xx_std_periph_driver/src/n32h7xx_dcmu.c **** *\*\name    DCMU_GetIntPendingFlags.
 212:../../../firmware/n32h7xx_std_periph_driver/src/n32h7xx_dcmu.c **** *\*\fun     Get interrupt pendding flags from status register and GPIF, TEIF and RFIF flags are cap
 213:../../../firmware/n32h7xx_std_periph_driver/src/n32h7xx_dcmu.c **** *\*\param   IntPendingMask :
 214:../../../firmware/n32h7xx_std_periph_driver/src/n32h7xx_dcmu.c **** *\*\          - DCMU_STS_GPIF0_MASK
 215:../../../firmware/n32h7xx_std_periph_driver/src/n32h7xx_dcmu.c **** *\*\          - DCMU_STS_GPIF1_MASK
 216:../../../firmware/n32h7xx_std_periph_driver/src/n32h7xx_dcmu.c **** *\*\          - DCMU_STS_GPIF2_MASK
 217:../../../firmware/n32h7xx_std_periph_driver/src/n32h7xx_dcmu.c **** *\*\          - DCMU_STS_GPIF3_MASK
 218:../../../firmware/n32h7xx_std_periph_driver/src/n32h7xx_dcmu.c **** *\*\          - DCMU_STS_RFF0_MASK
 219:../../../firmware/n32h7xx_std_periph_driver/src/n32h7xx_dcmu.c **** *\*\          - DCMU_STS_RFF1_MASK
 220:../../../firmware/n32h7xx_std_periph_driver/src/n32h7xx_dcmu.c **** *\*\          - DCMU_STS_RFF2_MASK
 221:../../../firmware/n32h7xx_std_periph_driver/src/n32h7xx_dcmu.c **** *\*\          - DCMU_STS_RFF3_MASK
 222:../../../firmware/n32h7xx_std_periph_driver/src/n32h7xx_dcmu.c **** *\*\          - DCMU_STS_TEF0_MASK
 223:../../../firmware/n32h7xx_std_periph_driver/src/n32h7xx_dcmu.c **** *\*\          - DCMU_STS_TEF1_MASK
 224:../../../firmware/n32h7xx_std_periph_driver/src/n32h7xx_dcmu.c **** *\*\          - DCMU_STS_TEF2_MASK
 225:../../../firmware/n32h7xx_std_periph_driver/src/n32h7xx_dcmu.c **** *\*\          - DCMU_STS_TEF3_MASK
 226:../../../firmware/n32h7xx_std_periph_driver/src/n32h7xx_dcmu.c **** *\*\return  uint32_t the existing interrupt pending flags which are in range of IntPendingMask
 227:../../../firmware/n32h7xx_std_periph_driver/src/n32h7xx_dcmu.c **** **/
 228:../../../firmware/n32h7xx_std_periph_driver/src/n32h7xx_dcmu.c **** uint32_t DCMU_GetIntPendingFlags( uint32_t IntPendingMask)
 229:../../../firmware/n32h7xx_std_periph_driver/src/n32h7xx_dcmu.c **** {
 502              		.loc 1 229 1
 503              		.cfi_startproc
 504              		@ args = 0, pretend = 0, frame = 8
 505              		@ frame_needed = 1, uses_anonymous_args = 0
 506              		@ link register save eliminated.
 507 0000 80B4     		push	{r7}
 508              	.LCFI34:
 509              		.cfi_def_cfa_offset 4
 510              		.cfi_offset 7, -4
 511 0002 83B0     		sub	sp, sp, #12
ARM GAS  /tmp/ccomH0Wm.s 			page 14


 512              	.LCFI35:
 513              		.cfi_def_cfa_offset 16
 514 0004 00AF     		add	r7, sp, #0
 515              	.LCFI36:
 516              		.cfi_def_cfa_register 7
 517 0006 7860     		str	r0, [r7, #4]
 230:../../../firmware/n32h7xx_std_periph_driver/src/n32h7xx_dcmu.c **** 
 231:../../../firmware/n32h7xx_std_periph_driver/src/n32h7xx_dcmu.c ****     return DCMU->STS & (uint32_t)( IntPendingMask &  \
 518              		.loc 1 231 16
 519 0008 054B     		ldr	r3, .L36
 520 000a 1A6A     		ldr	r2, [r3, #32]
 521              		.loc 1 231 22
 522 000c 7B68     		ldr	r3, [r7, #4]
 523 000e 1A40     		ands	r2, r2, r3
 524 0010 044B     		ldr	r3, .L36+4
 525 0012 1340     		ands	r3, r3, r2
 232:../../../firmware/n32h7xx_std_periph_driver/src/n32h7xx_dcmu.c ****                                    ( DCMU_STS_GPIF_ALL_MASK | \
 233:../../../firmware/n32h7xx_std_periph_driver/src/n32h7xx_dcmu.c ****                                      DCMU_STS_TEF_ALL_MASK | \
 234:../../../firmware/n32h7xx_std_periph_driver/src/n32h7xx_dcmu.c ****                                      DCMU_STS_RFF_ALL_MASK   )  );
 235:../../../firmware/n32h7xx_std_periph_driver/src/n32h7xx_dcmu.c **** }
 526              		.loc 1 235 1
 527 0014 1846     		mov	r0, r3
 528 0016 0C37     		adds	r7, r7, #12
 529              	.LCFI37:
 530              		.cfi_def_cfa_offset 4
 531 0018 BD46     		mov	sp, r7
 532              	.LCFI38:
 533              		.cfi_def_cfa_register 13
 534              		@ sp needed
 535 001a 80BC     		pop	{r7}
 536              	.LCFI39:
 537              		.cfi_restore 7
 538              		.cfi_def_cfa_offset 0
 539 001c 7047     		bx	lr
 540              	.L37:
 541 001e 00BF     		.align	2
 542              	.L36:
 543 0020 00700F40 		.word	1074753536
 544 0024 0000F0FF 		.word	-1048576
 545              		.cfi_endproc
 546              	.LFE154:
 548              		.section	.text.DCMU_ClearIntPendingFlags,"ax",%progbits
 549              		.align	1
 550              		.global	DCMU_ClearIntPendingFlags
 551              		.syntax unified
 552              		.thumb
 553              		.thumb_func
 555              	DCMU_ClearIntPendingFlags:
 556              	.LFB155:
 236:../../../firmware/n32h7xx_std_periph_driver/src/n32h7xx_dcmu.c **** 
 237:../../../firmware/n32h7xx_std_periph_driver/src/n32h7xx_dcmu.c **** /**
 238:../../../firmware/n32h7xx_std_periph_driver/src/n32h7xx_dcmu.c **** *\*\name    GPIntPendingMask.
 239:../../../firmware/n32h7xx_std_periph_driver/src/n32h7xx_dcmu.c **** *\*\fun     Clear general purpose interrupt pending as GPIF
 240:../../../firmware/n32h7xx_std_periph_driver/src/n32h7xx_dcmu.c **** *\*\param   GPIntPendingMask :
 241:../../../firmware/n32h7xx_std_periph_driver/src/n32h7xx_dcmu.c **** *\*\          - DCMU_STS_GPIF0_MASK
 242:../../../firmware/n32h7xx_std_periph_driver/src/n32h7xx_dcmu.c **** *\*\          - DCMU_STS_GPIF1_MASK
 243:../../../firmware/n32h7xx_std_periph_driver/src/n32h7xx_dcmu.c **** *\*\          - DCMU_STS_GPIF2_MASK
ARM GAS  /tmp/ccomH0Wm.s 			page 15


 244:../../../firmware/n32h7xx_std_periph_driver/src/n32h7xx_dcmu.c **** *\*\          - DCMU_STS_GPIF3_MASK
 245:../../../firmware/n32h7xx_std_periph_driver/src/n32h7xx_dcmu.c **** *\*\return  none
 246:../../../firmware/n32h7xx_std_periph_driver/src/n32h7xx_dcmu.c **** **/
 247:../../../firmware/n32h7xx_std_periph_driver/src/n32h7xx_dcmu.c **** void DCMU_ClearIntPendingFlags( uint32_t GPIntPendingMask)
 248:../../../firmware/n32h7xx_std_periph_driver/src/n32h7xx_dcmu.c **** {
 557              		.loc 1 248 1
 558              		.cfi_startproc
 559              		@ args = 0, pretend = 0, frame = 16
 560              		@ frame_needed = 1, uses_anonymous_args = 0
 561              		@ link register save eliminated.
 562 0000 80B4     		push	{r7}
 563              	.LCFI40:
 564              		.cfi_def_cfa_offset 4
 565              		.cfi_offset 7, -4
 566 0002 85B0     		sub	sp, sp, #20
 567              	.LCFI41:
 568              		.cfi_def_cfa_offset 24
 569 0004 00AF     		add	r7, sp, #0
 570              	.LCFI42:
 571              		.cfi_def_cfa_register 7
 572 0006 7860     		str	r0, [r7, #4]
 249:../../../firmware/n32h7xx_std_periph_driver/src/n32h7xx_dcmu.c ****     __IO uint32_t tempreg;
 250:../../../firmware/n32h7xx_std_periph_driver/src/n32h7xx_dcmu.c **** 
 251:../../../firmware/n32h7xx_std_periph_driver/src/n32h7xx_dcmu.c ****     tempreg = DCMU->STS;
 573              		.loc 1 251 19
 574 0008 0A4B     		ldr	r3, .L39
 575 000a 1B6A     		ldr	r3, [r3, #32]
 576              		.loc 1 251 13
 577 000c FB60     		str	r3, [r7, #12]
 252:../../../firmware/n32h7xx_std_periph_driver/src/n32h7xx_dcmu.c ****     tempreg &= ~(uint32_t)(DCMU_STS_GPIF_ALL_MASK);
 578              		.loc 1 252 13
 579 000e FB68     		ldr	r3, [r7, #12]
 580 0010 23F07043 		bic	r3, r3, #-268435456
 581 0014 FB60     		str	r3, [r7, #12]
 253:../../../firmware/n32h7xx_std_periph_driver/src/n32h7xx_dcmu.c ****     tempreg |= (uint32_t)(GPIntPendingMask & (uint32_t)(DCMU_STS_GPIF_ALL_MASK));
 582              		.loc 1 253 16
 583 0016 7B68     		ldr	r3, [r7, #4]
 584 0018 03F07042 		and	r2, r3, #-268435456
 585              		.loc 1 253 13
 586 001c FB68     		ldr	r3, [r7, #12]
 587 001e 1343     		orrs	r3, r3, r2
 588 0020 FB60     		str	r3, [r7, #12]
 254:../../../firmware/n32h7xx_std_periph_driver/src/n32h7xx_dcmu.c ****     DCMU->STS = tempreg;
 589              		.loc 1 254 9
 590 0022 044A     		ldr	r2, .L39
 591              		.loc 1 254 15
 592 0024 FB68     		ldr	r3, [r7, #12]
 593 0026 1362     		str	r3, [r2, #32]
 255:../../../firmware/n32h7xx_std_periph_driver/src/n32h7xx_dcmu.c **** }
 594              		.loc 1 255 1
 595 0028 00BF     		nop
 596 002a 1437     		adds	r7, r7, #20
 597              	.LCFI43:
 598              		.cfi_def_cfa_offset 4
 599 002c BD46     		mov	sp, r7
 600              	.LCFI44:
 601              		.cfi_def_cfa_register 13
ARM GAS  /tmp/ccomH0Wm.s 			page 16


 602              		@ sp needed
 603 002e 80BC     		pop	{r7}
 604              	.LCFI45:
 605              		.cfi_restore 7
 606              		.cfi_def_cfa_offset 0
 607 0030 7047     		bx	lr
 608              	.L40:
 609 0032 00BF     		.align	2
 610              	.L39:
 611 0034 00700F40 		.word	1074753536
 612              		.cfi_endproc
 613              	.LFE155:
 615              		.section	.text.DCMU_ConfigInt,"ax",%progbits
 616              		.align	1
 617              		.global	DCMU_ConfigInt
 618              		.syntax unified
 619              		.thumb
 620              		.thumb_func
 622              	DCMU_ConfigInt:
 623              	.LFB156:
 256:../../../firmware/n32h7xx_std_periph_driver/src/n32h7xx_dcmu.c **** 
 257:../../../firmware/n32h7xx_std_periph_driver/src/n32h7xx_dcmu.c **** /**
 258:../../../firmware/n32h7xx_std_periph_driver/src/n32h7xx_dcmu.c **** *\*\name    DCMU_ConfigInt.
 259:../../../firmware/n32h7xx_std_periph_driver/src/n32h7xx_dcmu.c **** *\*\fun     Configure individual interrupts as enable or disabled
 260:../../../firmware/n32h7xx_std_periph_driver/src/n32h7xx_dcmu.c **** *\*\param   IntMask :
 261:../../../firmware/n32h7xx_std_periph_driver/src/n32h7xx_dcmu.c **** *\*\          - DCMU_CTRL_GPIE0_MASK
 262:../../../firmware/n32h7xx_std_periph_driver/src/n32h7xx_dcmu.c **** *\*\          - DCMU_CTRL_GPIE1_MASK
 263:../../../firmware/n32h7xx_std_periph_driver/src/n32h7xx_dcmu.c **** *\*\          - DCMU_CTRL_GPIE2_MASK
 264:../../../firmware/n32h7xx_std_periph_driver/src/n32h7xx_dcmu.c **** *\*\          - DCMU_CTRL_GPIE3_MASK
 265:../../../firmware/n32h7xx_std_periph_driver/src/n32h7xx_dcmu.c **** *\*\          - DCMU_CTRL_RFIE0_MASK
 266:../../../firmware/n32h7xx_std_periph_driver/src/n32h7xx_dcmu.c **** *\*\          - DCMU_CTRL_RFIE1_MASK
 267:../../../firmware/n32h7xx_std_periph_driver/src/n32h7xx_dcmu.c **** *\*\          - DCMU_CTRL_RFIE2_MASK
 268:../../../firmware/n32h7xx_std_periph_driver/src/n32h7xx_dcmu.c **** *\*\          - DCMU_CTRL_RFIE3_MASK
 269:../../../firmware/n32h7xx_std_periph_driver/src/n32h7xx_dcmu.c **** *\*\          - DCMU_CTRL_TEIE0_MASK
 270:../../../firmware/n32h7xx_std_periph_driver/src/n32h7xx_dcmu.c **** *\*\          - DCMU_CTRL_TEIE1_MASK
 271:../../../firmware/n32h7xx_std_periph_driver/src/n32h7xx_dcmu.c **** *\*\          - DCMU_CTRL_TEIE2_MASK
 272:../../../firmware/n32h7xx_std_periph_driver/src/n32h7xx_dcmu.c **** *\*\          - DCMU_CTRL_TEIE3_MASK
 273:../../../firmware/n32h7xx_std_periph_driver/src/n32h7xx_dcmu.c **** *\*\param   Cmd :
 274:../../../firmware/n32h7xx_std_periph_driver/src/n32h7xx_dcmu.c **** *\*\          - ENABLE
 275:../../../firmware/n32h7xx_std_periph_driver/src/n32h7xx_dcmu.c **** *\*\          - DISABLE
 276:../../../firmware/n32h7xx_std_periph_driver/src/n32h7xx_dcmu.c **** *\*\return  none
 277:../../../firmware/n32h7xx_std_periph_driver/src/n32h7xx_dcmu.c **** **/
 278:../../../firmware/n32h7xx_std_periph_driver/src/n32h7xx_dcmu.c **** void DCMU_ConfigInt( uint32_t IntMask, FunctionalState Cmd)
 279:../../../firmware/n32h7xx_std_periph_driver/src/n32h7xx_dcmu.c **** {
 624              		.loc 1 279 1
 625              		.cfi_startproc
 626              		@ args = 0, pretend = 0, frame = 16
 627              		@ frame_needed = 1, uses_anonymous_args = 0
 628              		@ link register save eliminated.
 629 0000 80B4     		push	{r7}
 630              	.LCFI46:
 631              		.cfi_def_cfa_offset 4
 632              		.cfi_offset 7, -4
 633 0002 85B0     		sub	sp, sp, #20
 634              	.LCFI47:
 635              		.cfi_def_cfa_offset 24
 636 0004 00AF     		add	r7, sp, #0
ARM GAS  /tmp/ccomH0Wm.s 			page 17


 637              	.LCFI48:
 638              		.cfi_def_cfa_register 7
 639 0006 7860     		str	r0, [r7, #4]
 640 0008 0B46     		mov	r3, r1
 641 000a FB70     		strb	r3, [r7, #3]
 280:../../../firmware/n32h7xx_std_periph_driver/src/n32h7xx_dcmu.c ****     __IO uint32_t tempreg;
 281:../../../firmware/n32h7xx_std_periph_driver/src/n32h7xx_dcmu.c **** 
 282:../../../firmware/n32h7xx_std_periph_driver/src/n32h7xx_dcmu.c ****     tempreg = DCMU->CTRL;
 642              		.loc 1 282 19
 643 000c 0C4B     		ldr	r3, .L44
 644 000e 5B6A     		ldr	r3, [r3, #36]
 645              		.loc 1 282 13
 646 0010 FB60     		str	r3, [r7, #12]
 283:../../../firmware/n32h7xx_std_periph_driver/src/n32h7xx_dcmu.c **** 
 284:../../../firmware/n32h7xx_std_periph_driver/src/n32h7xx_dcmu.c ****     if( ENABLE == Cmd)
 647              		.loc 1 284 7
 648 0012 FB78     		ldrb	r3, [r7, #3]	@ zero_extendqisi2
 649 0014 012B     		cmp	r3, #1
 650 0016 06D1     		bne	.L42
 285:../../../firmware/n32h7xx_std_periph_driver/src/n32h7xx_dcmu.c ****     {
 286:../../../firmware/n32h7xx_std_periph_driver/src/n32h7xx_dcmu.c ****         tempreg |= (uint32_t)(IntMask & DCMU_CTRL_ALL_IE_MASK);
 651              		.loc 1 286 20
 652 0018 7A68     		ldr	r2, [r7, #4]
 653 001a 0A4B     		ldr	r3, .L44+4
 654 001c 1340     		ands	r3, r3, r2
 655              		.loc 1 286 17
 656 001e FA68     		ldr	r2, [r7, #12]
 657 0020 1343     		orrs	r3, r3, r2
 658 0022 FB60     		str	r3, [r7, #12]
 659 0024 04E0     		b	.L43
 660              	.L42:
 287:../../../firmware/n32h7xx_std_periph_driver/src/n32h7xx_dcmu.c ****     }
 288:../../../firmware/n32h7xx_std_periph_driver/src/n32h7xx_dcmu.c ****     else
 289:../../../firmware/n32h7xx_std_periph_driver/src/n32h7xx_dcmu.c ****     {
 290:../../../firmware/n32h7xx_std_periph_driver/src/n32h7xx_dcmu.c ****         tempreg &= ~(uint32_t)IntMask;
 661              		.loc 1 290 20
 662 0026 7B68     		ldr	r3, [r7, #4]
 663 0028 DA43     		mvns	r2, r3
 664              		.loc 1 290 17
 665 002a FB68     		ldr	r3, [r7, #12]
 666 002c 1340     		ands	r3, r3, r2
 667 002e FB60     		str	r3, [r7, #12]
 668              	.L43:
 291:../../../firmware/n32h7xx_std_periph_driver/src/n32h7xx_dcmu.c ****     }
 292:../../../firmware/n32h7xx_std_periph_driver/src/n32h7xx_dcmu.c **** 
 293:../../../firmware/n32h7xx_std_periph_driver/src/n32h7xx_dcmu.c ****     DCMU->CTRL = tempreg;
 669              		.loc 1 293 9
 670 0030 034A     		ldr	r2, .L44
 671              		.loc 1 293 16
 672 0032 FB68     		ldr	r3, [r7, #12]
 673 0034 5362     		str	r3, [r2, #36]
 294:../../../firmware/n32h7xx_std_periph_driver/src/n32h7xx_dcmu.c **** }
 674              		.loc 1 294 1
 675 0036 00BF     		nop
 676 0038 1437     		adds	r7, r7, #20
 677              	.LCFI49:
 678              		.cfi_def_cfa_offset 4
ARM GAS  /tmp/ccomH0Wm.s 			page 18


 679 003a BD46     		mov	sp, r7
 680              	.LCFI50:
 681              		.cfi_def_cfa_register 13
 682              		@ sp needed
 683 003c 80BC     		pop	{r7}
 684              	.LCFI51:
 685              		.cfi_restore 7
 686              		.cfi_def_cfa_offset 0
 687 003e 7047     		bx	lr
 688              	.L45:
 689              		.align	2
 690              	.L44:
 691 0040 00700F40 		.word	1074753536
 692 0044 0000F0FF 		.word	-1048576
 693              		.cfi_endproc
 694              	.LFE156:
 696              		.section	.text.DCMU_RequestGPInt,"ax",%progbits
 697              		.align	1
 698              		.global	DCMU_RequestGPInt
 699              		.syntax unified
 700              		.thumb
 701              		.thumb_func
 703              	DCMU_RequestGPInt:
 704              	.LFB157:
 295:../../../firmware/n32h7xx_std_periph_driver/src/n32h7xx_dcmu.c **** 
 296:../../../firmware/n32h7xx_std_periph_driver/src/n32h7xx_dcmu.c **** /**
 297:../../../firmware/n32h7xx_std_periph_driver/src/n32h7xx_dcmu.c **** *\*\name    DCMU_RequestGPInt.
 298:../../../firmware/n32h7xx_std_periph_driver/src/n32h7xx_dcmu.c **** *\*\fun     Send request general purpose interrupt to counterpart mcu
 299:../../../firmware/n32h7xx_std_periph_driver/src/n32h7xx_dcmu.c **** *\*\param   ReqGPIntMask :
 300:../../../firmware/n32h7xx_std_periph_driver/src/n32h7xx_dcmu.c **** *\*\          - DCMU_CTRL_GPIR0_MASK
 301:../../../firmware/n32h7xx_std_periph_driver/src/n32h7xx_dcmu.c **** *\*\          - DCMU_CTRL_GPIR1_MASK
 302:../../../firmware/n32h7xx_std_periph_driver/src/n32h7xx_dcmu.c **** *\*\          - DCMU_CTRL_GPIR2_MASK
 303:../../../firmware/n32h7xx_std_periph_driver/src/n32h7xx_dcmu.c **** *\*\          - DCMU_CTRL_GPIR3_MASK
 304:../../../firmware/n32h7xx_std_periph_driver/src/n32h7xx_dcmu.c **** *\*\return  none
 305:../../../firmware/n32h7xx_std_periph_driver/src/n32h7xx_dcmu.c **** **/
 306:../../../firmware/n32h7xx_std_periph_driver/src/n32h7xx_dcmu.c **** void DCMU_RequestGPInt( uint32_t ReqGPIntMask)
 307:../../../firmware/n32h7xx_std_periph_driver/src/n32h7xx_dcmu.c **** {
 705              		.loc 1 307 1
 706              		.cfi_startproc
 707              		@ args = 0, pretend = 0, frame = 16
 708              		@ frame_needed = 1, uses_anonymous_args = 0
 709              		@ link register save eliminated.
 710 0000 80B4     		push	{r7}
 711              	.LCFI52:
 712              		.cfi_def_cfa_offset 4
 713              		.cfi_offset 7, -4
 714 0002 85B0     		sub	sp, sp, #20
 715              	.LCFI53:
 716              		.cfi_def_cfa_offset 24
 717 0004 00AF     		add	r7, sp, #0
 718              	.LCFI54:
 719              		.cfi_def_cfa_register 7
 720 0006 7860     		str	r0, [r7, #4]
 308:../../../firmware/n32h7xx_std_periph_driver/src/n32h7xx_dcmu.c ****     __IO uint32_t tempreg;
 309:../../../firmware/n32h7xx_std_periph_driver/src/n32h7xx_dcmu.c **** 
 310:../../../firmware/n32h7xx_std_periph_driver/src/n32h7xx_dcmu.c ****     tempreg = DCMU->CTRL;
 721              		.loc 1 310 19
ARM GAS  /tmp/ccomH0Wm.s 			page 19


 722 0008 094B     		ldr	r3, .L47
 723 000a 5B6A     		ldr	r3, [r3, #36]
 724              		.loc 1 310 13
 725 000c FB60     		str	r3, [r7, #12]
 311:../../../firmware/n32h7xx_std_periph_driver/src/n32h7xx_dcmu.c ****     tempreg &= (~DCMU_CTRL_GPIR_ALL_MASK );
 726              		.loc 1 311 13
 727 000e FB68     		ldr	r3, [r7, #12]
 728 0010 23F47023 		bic	r3, r3, #983040
 729 0014 FB60     		str	r3, [r7, #12]
 312:../../../firmware/n32h7xx_std_periph_driver/src/n32h7xx_dcmu.c ****     tempreg |= ReqGPIntMask  ;
 730              		.loc 1 312 13
 731 0016 FA68     		ldr	r2, [r7, #12]
 732 0018 7B68     		ldr	r3, [r7, #4]
 733 001a 1343     		orrs	r3, r3, r2
 734 001c FB60     		str	r3, [r7, #12]
 313:../../../firmware/n32h7xx_std_periph_driver/src/n32h7xx_dcmu.c **** 
 314:../../../firmware/n32h7xx_std_periph_driver/src/n32h7xx_dcmu.c ****     DCMU->CTRL = tempreg;
 735              		.loc 1 314 9
 736 001e 044A     		ldr	r2, .L47
 737              		.loc 1 314 16
 738 0020 FB68     		ldr	r3, [r7, #12]
 739 0022 5362     		str	r3, [r2, #36]
 315:../../../firmware/n32h7xx_std_periph_driver/src/n32h7xx_dcmu.c **** }
 740              		.loc 1 315 1
 741 0024 00BF     		nop
 742 0026 1437     		adds	r7, r7, #20
 743              	.LCFI55:
 744              		.cfi_def_cfa_offset 4
 745 0028 BD46     		mov	sp, r7
 746              	.LCFI56:
 747              		.cfi_def_cfa_register 13
 748              		@ sp needed
 749 002a 80BC     		pop	{r7}
 750              	.LCFI57:
 751              		.cfi_restore 7
 752              		.cfi_def_cfa_offset 0
 753 002c 7047     		bx	lr
 754              	.L48:
 755 002e 00BF     		.align	2
 756              	.L47:
 757 0030 00700F40 		.word	1074753536
 758              		.cfi_endproc
 759              	.LFE157:
 761              		.text
 762              	.Letext0:
 763              		.file 2 "/usr/lib/gcc/arm-none-eabi/13.2.1/include/stdint.h"
 764              		.file 3 "../../../firmware/CMSIS/device/n32h7xx.h"
 765              		.file 4 "../../../firmware/n32h7xx_std_periph_driver/inc/n32h7xx_dcmu.h"
 766              		.file 5 "../../../firmware/n32h7xx_std_periph_driver/inc/n32h7xx_rcc.h"
ARM GAS  /tmp/ccomH0Wm.s 			page 20


DEFINED SYMBOLS
                            *ABS*:00000000 n32h7xx_dcmu.c
     /tmp/ccomH0Wm.s:19     .text.DCMU_DeInit:00000000 $t
     /tmp/ccomH0Wm.s:25     .text.DCMU_DeInit:00000000 DCMU_DeInit
     /tmp/ccomH0Wm.s:48     .text.DCMU_SelfReset:00000000 $t
     /tmp/ccomH0Wm.s:54     .text.DCMU_SelfReset:00000000 DCMU_SelfReset
     /tmp/ccomH0Wm.s:120    .text.DCMU_SelfReset:00000030 $d
     /tmp/ccomH0Wm.s:125    .text.DCMU_TransmitMsg:00000000 $t
     /tmp/ccomH0Wm.s:131    .text.DCMU_TransmitMsg:00000000 DCMU_TransmitMsg
     /tmp/ccomH0Wm.s:207    .text.DCMU_TransmitMsg:00000044 $d
     /tmp/ccomH0Wm.s:212    .text.DCMU_ReceiveMsg:00000000 $t
     /tmp/ccomH0Wm.s:218    .text.DCMU_ReceiveMsg:00000000 DCMU_ReceiveMsg
     /tmp/ccomH0Wm.s:293    .text.DCMU_ReceiveMsg:00000044 $d
     /tmp/ccomH0Wm.s:298    .text.DCMU_Set3BitFlagNumbers:00000000 $t
     /tmp/ccomH0Wm.s:304    .text.DCMU_Set3BitFlagNumbers:00000000 DCMU_Set3BitFlagNumbers
     /tmp/ccomH0Wm.s:387    .text.DCMU_Set3BitFlagNumbers:0000004c $d
     /tmp/ccomH0Wm.s:392    .text.DCMU_Get3BitFlagNumbers:00000000 $t
     /tmp/ccomH0Wm.s:398    .text.DCMU_Get3BitFlagNumbers:00000000 DCMU_Get3BitFlagNumbers
     /tmp/ccomH0Wm.s:433    .text.DCMU_Get3BitFlagNumbers:00000018 $d
     /tmp/ccomH0Wm.s:438    .text.DCMU_GetStatusFlags:00000000 $t
     /tmp/ccomH0Wm.s:444    .text.DCMU_GetStatusFlags:00000000 DCMU_GetStatusFlags
     /tmp/ccomH0Wm.s:489    .text.DCMU_GetStatusFlags:00000024 $d
     /tmp/ccomH0Wm.s:494    .text.DCMU_GetIntPendingFlags:00000000 $t
     /tmp/ccomH0Wm.s:500    .text.DCMU_GetIntPendingFlags:00000000 DCMU_GetIntPendingFlags
     /tmp/ccomH0Wm.s:543    .text.DCMU_GetIntPendingFlags:00000020 $d
     /tmp/ccomH0Wm.s:549    .text.DCMU_ClearIntPendingFlags:00000000 $t
     /tmp/ccomH0Wm.s:555    .text.DCMU_ClearIntPendingFlags:00000000 DCMU_ClearIntPendingFlags
     /tmp/ccomH0Wm.s:611    .text.DCMU_ClearIntPendingFlags:00000034 $d
     /tmp/ccomH0Wm.s:616    .text.DCMU_ConfigInt:00000000 $t
     /tmp/ccomH0Wm.s:622    .text.DCMU_ConfigInt:00000000 DCMU_ConfigInt
     /tmp/ccomH0Wm.s:691    .text.DCMU_ConfigInt:00000040 $d
     /tmp/ccomH0Wm.s:697    .text.DCMU_RequestGPInt:00000000 $t
     /tmp/ccomH0Wm.s:703    .text.DCMU_RequestGPInt:00000000 DCMU_RequestGPInt
     /tmp/ccomH0Wm.s:757    .text.DCMU_RequestGPInt:00000030 $d

UNDEFINED SYMBOLS
RCC_EnableDCMUReset
