ARM GAS  /tmp/ccE2MOSA.s 			page 1


   1              		.cpu cortex-m4
   2              		.arch armv7e-m
   3              		.fpu softvfp
   4              		.eabi_attribute 20, 1
   5              		.eabi_attribute 21, 1
   6              		.eabi_attribute 23, 3
   7              		.eabi_attribute 24, 1
   8              		.eabi_attribute 25, 1
   9              		.eabi_attribute 26, 1
  10              		.eabi_attribute 30, 6
  11              		.eabi_attribute 34, 1
  12              		.eabi_attribute 18, 4
  13              		.file	"main.c"
  14              		.text
  15              	.Ltext0:
  16              		.cfi_sections	.debug_frame
  17              		.file 1 "../CM4/src/main.c"
  18              		.section	.text.main,"ax",%progbits
  19              		.align	1
  20              		.global	main
  21              		.syntax unified
  22              		.thumb
  23              		.thumb_func
  25              	main:
  26              	.LFB135:
   1:../CM4/src/main.c **** /**
   2:../CM4/src/main.c **** *     Copyright (c) 2025, Nations Technologies Inc.
   3:../CM4/src/main.c **** * 
   4:../CM4/src/main.c **** *     All rights reserved.
   5:../CM4/src/main.c **** *
   6:../CM4/src/main.c **** *     This software is the exclusive property of Nations Technologies Inc. (Hereinafter 
   7:../CM4/src/main.c **** * referred to as NATIONS). This software, and the product of NATIONS described herein 
   8:../CM4/src/main.c **** * (Hereinafter referred to as the Product) are owned by NATIONS under the laws and treaties
   9:../CM4/src/main.c **** * of the People's Republic of China and other applicable jurisdictions worldwide.
  10:../CM4/src/main.c **** *
  11:../CM4/src/main.c **** *     NATIONS does not grant any license under its patents, copyrights, trademarks, or other 
  12:../CM4/src/main.c **** * intellectual property rights. Names and brands of third party may be mentioned or referred 
  13:../CM4/src/main.c **** * thereto (if any) for identification purposes only.
  14:../CM4/src/main.c **** *
  15:../CM4/src/main.c **** *     NATIONS reserves the right to make changes, corrections, enhancements, modifications, and 
  16:../CM4/src/main.c **** * improvements to this software at any time without notice. Please contact NATIONS and obtain 
  17:../CM4/src/main.c **** * the latest version of this software before placing orders.
  18:../CM4/src/main.c **** 
  19:../CM4/src/main.c **** *     Although NATIONS has attempted to provide accurate and reliable information, NATIONS assumes 
  20:../CM4/src/main.c **** * no responsibility for the accuracy and reliability of this software.
  21:../CM4/src/main.c **** * 
  22:../CM4/src/main.c **** *     It is the responsibility of the user of this software to properly design, program, and test 
  23:../CM4/src/main.c **** * the functionality and safety of any application made of this information and any resulting produc
  24:../CM4/src/main.c **** * In no event shall NATIONS be liable for any direct, indirect, incidental, special,exemplary, or 
  25:../CM4/src/main.c **** * consequential damages arising in any way out of the use of this software or the Product.
  26:../CM4/src/main.c **** *
  27:../CM4/src/main.c **** *     NATIONS Products are neither intended nor warranted for usage in systems or equipment, any
  28:../CM4/src/main.c **** * malfunction or failure of which may cause loss of human life, bodily injury or severe property 
  29:../CM4/src/main.c **** * damage. Such applications are deemed, "Insecure Usage".
  30:../CM4/src/main.c **** *
  31:../CM4/src/main.c **** *     All Insecure Usage shall be made at user's risk. User shall indemnify NATIONS and hold NATION
  32:../CM4/src/main.c **** * harmless from and against all claims, costs, damages, and other liabilities, arising from or rela
ARM GAS  /tmp/ccE2MOSA.s 			page 2


  33:../CM4/src/main.c **** * to any customer's Insecure Usage.
  34:../CM4/src/main.c **** 
  35:../CM4/src/main.c **** *     Any express or implied warranty with regard to this software or the Product, including,but no
  36:../CM4/src/main.c **** * limited to, the warranties of merchantability, fitness for a particular purpose and non-infringem
  37:../CM4/src/main.c **** * are disclaimed to the fullest extent permitted by law.
  38:../CM4/src/main.c **** 
  39:../CM4/src/main.c **** *     Unless otherwise explicitly permitted by NATIONS, anyone may not duplicate, modify, transcrib
  40:../CM4/src/main.c **** * or otherwise distribute this software for any purposes, in whole or in part.
  41:../CM4/src/main.c **** *
  42:../CM4/src/main.c **** *     NATIONS products and technologies shall not be used for or incorporated into any products or 
  43:../CM4/src/main.c **** * whose manufacture, use, or sale is prohibited under any applicable domestic or foreign laws or re
  44:../CM4/src/main.c **** * User shall comply with any applicable export control laws and regulations promulgated and adminis
  45:../CM4/src/main.c **** * the governments of any countries asserting jurisdiction over the parties or transactions.
  46:../CM4/src/main.c **** **/
  47:../CM4/src/main.c ****  
  48:../CM4/src/main.c **** /**
  49:../CM4/src/main.c ****  *\*\file main.c
  50:../CM4/src/main.c ****  *\*\author Nations
  51:../CM4/src/main.c ****  *\*\version v1.0.0
  52:../CM4/src/main.c ****  *\*\copyright Copyright (c) 2025, Nations Technologies Inc. All rights reserved.
  53:../CM4/src/main.c ****  **/
  54:../CM4/src/main.c **** 
  55:../CM4/src/main.c **** #include "main.h"
  56:../CM4/src/main.c **** #include "delay.h"
  57:../CM4/src/main.c **** #include "log.h"
  58:../CM4/src/main.c **** 
  59:../CM4/src/main.c **** void GPIO_Configuration(void);
  60:../CM4/src/main.c **** void RCC_Configuration(void);
  61:../CM4/src/main.c **** /**
  62:../CM4/src/main.c ****  *\*\name   main.
  63:../CM4/src/main.c ****  *\*\fun    Main program.
  64:../CM4/src/main.c ****  *\*\param  none
  65:../CM4/src/main.c ****  *\*\return none
  66:../CM4/src/main.c ****  */
  67:../CM4/src/main.c **** int main(void)
  68:../CM4/src/main.c **** {
  27              		.loc 1 68 1
  28              		.cfi_startproc
  29              		@ args = 0, pretend = 0, frame = 0
  30              		@ frame_needed = 1, uses_anonymous_args = 0
  31 0000 80B5     		push	{r7, lr}
  32              	.LCFI0:
  33              		.cfi_def_cfa_offset 8
  34              		.cfi_offset 7, -8
  35              		.cfi_offset 14, -4
  36 0002 00AF     		add	r7, sp, #0
  37              	.LCFI1:
  38              		.cfi_def_cfa_register 7
  69:../CM4/src/main.c ****     /* Add Cortex-M4 user application code here */
  70:../CM4/src/main.c ****     /* RCC configuration -------------------------------------------------------*/
  71:../CM4/src/main.c ****     RCC_Configuration();
  39              		.loc 1 71 5
  40 0004 FFF7FEFF 		bl	RCC_Configuration
  72:../CM4/src/main.c ****     /* GPIO configuration ------------------------------------------------------*/
  73:../CM4/src/main.c ****     GPIO_Configuration();
  41              		.loc 1 73 5
  42 0008 FFF7FEFF 		bl	GPIO_Configuration
ARM GAS  /tmp/ccE2MOSA.s 			page 3


  43              	.L2:
  74:../CM4/src/main.c ****     
  75:../CM4/src/main.c ****     while (1)
  76:../CM4/src/main.c ****     {
  77:../CM4/src/main.c ****         GPIO_SetBits(LED2_PORT,LED2_PIN);
  44              		.loc 1 77 9
  45 000c 4FF40051 		mov	r1, #8192
  46 0010 0848     		ldr	r0, .L3
  47 0012 FFF7FEFF 		bl	GPIO_SetBits
  78:../CM4/src/main.c ****         systick_delay_ms(1000);
  48              		.loc 1 78 9
  49 0016 4FF47A70 		mov	r0, #1000
  50 001a FFF7FEFF 		bl	systick_delay_ms
  79:../CM4/src/main.c ****         GPIO_ResetBits(LED2_PORT,LED2_PIN);
  51              		.loc 1 79 9
  52 001e 4FF40051 		mov	r1, #8192
  53 0022 0448     		ldr	r0, .L3
  54 0024 FFF7FEFF 		bl	GPIO_ResetBits
  80:../CM4/src/main.c ****         systick_delay_ms(1000);
  55              		.loc 1 80 9 discriminator 1
  56 0028 4FF47A70 		mov	r0, #1000
  57 002c FFF7FEFF 		bl	systick_delay_ms
  77:../CM4/src/main.c ****         systick_delay_ms(1000);
  58              		.loc 1 77 9
  59 0030 00BF     		nop
  60 0032 EBE7     		b	.L2
  61              	.L4:
  62              		.align	2
  63              	.L3:
  64 0034 00340358 		.word	1476604928
  65              		.cfi_endproc
  66              	.LFE135:
  68              		.section	.text.GPIO_Configuration,"ax",%progbits
  69              		.align	1
  70              		.global	GPIO_Configuration
  71              		.syntax unified
  72              		.thumb
  73              		.thumb_func
  75              	GPIO_Configuration:
  76              	.LFB136:
  81:../CM4/src/main.c ****     }
  82:../CM4/src/main.c **** }
  83:../CM4/src/main.c **** 
  84:../CM4/src/main.c **** /**
  85:../CM4/src/main.c **** *\*\name    GPIO_Configuration.
  86:../CM4/src/main.c **** *\*\fun     Configures the different GPIO ports.
  87:../CM4/src/main.c **** *\*\return  none
  88:../CM4/src/main.c **** **/
  89:../CM4/src/main.c **** void GPIO_Configuration(void)
  90:../CM4/src/main.c **** {
  77              		.loc 1 90 1
  78              		.cfi_startproc
  79              		@ args = 0, pretend = 0, frame = 24
  80              		@ frame_needed = 1, uses_anonymous_args = 0
  81 0000 80B5     		push	{r7, lr}
  82              	.LCFI2:
  83              		.cfi_def_cfa_offset 8
ARM GAS  /tmp/ccE2MOSA.s 			page 4


  84              		.cfi_offset 7, -8
  85              		.cfi_offset 14, -4
  86 0002 86B0     		sub	sp, sp, #24
  87              	.LCFI3:
  88              		.cfi_def_cfa_offset 32
  89 0004 00AF     		add	r7, sp, #0
  90              	.LCFI4:
  91              		.cfi_def_cfa_register 7
  91:../CM4/src/main.c ****     GPIO_InitType GPIO_InitStructure;
  92:../CM4/src/main.c ****     
  93:../CM4/src/main.c ****     GPIO_InitStruct(&GPIO_InitStructure);
  92              		.loc 1 93 5
  93 0006 3B46     		mov	r3, r7
  94 0008 1846     		mov	r0, r3
  95 000a FFF7FEFF 		bl	GPIO_InitStruct
  94:../CM4/src/main.c ****     GPIO_InitStructure.Pin     = LED2_PIN;
  96              		.loc 1 94 32
  97 000e 4FF40053 		mov	r3, #8192
  98 0012 3B60     		str	r3, [r7]
  95:../CM4/src/main.c ****     GPIO_InitStructure.GPIO_Mode    = GPIO_MODE_OUTPUT_PP;
  99              		.loc 1 95 37
 100 0014 0123     		movs	r3, #1
 101 0016 7B60     		str	r3, [r7, #4]
  96:../CM4/src/main.c ****     GPIO_InitStructure.GPIO_Pull    = GPIO_NO_PULL;
 102              		.loc 1 96 37
 103 0018 0023     		movs	r3, #0
 104 001a BB60     		str	r3, [r7, #8]
  97:../CM4/src/main.c ****     GPIO_InitPeripheral( LED2_PORT, &GPIO_InitStructure );
 105              		.loc 1 97 5
 106 001c 3B46     		mov	r3, r7
 107 001e 1946     		mov	r1, r3
 108 0020 0348     		ldr	r0, .L6
 109 0022 FFF7FEFF 		bl	GPIO_InitPeripheral
  98:../CM4/src/main.c **** }
 110              		.loc 1 98 1
 111 0026 00BF     		nop
 112 0028 1837     		adds	r7, r7, #24
 113              	.LCFI5:
 114              		.cfi_def_cfa_offset 8
 115 002a BD46     		mov	sp, r7
 116              	.LCFI6:
 117              		.cfi_def_cfa_register 13
 118              		@ sp needed
 119 002c 80BD     		pop	{r7, pc}
 120              	.L7:
 121 002e 00BF     		.align	2
 122              	.L6:
 123 0030 00340358 		.word	1476604928
 124              		.cfi_endproc
 125              	.LFE136:
 127              		.section	.text.RCC_Configuration,"ax",%progbits
 128              		.align	1
 129              		.global	RCC_Configuration
 130              		.syntax unified
 131              		.thumb
 132              		.thumb_func
 134              	RCC_Configuration:
ARM GAS  /tmp/ccE2MOSA.s 			page 5


 135              	.LFB137:
  99:../CM4/src/main.c **** /**
 100:../CM4/src/main.c **** *\*\name    RCC_Configuration.
 101:../CM4/src/main.c **** *\*\fun     Configures the different system clocks.
 102:../CM4/src/main.c **** *\*\return  none
 103:../CM4/src/main.c **** **/
 104:../CM4/src/main.c **** void RCC_Configuration(void)
 105:../CM4/src/main.c **** {
 136              		.loc 1 105 1
 137              		.cfi_startproc
 138              		@ args = 0, pretend = 0, frame = 0
 139              		@ frame_needed = 1, uses_anonymous_args = 0
 140 0000 80B5     		push	{r7, lr}
 141              	.LCFI7:
 142              		.cfi_def_cfa_offset 8
 143              		.cfi_offset 7, -8
 144              		.cfi_offset 14, -4
 145 0002 00AF     		add	r7, sp, #0
 146              	.LCFI8:
 147              		.cfi_def_cfa_register 7
 106:../CM4/src/main.c ****     /* Enable peripheral clocks ------------------------------------------------*/
 107:../CM4/src/main.c ****     /* Enable LED2 clocks */
 108:../CM4/src/main.c ****     RCC_EnableAHB5PeriphClk1(LED2_CLOCK, ENABLE);
 148              		.loc 1 108 5
 149 0004 0121     		movs	r1, #1
 150 0006 4FF48020 		mov	r0, #262144
 151 000a FFF7FEFF 		bl	RCC_EnableAHB5PeriphClk1
 109:../CM4/src/main.c **** }
 152              		.loc 1 109 1
 153 000e 00BF     		nop
 154 0010 80BD     		pop	{r7, pc}
 155              		.cfi_endproc
 156              	.LFE137:
 158              		.text
 159              	.Letext0:
 160              		.file 2 "/usr/lib/gcc/arm-none-eabi/13.2.1/include/stdint.h"
 161              		.file 3 "../../../firmware/CMSIS/device/n32h7xx.h"
 162              		.file 4 "../../../firmware/n32h7xx_std_periph_driver/inc/n32h7xx_gpio.h"
 163              		.file 5 "../../../firmware/n32h7xx_std_periph_driver/inc/n32h7xx_rcc.h"
 164              		.file 6 "../../../projects/bsp/inc/delay.h"
ARM GAS  /tmp/ccE2MOSA.s 			page 6


DEFINED SYMBOLS
                            *ABS*:00000000 main.c
     /tmp/ccE2MOSA.s:19     .text.main:00000000 $t
     /tmp/ccE2MOSA.s:25     .text.main:00000000 main
     /tmp/ccE2MOSA.s:134    .text.RCC_Configuration:00000000 RCC_Configuration
     /tmp/ccE2MOSA.s:75     .text.GPIO_Configuration:00000000 GPIO_Configuration
     /tmp/ccE2MOSA.s:64     .text.main:00000034 $d
     /tmp/ccE2MOSA.s:69     .text.GPIO_Configuration:00000000 $t
     /tmp/ccE2MOSA.s:123    .text.GPIO_Configuration:00000030 $d
     /tmp/ccE2MOSA.s:128    .text.RCC_Configuration:00000000 $t

UNDEFINED SYMBOLS
GPIO_SetBits
systick_delay_ms
GPIO_ResetBits
GPIO_InitStruct
GPIO_InitPeripheral
RCC_EnableAHB5PeriphClk1
