ARM GAS  /tmp/ccP0Ol0r.s 			page 1


   1              		.cpu cortex-m4
   2              		.arch armv7e-m
   3              		.fpu softvfp
   4              		.eabi_attribute 20, 1
   5              		.eabi_attribute 21, 1
   6              		.eabi_attribute 23, 3
   7              		.eabi_attribute 24, 1
   8              		.eabi_attribute 25, 1
   9              		.eabi_attribute 26, 1
  10              		.eabi_attribute 30, 6
  11              		.eabi_attribute 34, 1
  12              		.eabi_attribute 18, 4
  13              		.file	"n32h7xx_it.c"
  14              		.text
  15              	.Ltext0:
  16              		.cfi_sections	.debug_frame
  17              		.file 1 "../CM4/src/n32h7xx_it.c"
  18              		.section	.text.NMI_Handler,"ax",%progbits
  19              		.align	1
  20              		.global	NMI_Handler
  21              		.syntax unified
  22              		.thumb
  23              		.thumb_func
  25              	NMI_Handler:
  26              	.LFB135:
   1:../CM4/src/n32h7xx_it.c **** /**
   2:../CM4/src/n32h7xx_it.c **** *     Copyright (c) 2025, Nations Technologies Inc.
   3:../CM4/src/n32h7xx_it.c **** * 
   4:../CM4/src/n32h7xx_it.c **** *     All rights reserved.
   5:../CM4/src/n32h7xx_it.c **** *
   6:../CM4/src/n32h7xx_it.c **** *     This software is the exclusive property of Nations Technologies Inc. (Hereinafter 
   7:../CM4/src/n32h7xx_it.c **** * referred to as NATIONS). This software, and the product of NATIONS described herein 
   8:../CM4/src/n32h7xx_it.c **** * (Hereinafter referred to as the Product) are owned by NATIONS under the laws and treaties
   9:../CM4/src/n32h7xx_it.c **** * of the People's Republic of China and other applicable jurisdictions worldwide.
  10:../CM4/src/n32h7xx_it.c **** *
  11:../CM4/src/n32h7xx_it.c **** *     NATIONS does not grant any license under its patents, copyrights, trademarks, or other 
  12:../CM4/src/n32h7xx_it.c **** * intellectual property rights. Names and brands of third party may be mentioned or referred 
  13:../CM4/src/n32h7xx_it.c **** * thereto (if any) for identification purposes only.
  14:../CM4/src/n32h7xx_it.c **** *
  15:../CM4/src/n32h7xx_it.c **** *     NATIONS reserves the right to make changes, corrections, enhancements, modifications, and 
  16:../CM4/src/n32h7xx_it.c **** * improvements to this software at any time without notice. Please contact NATIONS and obtain 
  17:../CM4/src/n32h7xx_it.c **** * the latest version of this software before placing orders.
  18:../CM4/src/n32h7xx_it.c **** 
  19:../CM4/src/n32h7xx_it.c **** *     Although NATIONS has attempted to provide accurate and reliable information, NATIONS assumes 
  20:../CM4/src/n32h7xx_it.c **** * no responsibility for the accuracy and reliability of this software.
  21:../CM4/src/n32h7xx_it.c **** * 
  22:../CM4/src/n32h7xx_it.c **** *     It is the responsibility of the user of this software to properly design, program, and test 
  23:../CM4/src/n32h7xx_it.c **** * the functionality and safety of any application made of this information and any resulting produc
  24:../CM4/src/n32h7xx_it.c **** * In no event shall NATIONS be liable for any direct, indirect, incidental, special,exemplary, or 
  25:../CM4/src/n32h7xx_it.c **** * consequential damages arising in any way out of the use of this software or the Product.
  26:../CM4/src/n32h7xx_it.c **** *
  27:../CM4/src/n32h7xx_it.c **** *     NATIONS Products are neither intended nor warranted for usage in systems or equipment, any
  28:../CM4/src/n32h7xx_it.c **** * malfunction or failure of which may cause loss of human life, bodily injury or severe property 
  29:../CM4/src/n32h7xx_it.c **** * damage. Such applications are deemed, "Insecure Usage".
  30:../CM4/src/n32h7xx_it.c **** *
  31:../CM4/src/n32h7xx_it.c **** *     All Insecure Usage shall be made at user's risk. User shall indemnify NATIONS and hold NATION
  32:../CM4/src/n32h7xx_it.c **** * harmless from and against all claims, costs, damages, and other liabilities, arising from or rela
ARM GAS  /tmp/ccP0Ol0r.s 			page 2


  33:../CM4/src/n32h7xx_it.c **** * to any customer's Insecure Usage.
  34:../CM4/src/n32h7xx_it.c **** 
  35:../CM4/src/n32h7xx_it.c **** *     Any express or implied warranty with regard to this software or the Product, including,but no
  36:../CM4/src/n32h7xx_it.c **** * limited to, the warranties of merchantability, fitness for a particular purpose and non-infringem
  37:../CM4/src/n32h7xx_it.c **** * are disclaimed to the fullest extent permitted by law.
  38:../CM4/src/n32h7xx_it.c **** 
  39:../CM4/src/n32h7xx_it.c **** *     Unless otherwise explicitly permitted by NATIONS, anyone may not duplicate, modify, transcrib
  40:../CM4/src/n32h7xx_it.c **** * or otherwise distribute this software for any purposes, in whole or in part.
  41:../CM4/src/n32h7xx_it.c **** *
  42:../CM4/src/n32h7xx_it.c **** *     NATIONS products and technologies shall not be used for or incorporated into any products or 
  43:../CM4/src/n32h7xx_it.c **** * whose manufacture, use, or sale is prohibited under any applicable domestic or foreign laws or re
  44:../CM4/src/n32h7xx_it.c **** * User shall comply with any applicable export control laws and regulations promulgated and adminis
  45:../CM4/src/n32h7xx_it.c **** * the governments of any countries asserting jurisdiction over the parties or transactions.
  46:../CM4/src/n32h7xx_it.c **** **/
  47:../CM4/src/n32h7xx_it.c ****  
  48:../CM4/src/n32h7xx_it.c **** /**
  49:../CM4/src/n32h7xx_it.c ****  *\*\file n32h7xx_it.c
  50:../CM4/src/n32h7xx_it.c ****  *\*\author Nations
  51:../CM4/src/n32h7xx_it.c ****  *\*\version v1.0.0
  52:../CM4/src/n32h7xx_it.c ****  *\*\copyright Copyright (c) 2025, Nations Technologies Inc. All rights reserved.
  53:../CM4/src/n32h7xx_it.c ****  **/
  54:../CM4/src/n32h7xx_it.c **** 
  55:../CM4/src/n32h7xx_it.c **** #include "n32h7xx_it.h"
  56:../CM4/src/n32h7xx_it.c **** #include "n32h7xx.h"
  57:../CM4/src/n32h7xx_it.c **** #include "main.h"
  58:../CM4/src/n32h7xx_it.c **** 
  59:../CM4/src/n32h7xx_it.c **** /***  Cortex-M7 Processor Exceptions Handlers ***/
  60:../CM4/src/n32h7xx_it.c **** 
  61:../CM4/src/n32h7xx_it.c **** /**
  62:../CM4/src/n32h7xx_it.c ****  *\*\name   NMI_Handler.
  63:../CM4/src/n32h7xx_it.c ****  *\*\fun    This function handles NMI exception.
  64:../CM4/src/n32h7xx_it.c ****  *\*\param  none
  65:../CM4/src/n32h7xx_it.c ****  *\*\return none
  66:../CM4/src/n32h7xx_it.c ****  */
  67:../CM4/src/n32h7xx_it.c **** void NMI_Handler(void)
  68:../CM4/src/n32h7xx_it.c **** {
  27              		.loc 1 68 1
  28              		.cfi_startproc
  29              		@ args = 0, pretend = 0, frame = 0
  30              		@ frame_needed = 1, uses_anonymous_args = 0
  31              		@ link register save eliminated.
  32 0000 80B4     		push	{r7}
  33              	.LCFI0:
  34              		.cfi_def_cfa_offset 4
  35              		.cfi_offset 7, -4
  36 0002 00AF     		add	r7, sp, #0
  37              	.LCFI1:
  38              		.cfi_def_cfa_register 7
  69:../CM4/src/n32h7xx_it.c **** }
  39              		.loc 1 69 1
  40 0004 00BF     		nop
  41 0006 BD46     		mov	sp, r7
  42              	.LCFI2:
  43              		.cfi_def_cfa_register 13
  44              		@ sp needed
  45 0008 80BC     		pop	{r7}
  46              	.LCFI3:
ARM GAS  /tmp/ccP0Ol0r.s 			page 3


  47              		.cfi_restore 7
  48              		.cfi_def_cfa_offset 0
  49 000a 7047     		bx	lr
  50              		.cfi_endproc
  51              	.LFE135:
  53              		.section	.text.HardFault_Handler,"ax",%progbits
  54              		.align	1
  55              		.global	HardFault_Handler
  56              		.syntax unified
  57              		.thumb
  58              		.thumb_func
  60              	HardFault_Handler:
  61              	.LFB136:
  70:../CM4/src/n32h7xx_it.c **** 
  71:../CM4/src/n32h7xx_it.c **** /**
  72:../CM4/src/n32h7xx_it.c **** *\*\name    HardFault_Handler.
  73:../CM4/src/n32h7xx_it.c **** *\*\fun     This function handles Hard Fault exception.
  74:../CM4/src/n32h7xx_it.c **** *\*\return  None
  75:../CM4/src/n32h7xx_it.c **** **/
  76:../CM4/src/n32h7xx_it.c **** void HardFault_Handler(void)
  77:../CM4/src/n32h7xx_it.c **** {
  62              		.loc 1 77 1
  63              		.cfi_startproc
  64              		@ args = 0, pretend = 0, frame = 0
  65              		@ frame_needed = 1, uses_anonymous_args = 0
  66              		@ link register save eliminated.
  67 0000 80B4     		push	{r7}
  68              	.LCFI4:
  69              		.cfi_def_cfa_offset 4
  70              		.cfi_offset 7, -4
  71 0002 00AF     		add	r7, sp, #0
  72              	.LCFI5:
  73              		.cfi_def_cfa_register 7
  74              	.L3:
  78:../CM4/src/n32h7xx_it.c ****     /* Go to infinite loop when Hard Fault exception occurs */
  79:../CM4/src/n32h7xx_it.c ****     while (1)
  75              		.loc 1 79 11
  76 0004 00BF     		nop
  77 0006 FDE7     		b	.L3
  78              		.cfi_endproc
  79              	.LFE136:
  81              		.section	.text.MemManage_Handler,"ax",%progbits
  82              		.align	1
  83              		.global	MemManage_Handler
  84              		.syntax unified
  85              		.thumb
  86              		.thumb_func
  88              	MemManage_Handler:
  89              	.LFB137:
  80:../CM4/src/n32h7xx_it.c ****     {
  81:../CM4/src/n32h7xx_it.c ****     }
  82:../CM4/src/n32h7xx_it.c **** }
  83:../CM4/src/n32h7xx_it.c **** 
  84:../CM4/src/n32h7xx_it.c **** /**
  85:../CM4/src/n32h7xx_it.c ****  *\*\name   MemManage_Handler.
  86:../CM4/src/n32h7xx_it.c ****  *\*\fun    This function handles Memory Manage exception.
  87:../CM4/src/n32h7xx_it.c ****  *\*\param  none
ARM GAS  /tmp/ccP0Ol0r.s 			page 4


  88:../CM4/src/n32h7xx_it.c ****  *\*\return none
  89:../CM4/src/n32h7xx_it.c ****  */
  90:../CM4/src/n32h7xx_it.c **** void MemManage_Handler(void)
  91:../CM4/src/n32h7xx_it.c **** {
  90              		.loc 1 91 1
  91              		.cfi_startproc
  92              		@ args = 0, pretend = 0, frame = 0
  93              		@ frame_needed = 1, uses_anonymous_args = 0
  94              		@ link register save eliminated.
  95 0000 80B4     		push	{r7}
  96              	.LCFI6:
  97              		.cfi_def_cfa_offset 4
  98              		.cfi_offset 7, -4
  99 0002 00AF     		add	r7, sp, #0
 100              	.LCFI7:
 101              		.cfi_def_cfa_register 7
 102              	.L5:
  92:../CM4/src/n32h7xx_it.c ****     /* Go to infinite loop when Memory Manage exception occurs */
  93:../CM4/src/n32h7xx_it.c ****     while (1)
 103              		.loc 1 93 11
 104 0004 00BF     		nop
 105 0006 FDE7     		b	.L5
 106              		.cfi_endproc
 107              	.LFE137:
 109              		.section	.text.BusFault_Handler,"ax",%progbits
 110              		.align	1
 111              		.global	BusFault_Handler
 112              		.syntax unified
 113              		.thumb
 114              		.thumb_func
 116              	BusFault_Handler:
 117              	.LFB138:
  94:../CM4/src/n32h7xx_it.c ****     {
  95:../CM4/src/n32h7xx_it.c ****     }
  96:../CM4/src/n32h7xx_it.c **** }
  97:../CM4/src/n32h7xx_it.c **** 
  98:../CM4/src/n32h7xx_it.c **** /**
  99:../CM4/src/n32h7xx_it.c ****  *\*\name   BusFault_Handler.
 100:../CM4/src/n32h7xx_it.c ****  *\*\fun    This function handles Bus Fault exception.
 101:../CM4/src/n32h7xx_it.c ****  *\*\param  none
 102:../CM4/src/n32h7xx_it.c ****  *\*\return none
 103:../CM4/src/n32h7xx_it.c ****  */
 104:../CM4/src/n32h7xx_it.c **** void BusFault_Handler(void)
 105:../CM4/src/n32h7xx_it.c **** {
 118              		.loc 1 105 1
 119              		.cfi_startproc
 120              		@ args = 0, pretend = 0, frame = 0
 121              		@ frame_needed = 1, uses_anonymous_args = 0
 122              		@ link register save eliminated.
 123 0000 80B4     		push	{r7}
 124              	.LCFI8:
 125              		.cfi_def_cfa_offset 4
 126              		.cfi_offset 7, -4
 127 0002 00AF     		add	r7, sp, #0
 128              	.LCFI9:
 129              		.cfi_def_cfa_register 7
 130              	.L7:
ARM GAS  /tmp/ccP0Ol0r.s 			page 5


 106:../CM4/src/n32h7xx_it.c ****     /* Go to infinite loop when Bus Fault exception occurs */
 107:../CM4/src/n32h7xx_it.c ****     while (1)
 131              		.loc 1 107 11
 132 0004 00BF     		nop
 133 0006 FDE7     		b	.L7
 134              		.cfi_endproc
 135              	.LFE138:
 137              		.section	.text.UsageFault_Handler,"ax",%progbits
 138              		.align	1
 139              		.global	UsageFault_Handler
 140              		.syntax unified
 141              		.thumb
 142              		.thumb_func
 144              	UsageFault_Handler:
 145              	.LFB139:
 108:../CM4/src/n32h7xx_it.c ****     {
 109:../CM4/src/n32h7xx_it.c ****     }
 110:../CM4/src/n32h7xx_it.c **** }
 111:../CM4/src/n32h7xx_it.c **** 
 112:../CM4/src/n32h7xx_it.c **** /**
 113:../CM4/src/n32h7xx_it.c ****  *\*\name   UsageFault_Handler.
 114:../CM4/src/n32h7xx_it.c ****  *\*\fun    This function handles Usage Fault exception.
 115:../CM4/src/n32h7xx_it.c ****  *\*\param  none
 116:../CM4/src/n32h7xx_it.c ****  *\*\return none
 117:../CM4/src/n32h7xx_it.c ****  */
 118:../CM4/src/n32h7xx_it.c **** void UsageFault_Handler(void)
 119:../CM4/src/n32h7xx_it.c **** {
 146              		.loc 1 119 1
 147              		.cfi_startproc
 148              		@ args = 0, pretend = 0, frame = 0
 149              		@ frame_needed = 1, uses_anonymous_args = 0
 150              		@ link register save eliminated.
 151 0000 80B4     		push	{r7}
 152              	.LCFI10:
 153              		.cfi_def_cfa_offset 4
 154              		.cfi_offset 7, -4
 155 0002 00AF     		add	r7, sp, #0
 156              	.LCFI11:
 157              		.cfi_def_cfa_register 7
 158              	.L9:
 120:../CM4/src/n32h7xx_it.c ****     /* Go to infinite loop when Usage Fault exception occurs */
 121:../CM4/src/n32h7xx_it.c ****     while (1)
 159              		.loc 1 121 11
 160 0004 00BF     		nop
 161 0006 FDE7     		b	.L9
 162              		.cfi_endproc
 163              	.LFE139:
 165              		.section	.text.SVC_Handler,"ax",%progbits
 166              		.align	1
 167              		.global	SVC_Handler
 168              		.syntax unified
 169              		.thumb
 170              		.thumb_func
 172              	SVC_Handler:
 173              	.LFB140:
 122:../CM4/src/n32h7xx_it.c ****     {
 123:../CM4/src/n32h7xx_it.c ****     }
ARM GAS  /tmp/ccP0Ol0r.s 			page 6


 124:../CM4/src/n32h7xx_it.c **** }
 125:../CM4/src/n32h7xx_it.c **** 
 126:../CM4/src/n32h7xx_it.c **** /**
 127:../CM4/src/n32h7xx_it.c ****  *\*\name   SVC_Handler.
 128:../CM4/src/n32h7xx_it.c ****  *\*\fun    This function handles SVCall exception.
 129:../CM4/src/n32h7xx_it.c ****  *\*\param  none
 130:../CM4/src/n32h7xx_it.c ****  *\*\return none
 131:../CM4/src/n32h7xx_it.c ****  */
 132:../CM4/src/n32h7xx_it.c **** void SVC_Handler(void)
 133:../CM4/src/n32h7xx_it.c **** {
 174              		.loc 1 133 1
 175              		.cfi_startproc
 176              		@ args = 0, pretend = 0, frame = 0
 177              		@ frame_needed = 1, uses_anonymous_args = 0
 178              		@ link register save eliminated.
 179 0000 80B4     		push	{r7}
 180              	.LCFI12:
 181              		.cfi_def_cfa_offset 4
 182              		.cfi_offset 7, -4
 183 0002 00AF     		add	r7, sp, #0
 184              	.LCFI13:
 185              		.cfi_def_cfa_register 7
 134:../CM4/src/n32h7xx_it.c **** }
 186              		.loc 1 134 1
 187 0004 00BF     		nop
 188 0006 BD46     		mov	sp, r7
 189              	.LCFI14:
 190              		.cfi_def_cfa_register 13
 191              		@ sp needed
 192 0008 80BC     		pop	{r7}
 193              	.LCFI15:
 194              		.cfi_restore 7
 195              		.cfi_def_cfa_offset 0
 196 000a 7047     		bx	lr
 197              		.cfi_endproc
 198              	.LFE140:
 200              		.section	.text.DebugMon_Handler,"ax",%progbits
 201              		.align	1
 202              		.global	DebugMon_Handler
 203              		.syntax unified
 204              		.thumb
 205              		.thumb_func
 207              	DebugMon_Handler:
 208              	.LFB141:
 135:../CM4/src/n32h7xx_it.c **** 
 136:../CM4/src/n32h7xx_it.c **** /**
 137:../CM4/src/n32h7xx_it.c ****  *\*\name   DebugMon_Handler.
 138:../CM4/src/n32h7xx_it.c ****  *\*\fun    This function handles Debug Monitor exception.
 139:../CM4/src/n32h7xx_it.c ****  *\*\param  none
 140:../CM4/src/n32h7xx_it.c ****  *\*\return none
 141:../CM4/src/n32h7xx_it.c ****  */
 142:../CM4/src/n32h7xx_it.c **** void DebugMon_Handler(void)
 143:../CM4/src/n32h7xx_it.c **** {
 209              		.loc 1 143 1
 210              		.cfi_startproc
 211              		@ args = 0, pretend = 0, frame = 0
 212              		@ frame_needed = 1, uses_anonymous_args = 0
ARM GAS  /tmp/ccP0Ol0r.s 			page 7


 213              		@ link register save eliminated.
 214 0000 80B4     		push	{r7}
 215              	.LCFI16:
 216              		.cfi_def_cfa_offset 4
 217              		.cfi_offset 7, -4
 218 0002 00AF     		add	r7, sp, #0
 219              	.LCFI17:
 220              		.cfi_def_cfa_register 7
 144:../CM4/src/n32h7xx_it.c **** }
 221              		.loc 1 144 1
 222 0004 00BF     		nop
 223 0006 BD46     		mov	sp, r7
 224              	.LCFI18:
 225              		.cfi_def_cfa_register 13
 226              		@ sp needed
 227 0008 80BC     		pop	{r7}
 228              	.LCFI19:
 229              		.cfi_restore 7
 230              		.cfi_def_cfa_offset 0
 231 000a 7047     		bx	lr
 232              		.cfi_endproc
 233              	.LFE141:
 235              		.section	.text.SysTick_Handler,"ax",%progbits
 236              		.align	1
 237              		.global	SysTick_Handler
 238              		.syntax unified
 239              		.thumb
 240              		.thumb_func
 242              	SysTick_Handler:
 243              	.LFB142:
 145:../CM4/src/n32h7xx_it.c **** 
 146:../CM4/src/n32h7xx_it.c **** /**
 147:../CM4/src/n32h7xx_it.c ****  *\*\name   SysTick_Handler.
 148:../CM4/src/n32h7xx_it.c ****  *\*\fun    This function handles SysTick Handler.
 149:../CM4/src/n32h7xx_it.c ****  *\*\param  none
 150:../CM4/src/n32h7xx_it.c ****  *\*\return none
 151:../CM4/src/n32h7xx_it.c ****  */
 152:../CM4/src/n32h7xx_it.c **** void SysTick_Handler(void)
 153:../CM4/src/n32h7xx_it.c **** {
 244              		.loc 1 153 1
 245              		.cfi_startproc
 246              		@ args = 0, pretend = 0, frame = 0
 247              		@ frame_needed = 1, uses_anonymous_args = 0
 248              		@ link register save eliminated.
 249 0000 80B4     		push	{r7}
 250              	.LCFI20:
 251              		.cfi_def_cfa_offset 4
 252              		.cfi_offset 7, -4
 253 0002 00AF     		add	r7, sp, #0
 254              	.LCFI21:
 255              		.cfi_def_cfa_register 7
 154:../CM4/src/n32h7xx_it.c **** }
 256              		.loc 1 154 1
 257 0004 00BF     		nop
 258 0006 BD46     		mov	sp, r7
 259              	.LCFI22:
 260              		.cfi_def_cfa_register 13
ARM GAS  /tmp/ccP0Ol0r.s 			page 8


 261              		@ sp needed
 262 0008 80BC     		pop	{r7}
 263              	.LCFI23:
 264              		.cfi_restore 7
 265              		.cfi_def_cfa_offset 0
 266 000a 7047     		bx	lr
 267              		.cfi_endproc
 268              	.LFE142:
 270              		.text
 271              	.Letext0:
ARM GAS  /tmp/ccP0Ol0r.s 			page 9


DEFINED SYMBOLS
                            *ABS*:00000000 n32h7xx_it.c
     /tmp/ccP0Ol0r.s:19     .text.NMI_Handler:00000000 $t
     /tmp/ccP0Ol0r.s:25     .text.NMI_Handler:00000000 NMI_Handler
     /tmp/ccP0Ol0r.s:54     .text.HardFault_Handler:00000000 $t
     /tmp/ccP0Ol0r.s:60     .text.HardFault_Handler:00000000 HardFault_Handler
     /tmp/ccP0Ol0r.s:82     .text.MemManage_Handler:00000000 $t
     /tmp/ccP0Ol0r.s:88     .text.MemManage_Handler:00000000 MemManage_Handler
     /tmp/ccP0Ol0r.s:110    .text.BusFault_Handler:00000000 $t
     /tmp/ccP0Ol0r.s:116    .text.BusFault_Handler:00000000 BusFault_Handler
     /tmp/ccP0Ol0r.s:138    .text.UsageFault_Handler:00000000 $t
     /tmp/ccP0Ol0r.s:144    .text.UsageFault_Handler:00000000 UsageFault_Handler
     /tmp/ccP0Ol0r.s:166    .text.SVC_Handler:00000000 $t
     /tmp/ccP0Ol0r.s:172    .text.SVC_Handler:00000000 SVC_Handler
     /tmp/ccP0Ol0r.s:201    .text.DebugMon_Handler:00000000 $t
     /tmp/ccP0Ol0r.s:207    .text.DebugMon_Handler:00000000 DebugMon_Handler
     /tmp/ccP0Ol0r.s:236    .text.SysTick_Handler:00000000 $t
     /tmp/ccP0Ol0r.s:242    .text.SysTick_Handler:00000000 SysTick_Handler

NO UNDEFINED SYMBOLS
