ARM GAS  /tmp/ccLNiRGu.s 			page 1


   1              		.cpu cortex-m4
   2              		.arch armv7e-m
   3              		.fpu softvfp
   4              		.eabi_attribute 20, 1
   5              		.eabi_attribute 21, 1
   6              		.eabi_attribute 23, 3
   7              		.eabi_attribute 24, 1
   8              		.eabi_attribute 25, 1
   9              		.eabi_attribute 26, 1
  10              		.eabi_attribute 30, 6
  11              		.eabi_attribute 34, 1
  12              		.eabi_attribute 18, 4
  13              		.file	"n32h7xx_vrefbuf.c"
  14              		.text
  15              	.Ltext0:
  16              		.cfi_sections	.debug_frame
  17              		.file 1 "../../../firmware/n32h7xx_std_periph_driver/src/n32h7xx_vrefbuf.c"
  18              		.section	.text.VREFBUF_SetVoltageScale,"ax",%progbits
  19              		.align	1
  20              		.global	VREFBUF_SetVoltageScale
  21              		.syntax unified
  22              		.thumb
  23              		.thumb_func
  25              	VREFBUF_SetVoltageScale:
  26              	.LFB135:
   1:../../../firmware/n32h7xx_std_periph_driver/src/n32h7xx_vrefbuf.c **** /**
   2:../../../firmware/n32h7xx_std_periph_driver/src/n32h7xx_vrefbuf.c **** *     Copyright (c) 2025, Nations Technologies Inc.
   3:../../../firmware/n32h7xx_std_periph_driver/src/n32h7xx_vrefbuf.c **** *
   4:../../../firmware/n32h7xx_std_periph_driver/src/n32h7xx_vrefbuf.c **** *     All rights reserved.
   5:../../../firmware/n32h7xx_std_periph_driver/src/n32h7xx_vrefbuf.c **** *
   6:../../../firmware/n32h7xx_std_periph_driver/src/n32h7xx_vrefbuf.c **** *     This software is the exclusive property of Nations Technologies Inc. (Hereinafter
   7:../../../firmware/n32h7xx_std_periph_driver/src/n32h7xx_vrefbuf.c **** * referred to as NATIONS). This software, and the product of NATIONS described herein
   8:../../../firmware/n32h7xx_std_periph_driver/src/n32h7xx_vrefbuf.c **** * (Hereinafter referred to as the Product) are owned by NATIONS under the laws and treaties
   9:../../../firmware/n32h7xx_std_periph_driver/src/n32h7xx_vrefbuf.c **** * of the People's Republic of China and other applicable jurisdictions worldwide.
  10:../../../firmware/n32h7xx_std_periph_driver/src/n32h7xx_vrefbuf.c **** *
  11:../../../firmware/n32h7xx_std_periph_driver/src/n32h7xx_vrefbuf.c **** *     NATIONS does not grant any license under its patents, copyrights, trademarks, or other
  12:../../../firmware/n32h7xx_std_periph_driver/src/n32h7xx_vrefbuf.c **** * intellectual property rights. Names and brands of third party may be mentioned or referred
  13:../../../firmware/n32h7xx_std_periph_driver/src/n32h7xx_vrefbuf.c **** * thereto (if any) for identification purposes only.
  14:../../../firmware/n32h7xx_std_periph_driver/src/n32h7xx_vrefbuf.c **** *
  15:../../../firmware/n32h7xx_std_periph_driver/src/n32h7xx_vrefbuf.c **** *     NATIONS reserves the right to make changes, corrections, enhancements, modifications, and
  16:../../../firmware/n32h7xx_std_periph_driver/src/n32h7xx_vrefbuf.c **** * improvements to this software at any time without notice. Please contact NATIONS and obtain
  17:../../../firmware/n32h7xx_std_periph_driver/src/n32h7xx_vrefbuf.c **** * the latest version of this software before placing orders.
  18:../../../firmware/n32h7xx_std_periph_driver/src/n32h7xx_vrefbuf.c **** 
  19:../../../firmware/n32h7xx_std_periph_driver/src/n32h7xx_vrefbuf.c **** *     Although NATIONS has attempted to provide accurate and reliable information, NATIONS assumes
  20:../../../firmware/n32h7xx_std_periph_driver/src/n32h7xx_vrefbuf.c **** * no responsibility for the accuracy and reliability of this software.
  21:../../../firmware/n32h7xx_std_periph_driver/src/n32h7xx_vrefbuf.c **** *
  22:../../../firmware/n32h7xx_std_periph_driver/src/n32h7xx_vrefbuf.c **** *     It is the responsibility of the user of this software to properly design, program, and test
  23:../../../firmware/n32h7xx_std_periph_driver/src/n32h7xx_vrefbuf.c **** * the functionality and safety of any application made of this information and any resulting produc
  24:../../../firmware/n32h7xx_std_periph_driver/src/n32h7xx_vrefbuf.c **** * In no event shall NATIONS be liable for any direct, indirect, incidental, special,exemplary, or
  25:../../../firmware/n32h7xx_std_periph_driver/src/n32h7xx_vrefbuf.c **** * consequential damages arising in any way out of the use of this software or the Product.
  26:../../../firmware/n32h7xx_std_periph_driver/src/n32h7xx_vrefbuf.c **** *
  27:../../../firmware/n32h7xx_std_periph_driver/src/n32h7xx_vrefbuf.c **** *     NATIONS Products are neither intended nor warranted for usage in systems or equipment, any
  28:../../../firmware/n32h7xx_std_periph_driver/src/n32h7xx_vrefbuf.c **** * malfunction or failure of which may cause loss of human life, bodily injury or severe property
  29:../../../firmware/n32h7xx_std_periph_driver/src/n32h7xx_vrefbuf.c **** * damage. Such applications are deemed, "Insecure Usage".
  30:../../../firmware/n32h7xx_std_periph_driver/src/n32h7xx_vrefbuf.c **** *
  31:../../../firmware/n32h7xx_std_periph_driver/src/n32h7xx_vrefbuf.c **** *     All Insecure Usage shall be made at user's risk. User shall indemnify NATIONS and hold NATION
  32:../../../firmware/n32h7xx_std_periph_driver/src/n32h7xx_vrefbuf.c **** * harmless from and against all claims, costs, damages, and other liabilities, arising from or rela
ARM GAS  /tmp/ccLNiRGu.s 			page 2


  33:../../../firmware/n32h7xx_std_periph_driver/src/n32h7xx_vrefbuf.c **** * to any customer's Insecure Usage.
  34:../../../firmware/n32h7xx_std_periph_driver/src/n32h7xx_vrefbuf.c **** 
  35:../../../firmware/n32h7xx_std_periph_driver/src/n32h7xx_vrefbuf.c **** *     Any express or implied warranty with regard to this software or the Product, including,but no
  36:../../../firmware/n32h7xx_std_periph_driver/src/n32h7xx_vrefbuf.c **** * limited to, the warranties of merchantability, fitness for a particular purpose and non-infringem
  37:../../../firmware/n32h7xx_std_periph_driver/src/n32h7xx_vrefbuf.c **** * are disclaimed to the fullest extent permitted by law.
  38:../../../firmware/n32h7xx_std_periph_driver/src/n32h7xx_vrefbuf.c **** 
  39:../../../firmware/n32h7xx_std_periph_driver/src/n32h7xx_vrefbuf.c **** *     Unless otherwise explicitly permitted by NATIONS, anyone may not duplicate, modify, transcrib
  40:../../../firmware/n32h7xx_std_periph_driver/src/n32h7xx_vrefbuf.c **** * or otherwise distribute this software for any purposes, in whole or in part.
  41:../../../firmware/n32h7xx_std_periph_driver/src/n32h7xx_vrefbuf.c **** *
  42:../../../firmware/n32h7xx_std_periph_driver/src/n32h7xx_vrefbuf.c **** *     NATIONS products and technologies shall not be used for or incorporated into any products or 
  43:../../../firmware/n32h7xx_std_periph_driver/src/n32h7xx_vrefbuf.c **** * whose manufacture, use, or sale is prohibited under any applicable domestic or foreign laws or re
  44:../../../firmware/n32h7xx_std_periph_driver/src/n32h7xx_vrefbuf.c **** * User shall comply with any applicable export control laws and regulations promulgated and adminis
  45:../../../firmware/n32h7xx_std_periph_driver/src/n32h7xx_vrefbuf.c **** * the governments of any countries asserting jurisdiction over the parties or transactions.
  46:../../../firmware/n32h7xx_std_periph_driver/src/n32h7xx_vrefbuf.c **** **/
  47:../../../firmware/n32h7xx_std_periph_driver/src/n32h7xx_vrefbuf.c **** 
  48:../../../firmware/n32h7xx_std_periph_driver/src/n32h7xx_vrefbuf.c **** /**
  49:../../../firmware/n32h7xx_std_periph_driver/src/n32h7xx_vrefbuf.c **** *\*\file n32h7xx_vrefbuf.c
  50:../../../firmware/n32h7xx_std_periph_driver/src/n32h7xx_vrefbuf.c **** *\*\author Nations
  51:../../../firmware/n32h7xx_std_periph_driver/src/n32h7xx_vrefbuf.c **** *\*\version v1.0.0
  52:../../../firmware/n32h7xx_std_periph_driver/src/n32h7xx_vrefbuf.c **** *\*\copyright Copyright (c) 2025, Nations Technologies Inc. All rights reserved.
  53:../../../firmware/n32h7xx_std_periph_driver/src/n32h7xx_vrefbuf.c **** **/
  54:../../../firmware/n32h7xx_std_periph_driver/src/n32h7xx_vrefbuf.c **** #include "n32h7xx_vrefbuf.h"
  55:../../../firmware/n32h7xx_std_periph_driver/src/n32h7xx_vrefbuf.c **** 
  56:../../../firmware/n32h7xx_std_periph_driver/src/n32h7xx_vrefbuf.c **** /** VREFBUF Driving Functions Declaration **/
  57:../../../firmware/n32h7xx_std_periph_driver/src/n32h7xx_vrefbuf.c **** 
  58:../../../firmware/n32h7xx_std_periph_driver/src/n32h7xx_vrefbuf.c **** /**
  59:../../../firmware/n32h7xx_std_periph_driver/src/n32h7xx_vrefbuf.c **** *\*\name    VREFBUF_SetVoltageScale.
  60:../../../firmware/n32h7xx_std_periph_driver/src/n32h7xx_vrefbuf.c **** *\*\fun     Set the Voltage reference scale.
  61:../../../firmware/n32h7xx_std_periph_driver/src/n32h7xx_vrefbuf.c **** *\*\param   Scale
  62:../../../firmware/n32h7xx_std_periph_driver/src/n32h7xx_vrefbuf.c **** *\*\          - VREFBUF_VOLTAGE_SCALE_2_5V
  63:../../../firmware/n32h7xx_std_periph_driver/src/n32h7xx_vrefbuf.c **** *\*\          - VREFBUF_VOLTAGE_SCALE_2_0V
  64:../../../firmware/n32h7xx_std_periph_driver/src/n32h7xx_vrefbuf.c **** *\*\          - VREFBUF_VOLTAGE_SCALE_1_8V
  65:../../../firmware/n32h7xx_std_periph_driver/src/n32h7xx_vrefbuf.c **** *\*\          - VREFBUF_VOLTAGE_SCALE_1_5V
  66:../../../firmware/n32h7xx_std_periph_driver/src/n32h7xx_vrefbuf.c **** *\*\return  none
  67:../../../firmware/n32h7xx_std_periph_driver/src/n32h7xx_vrefbuf.c **** **/
  68:../../../firmware/n32h7xx_std_periph_driver/src/n32h7xx_vrefbuf.c **** void VREFBUF_SetVoltageScale(uint32_t Scale)
  69:../../../firmware/n32h7xx_std_periph_driver/src/n32h7xx_vrefbuf.c **** {
  27              		.loc 1 69 1
  28              		.cfi_startproc
  29              		@ args = 0, pretend = 0, frame = 16
  30              		@ frame_needed = 1, uses_anonymous_args = 0
  31              		@ link register save eliminated.
  32 0000 80B4     		push	{r7}
  33              	.LCFI0:
  34              		.cfi_def_cfa_offset 4
  35              		.cfi_offset 7, -4
  36 0002 85B0     		sub	sp, sp, #20
  37              	.LCFI1:
  38              		.cfi_def_cfa_offset 24
  39 0004 00AF     		add	r7, sp, #0
  40              	.LCFI2:
  41              		.cfi_def_cfa_register 7
  42 0006 7860     		str	r0, [r7, #4]
  70:../../../firmware/n32h7xx_std_periph_driver/src/n32h7xx_vrefbuf.c ****     uint32_t tempreg;
  71:../../../firmware/n32h7xx_std_periph_driver/src/n32h7xx_vrefbuf.c ****     /* Get the old register value */
  72:../../../firmware/n32h7xx_std_periph_driver/src/n32h7xx_vrefbuf.c ****     tempreg = *(uint32_t * )VREFBUF_CTRL2_REG_ADDR;
  43              		.loc 1 72 15
ARM GAS  /tmp/ccLNiRGu.s 			page 3


  44 0008 094B     		ldr	r3, .L2
  45              		.loc 1 72 13
  46 000a 1B68     		ldr	r3, [r3]
  47 000c FB60     		str	r3, [r7, #12]
  73:../../../firmware/n32h7xx_std_periph_driver/src/n32h7xx_vrefbuf.c ****     /* Clear vrefbuf voltage scale select bits */
  74:../../../firmware/n32h7xx_std_periph_driver/src/n32h7xx_vrefbuf.c ****     tempreg &= (~VREFBUF_VOLTAGE_SCALE_MASK);
  48              		.loc 1 74 13
  49 000e FB68     		ldr	r3, [r7, #12]
  50 0010 23F00303 		bic	r3, r3, #3
  51 0014 FB60     		str	r3, [r7, #12]
  75:../../../firmware/n32h7xx_std_periph_driver/src/n32h7xx_vrefbuf.c ****     /* Set vrefbuf voltage scale select bits */
  76:../../../firmware/n32h7xx_std_periph_driver/src/n32h7xx_vrefbuf.c ****     tempreg |= Scale;
  52              		.loc 1 76 13
  53 0016 FA68     		ldr	r2, [r7, #12]
  54 0018 7B68     		ldr	r3, [r7, #4]
  55 001a 1343     		orrs	r3, r3, r2
  56 001c FB60     		str	r3, [r7, #12]
  77:../../../firmware/n32h7xx_std_periph_driver/src/n32h7xx_vrefbuf.c ****     /* Store the new register value */
  78:../../../firmware/n32h7xx_std_periph_driver/src/n32h7xx_vrefbuf.c ****     *(uint32_t * )VREFBUF_CTRL2_REG_ADDR = tempreg;
  57              		.loc 1 78 5
  58 001e 044A     		ldr	r2, .L2
  59              		.loc 1 78 42
  60 0020 FB68     		ldr	r3, [r7, #12]
  61 0022 1360     		str	r3, [r2]
  79:../../../firmware/n32h7xx_std_periph_driver/src/n32h7xx_vrefbuf.c **** }
  62              		.loc 1 79 1
  63 0024 00BF     		nop
  64 0026 1437     		adds	r7, r7, #20
  65              	.LCFI3:
  66              		.cfi_def_cfa_offset 4
  67 0028 BD46     		mov	sp, r7
  68              	.LCFI4:
  69              		.cfi_def_cfa_register 13
  70              		@ sp needed
  71 002a 80BC     		pop	{r7}
  72              	.LCFI5:
  73              		.cfi_restore 7
  74              		.cfi_def_cfa_offset 0
  75 002c 7047     		bx	lr
  76              	.L3:
  77 002e 00BF     		.align	2
  78              	.L2:
  79 0030 DC040058 		.word	1476396252
  80              		.cfi_endproc
  81              	.LFE135:
  83              		.section	.text.VREFBUF_GetVoltageScale,"ax",%progbits
  84              		.align	1
  85              		.global	VREFBUF_GetVoltageScale
  86              		.syntax unified
  87              		.thumb
  88              		.thumb_func
  90              	VREFBUF_GetVoltageScale:
  91              	.LFB136:
  80:../../../firmware/n32h7xx_std_periph_driver/src/n32h7xx_vrefbuf.c **** 
  81:../../../firmware/n32h7xx_std_periph_driver/src/n32h7xx_vrefbuf.c **** /**
  82:../../../firmware/n32h7xx_std_periph_driver/src/n32h7xx_vrefbuf.c **** *\*\name    VREFBUF_GetVoltageScale.
  83:../../../firmware/n32h7xx_std_periph_driver/src/n32h7xx_vrefbuf.c **** *\*\fun     Get the Voltage reference scale.
ARM GAS  /tmp/ccLNiRGu.s 			page 4


  84:../../../firmware/n32h7xx_std_periph_driver/src/n32h7xx_vrefbuf.c **** *\*\param   none
  85:../../../firmware/n32h7xx_std_periph_driver/src/n32h7xx_vrefbuf.c **** *\*\return  the Voltage reference scale;
  86:../../../firmware/n32h7xx_std_periph_driver/src/n32h7xx_vrefbuf.c **** *\*\          - VREFBUF_VOLTAGE_SCALE_2_5V
  87:../../../firmware/n32h7xx_std_periph_driver/src/n32h7xx_vrefbuf.c **** *\*\          - VREFBUF_VOLTAGE_SCALE_2_0V
  88:../../../firmware/n32h7xx_std_periph_driver/src/n32h7xx_vrefbuf.c **** *\*\          - VREFBUF_VOLTAGE_SCALE_1_8V
  89:../../../firmware/n32h7xx_std_periph_driver/src/n32h7xx_vrefbuf.c **** *\*\          - VREFBUF_VOLTAGE_SCALE_1_5V
  90:../../../firmware/n32h7xx_std_periph_driver/src/n32h7xx_vrefbuf.c **** **/
  91:../../../firmware/n32h7xx_std_periph_driver/src/n32h7xx_vrefbuf.c **** uint32_t VREFBUF_GetVoltageScale(void)
  92:../../../firmware/n32h7xx_std_periph_driver/src/n32h7xx_vrefbuf.c **** {
  92              		.loc 1 92 1
  93              		.cfi_startproc
  94              		@ args = 0, pretend = 0, frame = 0
  95              		@ frame_needed = 1, uses_anonymous_args = 0
  96              		@ link register save eliminated.
  97 0000 80B4     		push	{r7}
  98              	.LCFI6:
  99              		.cfi_def_cfa_offset 4
 100              		.cfi_offset 7, -4
 101 0002 00AF     		add	r7, sp, #0
 102              	.LCFI7:
 103              		.cfi_def_cfa_register 7
  93:../../../firmware/n32h7xx_std_periph_driver/src/n32h7xx_vrefbuf.c ****     /* Clear vrefbuf voltage scale select bits */
  94:../../../firmware/n32h7xx_std_periph_driver/src/n32h7xx_vrefbuf.c ****     return ( (*(uint32_t * )VREFBUF_CTRL2_REG_ADDR) &VREFBUF_VOLTAGE_SCALE_MASK);
 104              		.loc 1 94 15
 105 0004 034B     		ldr	r3, .L6
 106 0006 1B68     		ldr	r3, [r3]
 107              		.loc 1 94 53
 108 0008 03F00303 		and	r3, r3, #3
  95:../../../firmware/n32h7xx_std_periph_driver/src/n32h7xx_vrefbuf.c **** }
 109              		.loc 1 95 1
 110 000c 1846     		mov	r0, r3
 111 000e BD46     		mov	sp, r7
 112              	.LCFI8:
 113              		.cfi_def_cfa_register 13
 114              		@ sp needed
 115 0010 80BC     		pop	{r7}
 116              	.LCFI9:
 117              		.cfi_restore 7
 118              		.cfi_def_cfa_offset 0
 119 0012 7047     		bx	lr
 120              	.L7:
 121              		.align	2
 122              	.L6:
 123 0014 DC040058 		.word	1476396252
 124              		.cfi_endproc
 125              	.LFE136:
 127              		.section	.text.VREFBUF_Enable,"ax",%progbits
 128              		.align	1
 129              		.global	VREFBUF_Enable
 130              		.syntax unified
 131              		.thumb
 132              		.thumb_func
 134              	VREFBUF_Enable:
 135              	.LFB137:
  96:../../../firmware/n32h7xx_std_periph_driver/src/n32h7xx_vrefbuf.c **** /**
  97:../../../firmware/n32h7xx_std_periph_driver/src/n32h7xx_vrefbuf.c **** *\*\name    VREFBUF_Enable.
  98:../../../firmware/n32h7xx_std_periph_driver/src/n32h7xx_vrefbuf.c **** *\*\fun     Enable or disable internal voltage reference.
ARM GAS  /tmp/ccLNiRGu.s 			page 5


  99:../../../firmware/n32h7xx_std_periph_driver/src/n32h7xx_vrefbuf.c **** *\*\param   Cmd :
 100:../../../firmware/n32h7xx_std_periph_driver/src/n32h7xx_vrefbuf.c **** *\*\          - ENABLE
 101:../../../firmware/n32h7xx_std_periph_driver/src/n32h7xx_vrefbuf.c **** *\*\          - DISABLE
 102:../../../firmware/n32h7xx_std_periph_driver/src/n32h7xx_vrefbuf.c **** *\*\return  none
 103:../../../firmware/n32h7xx_std_periph_driver/src/n32h7xx_vrefbuf.c **** **/
 104:../../../firmware/n32h7xx_std_periph_driver/src/n32h7xx_vrefbuf.c **** void VREFBUF_Enable(FunctionalState Cmd)
 105:../../../firmware/n32h7xx_std_periph_driver/src/n32h7xx_vrefbuf.c **** {
 136              		.loc 1 105 1
 137              		.cfi_startproc
 138              		@ args = 0, pretend = 0, frame = 8
 139              		@ frame_needed = 1, uses_anonymous_args = 0
 140              		@ link register save eliminated.
 141 0000 80B4     		push	{r7}
 142              	.LCFI10:
 143              		.cfi_def_cfa_offset 4
 144              		.cfi_offset 7, -4
 145 0002 83B0     		sub	sp, sp, #12
 146              	.LCFI11:
 147              		.cfi_def_cfa_offset 16
 148 0004 00AF     		add	r7, sp, #0
 149              	.LCFI12:
 150              		.cfi_def_cfa_register 7
 151 0006 0346     		mov	r3, r0
 152 0008 FB71     		strb	r3, [r7, #7]
 106:../../../firmware/n32h7xx_std_periph_driver/src/n32h7xx_vrefbuf.c ****     if (Cmd != DISABLE)
 153              		.loc 1 106 8
 154 000a FB79     		ldrb	r3, [r7, #7]	@ zero_extendqisi2
 155 000c 002B     		cmp	r3, #0
 156 000e 06D0     		beq	.L9
 107:../../../firmware/n32h7xx_std_periph_driver/src/n32h7xx_vrefbuf.c ****     {
 108:../../../firmware/n32h7xx_std_periph_driver/src/n32h7xx_vrefbuf.c ****         *(uint32_t * )VREFBUF_CTRL1_REG_ADDR |= VREFBUF_EN_MASK;
 157              		.loc 1 108 9
 158 0010 084B     		ldr	r3, .L12
 159 0012 1B68     		ldr	r3, [r3]
 160 0014 074A     		ldr	r2, .L12
 161              		.loc 1 108 46
 162 0016 43F08003 		orr	r3, r3, #128
 163 001a 1360     		str	r3, [r2]
 109:../../../firmware/n32h7xx_std_periph_driver/src/n32h7xx_vrefbuf.c ****     }
 110:../../../firmware/n32h7xx_std_periph_driver/src/n32h7xx_vrefbuf.c ****     else
 111:../../../firmware/n32h7xx_std_periph_driver/src/n32h7xx_vrefbuf.c ****     {
 112:../../../firmware/n32h7xx_std_periph_driver/src/n32h7xx_vrefbuf.c ****         *(uint32_t * )VREFBUF_CTRL1_REG_ADDR &= (~VREFBUF_EN_MASK);
 113:../../../firmware/n32h7xx_std_periph_driver/src/n32h7xx_vrefbuf.c ****     }
 114:../../../firmware/n32h7xx_std_periph_driver/src/n32h7xx_vrefbuf.c **** }
 164              		.loc 1 114 1
 165 001c 05E0     		b	.L11
 166              	.L9:
 112:../../../firmware/n32h7xx_std_periph_driver/src/n32h7xx_vrefbuf.c ****     }
 167              		.loc 1 112 9
 168 001e 054B     		ldr	r3, .L12
 169 0020 1B68     		ldr	r3, [r3]
 170 0022 044A     		ldr	r2, .L12
 112:../../../firmware/n32h7xx_std_periph_driver/src/n32h7xx_vrefbuf.c ****     }
 171              		.loc 1 112 46
 172 0024 23F08003 		bic	r3, r3, #128
 173 0028 1360     		str	r3, [r2]
 174              	.L11:
ARM GAS  /tmp/ccLNiRGu.s 			page 6


 175              		.loc 1 114 1
 176 002a 00BF     		nop
 177 002c 0C37     		adds	r7, r7, #12
 178              	.LCFI13:
 179              		.cfi_def_cfa_offset 4
 180 002e BD46     		mov	sp, r7
 181              	.LCFI14:
 182              		.cfi_def_cfa_register 13
 183              		@ sp needed
 184 0030 80BC     		pop	{r7}
 185              	.LCFI15:
 186              		.cfi_restore 7
 187              		.cfi_def_cfa_offset 0
 188 0032 7047     		bx	lr
 189              	.L13:
 190              		.align	2
 191              	.L12:
 192 0034 48040058 		.word	1476396104
 193              		.cfi_endproc
 194              	.LFE137:
 196              		.section	.text.VREFBUF_EnableHIM,"ax",%progbits
 197              		.align	1
 198              		.global	VREFBUF_EnableHIM
 199              		.syntax unified
 200              		.thumb
 201              		.thumb_func
 203              	VREFBUF_EnableHIM:
 204              	.LFB138:
 115:../../../firmware/n32h7xx_std_periph_driver/src/n32h7xx_vrefbuf.c **** 
 116:../../../firmware/n32h7xx_std_periph_driver/src/n32h7xx_vrefbuf.c **** /**
 117:../../../firmware/n32h7xx_std_periph_driver/src/n32h7xx_vrefbuf.c **** *\*\name    VREFBUF_EnableHIM.
 118:../../../firmware/n32h7xx_std_periph_driver/src/n32h7xx_vrefbuf.c **** *\*\fun     Enable or disable high impedance (VREF+ pin is high impedance).
 119:../../../firmware/n32h7xx_std_periph_driver/src/n32h7xx_vrefbuf.c **** *\*\param   Cmd :
 120:../../../firmware/n32h7xx_std_periph_driver/src/n32h7xx_vrefbuf.c **** *\*\          - ENABLE
 121:../../../firmware/n32h7xx_std_periph_driver/src/n32h7xx_vrefbuf.c **** *\*\          - DISABLE
 122:../../../firmware/n32h7xx_std_periph_driver/src/n32h7xx_vrefbuf.c **** *\*\return  none
 123:../../../firmware/n32h7xx_std_periph_driver/src/n32h7xx_vrefbuf.c **** **/
 124:../../../firmware/n32h7xx_std_periph_driver/src/n32h7xx_vrefbuf.c **** void VREFBUF_EnableHIM(FunctionalState Cmd)
 125:../../../firmware/n32h7xx_std_periph_driver/src/n32h7xx_vrefbuf.c **** {
 205              		.loc 1 125 1
 206              		.cfi_startproc
 207              		@ args = 0, pretend = 0, frame = 8
 208              		@ frame_needed = 1, uses_anonymous_args = 0
 209              		@ link register save eliminated.
 210 0000 80B4     		push	{r7}
 211              	.LCFI16:
 212              		.cfi_def_cfa_offset 4
 213              		.cfi_offset 7, -4
 214 0002 83B0     		sub	sp, sp, #12
 215              	.LCFI17:
 216              		.cfi_def_cfa_offset 16
 217 0004 00AF     		add	r7, sp, #0
 218              	.LCFI18:
 219              		.cfi_def_cfa_register 7
 220 0006 0346     		mov	r3, r0
 221 0008 FB71     		strb	r3, [r7, #7]
 126:../../../firmware/n32h7xx_std_periph_driver/src/n32h7xx_vrefbuf.c ****     if (Cmd != DISABLE)
ARM GAS  /tmp/ccLNiRGu.s 			page 7


 222              		.loc 1 126 8
 223 000a FB79     		ldrb	r3, [r7, #7]	@ zero_extendqisi2
 224 000c 002B     		cmp	r3, #0
 225 000e 06D0     		beq	.L15
 127:../../../firmware/n32h7xx_std_periph_driver/src/n32h7xx_vrefbuf.c ****     {
 128:../../../firmware/n32h7xx_std_periph_driver/src/n32h7xx_vrefbuf.c ****         *(uint32_t * )VREFBUF_CTRL1_REG_ADDR |= VREFBUF_HIM_EN_MASK;
 226              		.loc 1 128 9
 227 0010 084B     		ldr	r3, .L18
 228 0012 1B68     		ldr	r3, [r3]
 229 0014 074A     		ldr	r2, .L18
 230              		.loc 1 128 46
 231 0016 43F40073 		orr	r3, r3, #512
 232 001a 1360     		str	r3, [r2]
 129:../../../firmware/n32h7xx_std_periph_driver/src/n32h7xx_vrefbuf.c ****     }
 130:../../../firmware/n32h7xx_std_periph_driver/src/n32h7xx_vrefbuf.c ****     else
 131:../../../firmware/n32h7xx_std_periph_driver/src/n32h7xx_vrefbuf.c ****     {
 132:../../../firmware/n32h7xx_std_periph_driver/src/n32h7xx_vrefbuf.c ****         *(uint32_t * )VREFBUF_CTRL1_REG_ADDR &= (~VREFBUF_HIM_EN_MASK);
 133:../../../firmware/n32h7xx_std_periph_driver/src/n32h7xx_vrefbuf.c ****     }
 134:../../../firmware/n32h7xx_std_periph_driver/src/n32h7xx_vrefbuf.c **** }
 233              		.loc 1 134 1
 234 001c 05E0     		b	.L17
 235              	.L15:
 132:../../../firmware/n32h7xx_std_periph_driver/src/n32h7xx_vrefbuf.c ****     }
 236              		.loc 1 132 9
 237 001e 054B     		ldr	r3, .L18
 238 0020 1B68     		ldr	r3, [r3]
 239 0022 044A     		ldr	r2, .L18
 132:../../../firmware/n32h7xx_std_periph_driver/src/n32h7xx_vrefbuf.c ****     }
 240              		.loc 1 132 46
 241 0024 23F40073 		bic	r3, r3, #512
 242 0028 1360     		str	r3, [r2]
 243              	.L17:
 244              		.loc 1 134 1
 245 002a 00BF     		nop
 246 002c 0C37     		adds	r7, r7, #12
 247              	.LCFI19:
 248              		.cfi_def_cfa_offset 4
 249 002e BD46     		mov	sp, r7
 250              	.LCFI20:
 251              		.cfi_def_cfa_register 13
 252              		@ sp needed
 253 0030 80BC     		pop	{r7}
 254              	.LCFI21:
 255              		.cfi_restore 7
 256              		.cfi_def_cfa_offset 0
 257 0032 7047     		bx	lr
 258              	.L19:
 259              		.align	2
 260              	.L18:
 261 0034 48040058 		.word	1476396104
 262              		.cfi_endproc
 263              	.LFE138:
 265              		.section	.text.VREFBUF_SetTrimming,"ax",%progbits
 266              		.align	1
 267              		.global	VREFBUF_SetTrimming
 268              		.syntax unified
 269              		.thumb
ARM GAS  /tmp/ccLNiRGu.s 			page 8


 270              		.thumb_func
 272              	VREFBUF_SetTrimming:
 273              	.LFB139:
 135:../../../firmware/n32h7xx_std_periph_driver/src/n32h7xx_vrefbuf.c **** 
 136:../../../firmware/n32h7xx_std_periph_driver/src/n32h7xx_vrefbuf.c **** /**
 137:../../../firmware/n32h7xx_std_periph_driver/src/n32h7xx_vrefbuf.c **** *\*\name    VREFBUF_SetTrimming.
 138:../../../firmware/n32h7xx_std_periph_driver/src/n32h7xx_vrefbuf.c **** *\*\fun     Set the trimming code for VREFBUF calibration.
 139:../../../firmware/n32h7xx_std_periph_driver/src/n32h7xx_vrefbuf.c **** *\*\param   Value :Value Between 0 and 0x3F
 140:../../../firmware/n32h7xx_std_periph_driver/src/n32h7xx_vrefbuf.c **** *\*\return  none
 141:../../../firmware/n32h7xx_std_periph_driver/src/n32h7xx_vrefbuf.c **** **/
 142:../../../firmware/n32h7xx_std_periph_driver/src/n32h7xx_vrefbuf.c **** void VREFBUF_SetTrimming(uint32_t Value)
 143:../../../firmware/n32h7xx_std_periph_driver/src/n32h7xx_vrefbuf.c **** {
 274              		.loc 1 143 1
 275              		.cfi_startproc
 276              		@ args = 0, pretend = 0, frame = 16
 277              		@ frame_needed = 1, uses_anonymous_args = 0
 278              		@ link register save eliminated.
 279 0000 80B4     		push	{r7}
 280              	.LCFI22:
 281              		.cfi_def_cfa_offset 4
 282              		.cfi_offset 7, -4
 283 0002 85B0     		sub	sp, sp, #20
 284              	.LCFI23:
 285              		.cfi_def_cfa_offset 24
 286 0004 00AF     		add	r7, sp, #0
 287              	.LCFI24:
 288              		.cfi_def_cfa_register 7
 289 0006 7860     		str	r0, [r7, #4]
 144:../../../firmware/n32h7xx_std_periph_driver/src/n32h7xx_vrefbuf.c ****     uint32_t tempreg, tempreg1;
 145:../../../firmware/n32h7xx_std_periph_driver/src/n32h7xx_vrefbuf.c ****     tempreg = ((*(uint32_t * )VREFBUF_CTRL2_REG_ADDR)&VREFBUF_VOLTAGE_SCALE_MASK);
 290              		.loc 1 145 17
 291 0008 284B     		ldr	r3, .L26
 292 000a 1B68     		ldr	r3, [r3]
 293              		.loc 1 145 13
 294 000c 03F00303 		and	r3, r3, #3
 295 0010 FB60     		str	r3, [r7, #12]
 146:../../../firmware/n32h7xx_std_periph_driver/src/n32h7xx_vrefbuf.c **** 
 147:../../../firmware/n32h7xx_std_periph_driver/src/n32h7xx_vrefbuf.c ****     if(tempreg == VREFBUF_VOLTAGE_SCALE_2_5V)
 296              		.loc 1 147 7
 297 0012 FB68     		ldr	r3, [r7, #12]
 298 0014 002B     		cmp	r3, #0
 299 0016 0FD1     		bne	.L21
 148:../../../firmware/n32h7xx_std_periph_driver/src/n32h7xx_vrefbuf.c ****     {
 149:../../../firmware/n32h7xx_std_periph_driver/src/n32h7xx_vrefbuf.c ****         tempreg1 = *(uint32_t * )VREFBUF_TRIM1_REG_ADDR;
 300              		.loc 1 149 20
 301 0018 254B     		ldr	r3, .L26+4
 302              		.loc 1 149 18
 303 001a 1B68     		ldr	r3, [r3]
 304 001c BB60     		str	r3, [r7, #8]
 150:../../../firmware/n32h7xx_std_periph_driver/src/n32h7xx_vrefbuf.c ****         tempreg1 &= (~VREFBUF_TRIMING_2_5V_MASK);
 305              		.loc 1 150 18
 306 001e BB68     		ldr	r3, [r7, #8]
 307 0020 23F47C13 		bic	r3, r3, #4128768
 308 0024 BB60     		str	r3, [r7, #8]
 151:../../../firmware/n32h7xx_std_periph_driver/src/n32h7xx_vrefbuf.c ****         tempreg1 |= (Value << VREFBUF_TRIMING_2_5V_POS);
 309              		.loc 1 151 28
 310 0026 7B68     		ldr	r3, [r7, #4]
ARM GAS  /tmp/ccLNiRGu.s 			page 9


 311 0028 1B04     		lsls	r3, r3, #16
 312              		.loc 1 151 18
 313 002a BA68     		ldr	r2, [r7, #8]
 314 002c 1343     		orrs	r3, r3, r2
 315 002e BB60     		str	r3, [r7, #8]
 152:../../../firmware/n32h7xx_std_periph_driver/src/n32h7xx_vrefbuf.c ****         /* Store the new register value */
 153:../../../firmware/n32h7xx_std_periph_driver/src/n32h7xx_vrefbuf.c ****         *(uint32_t * )VREFBUF_TRIM1_REG_ADDR = tempreg1;
 316              		.loc 1 153 9
 317 0030 1F4A     		ldr	r2, .L26+4
 318              		.loc 1 153 46
 319 0032 BB68     		ldr	r3, [r7, #8]
 320 0034 1360     		str	r3, [r2]
 154:../../../firmware/n32h7xx_std_periph_driver/src/n32h7xx_vrefbuf.c ****     }
 155:../../../firmware/n32h7xx_std_periph_driver/src/n32h7xx_vrefbuf.c ****     else if(tempreg == VREFBUF_VOLTAGE_SCALE_2_048V)
 156:../../../firmware/n32h7xx_std_periph_driver/src/n32h7xx_vrefbuf.c ****     {
 157:../../../firmware/n32h7xx_std_periph_driver/src/n32h7xx_vrefbuf.c ****         tempreg1 = *(uint32_t * )VREFBUF_TRIM1_REG_ADDR;
 158:../../../firmware/n32h7xx_std_periph_driver/src/n32h7xx_vrefbuf.c ****         tempreg1 &= (~VREFBUF_TRIMING_2_0V_MASK);
 159:../../../firmware/n32h7xx_std_periph_driver/src/n32h7xx_vrefbuf.c ****         tempreg1 |= (Value << VREFBUF_TRIMING_2_0V_POS);
 160:../../../firmware/n32h7xx_std_periph_driver/src/n32h7xx_vrefbuf.c ****         /* Store the new register value */
 161:../../../firmware/n32h7xx_std_periph_driver/src/n32h7xx_vrefbuf.c ****         *(uint32_t * )VREFBUF_TRIM1_REG_ADDR = tempreg1;
 162:../../../firmware/n32h7xx_std_periph_driver/src/n32h7xx_vrefbuf.c ****     }
 163:../../../firmware/n32h7xx_std_periph_driver/src/n32h7xx_vrefbuf.c ****     else if(tempreg == VREFBUF_VOLTAGE_SCALE_1_8V)
 164:../../../firmware/n32h7xx_std_periph_driver/src/n32h7xx_vrefbuf.c ****     {
 165:../../../firmware/n32h7xx_std_periph_driver/src/n32h7xx_vrefbuf.c ****         tempreg1 = *(uint32_t * )VREFBUF_TRIM2_REG_ADDR;
 166:../../../firmware/n32h7xx_std_periph_driver/src/n32h7xx_vrefbuf.c ****         tempreg1 &= (~VREFBUF_TRIMING_1_8V_MASK);
 167:../../../firmware/n32h7xx_std_periph_driver/src/n32h7xx_vrefbuf.c ****         tempreg1 |= (Value << VREFBUF_TRIMING_1_8V_POS);
 168:../../../firmware/n32h7xx_std_periph_driver/src/n32h7xx_vrefbuf.c ****         /* Store the new register value */
 169:../../../firmware/n32h7xx_std_periph_driver/src/n32h7xx_vrefbuf.c ****         *(uint32_t * )VREFBUF_TRIM2_REG_ADDR = tempreg1;
 170:../../../firmware/n32h7xx_std_periph_driver/src/n32h7xx_vrefbuf.c ****     }
 171:../../../firmware/n32h7xx_std_periph_driver/src/n32h7xx_vrefbuf.c ****     else
 172:../../../firmware/n32h7xx_std_periph_driver/src/n32h7xx_vrefbuf.c ****     {
 173:../../../firmware/n32h7xx_std_periph_driver/src/n32h7xx_vrefbuf.c ****         tempreg1 = *(uint32_t * )VREFBUF_TRIM2_REG_ADDR;
 174:../../../firmware/n32h7xx_std_periph_driver/src/n32h7xx_vrefbuf.c ****         tempreg1 &= (~VREFBUF_TRIMING_1_5V_MASK);
 175:../../../firmware/n32h7xx_std_periph_driver/src/n32h7xx_vrefbuf.c ****         tempreg1 |= (Value << VREFBUF_TRIMING_1_5V_POS);
 176:../../../firmware/n32h7xx_std_periph_driver/src/n32h7xx_vrefbuf.c ****         /* Store the new register value */
 177:../../../firmware/n32h7xx_std_periph_driver/src/n32h7xx_vrefbuf.c ****         *(uint32_t * )VREFBUF_TRIM2_REG_ADDR = tempreg1;
 178:../../../firmware/n32h7xx_std_periph_driver/src/n32h7xx_vrefbuf.c ****     }
 179:../../../firmware/n32h7xx_std_periph_driver/src/n32h7xx_vrefbuf.c **** }
 321              		.loc 1 179 1
 322 0036 33E0     		b	.L25
 323              	.L21:
 155:../../../firmware/n32h7xx_std_periph_driver/src/n32h7xx_vrefbuf.c ****     {
 324              		.loc 1 155 12
 325 0038 FB68     		ldr	r3, [r7, #12]
 326 003a 012B     		cmp	r3, #1
 327 003c 0FD1     		bne	.L23
 157:../../../firmware/n32h7xx_std_periph_driver/src/n32h7xx_vrefbuf.c ****         tempreg1 &= (~VREFBUF_TRIMING_2_0V_MASK);
 328              		.loc 1 157 20
 329 003e 1C4B     		ldr	r3, .L26+4
 157:../../../firmware/n32h7xx_std_periph_driver/src/n32h7xx_vrefbuf.c ****         tempreg1 &= (~VREFBUF_TRIMING_2_0V_MASK);
 330              		.loc 1 157 18
 331 0040 1B68     		ldr	r3, [r3]
 332 0042 BB60     		str	r3, [r7, #8]
 158:../../../firmware/n32h7xx_std_periph_driver/src/n32h7xx_vrefbuf.c ****         tempreg1 |= (Value << VREFBUF_TRIMING_2_0V_POS);
 333              		.loc 1 158 18
 334 0044 BB68     		ldr	r3, [r7, #8]
 335 0046 23F07C63 		bic	r3, r3, #264241152
ARM GAS  /tmp/ccLNiRGu.s 			page 10


 336 004a BB60     		str	r3, [r7, #8]
 159:../../../firmware/n32h7xx_std_periph_driver/src/n32h7xx_vrefbuf.c ****         /* Store the new register value */
 337              		.loc 1 159 28
 338 004c 7B68     		ldr	r3, [r7, #4]
 339 004e 9B05     		lsls	r3, r3, #22
 159:../../../firmware/n32h7xx_std_periph_driver/src/n32h7xx_vrefbuf.c ****         /* Store the new register value */
 340              		.loc 1 159 18
 341 0050 BA68     		ldr	r2, [r7, #8]
 342 0052 1343     		orrs	r3, r3, r2
 343 0054 BB60     		str	r3, [r7, #8]
 161:../../../firmware/n32h7xx_std_periph_driver/src/n32h7xx_vrefbuf.c ****     }
 344              		.loc 1 161 9
 345 0056 164A     		ldr	r2, .L26+4
 161:../../../firmware/n32h7xx_std_periph_driver/src/n32h7xx_vrefbuf.c ****     }
 346              		.loc 1 161 46
 347 0058 BB68     		ldr	r3, [r7, #8]
 348 005a 1360     		str	r3, [r2]
 349              		.loc 1 179 1
 350 005c 20E0     		b	.L25
 351              	.L23:
 163:../../../firmware/n32h7xx_std_periph_driver/src/n32h7xx_vrefbuf.c ****     {
 352              		.loc 1 163 12
 353 005e FB68     		ldr	r3, [r7, #12]
 354 0060 022B     		cmp	r3, #2
 355 0062 0ED1     		bne	.L24
 165:../../../firmware/n32h7xx_std_periph_driver/src/n32h7xx_vrefbuf.c ****         tempreg1 &= (~VREFBUF_TRIMING_1_8V_MASK);
 356              		.loc 1 165 20
 357 0064 134B     		ldr	r3, .L26+8
 165:../../../firmware/n32h7xx_std_periph_driver/src/n32h7xx_vrefbuf.c ****         tempreg1 &= (~VREFBUF_TRIMING_1_8V_MASK);
 358              		.loc 1 165 18
 359 0066 1B68     		ldr	r3, [r3]
 360 0068 BB60     		str	r3, [r7, #8]
 166:../../../firmware/n32h7xx_std_periph_driver/src/n32h7xx_vrefbuf.c ****         tempreg1 |= (Value << VREFBUF_TRIMING_1_8V_POS);
 361              		.loc 1 166 18
 362 006a BB68     		ldr	r3, [r7, #8]
 363 006c 23F03F03 		bic	r3, r3, #63
 364 0070 BB60     		str	r3, [r7, #8]
 167:../../../firmware/n32h7xx_std_periph_driver/src/n32h7xx_vrefbuf.c ****         /* Store the new register value */
 365              		.loc 1 167 18
 366 0072 BA68     		ldr	r2, [r7, #8]
 367 0074 7B68     		ldr	r3, [r7, #4]
 368 0076 1343     		orrs	r3, r3, r2
 369 0078 BB60     		str	r3, [r7, #8]
 169:../../../firmware/n32h7xx_std_periph_driver/src/n32h7xx_vrefbuf.c ****     }
 370              		.loc 1 169 9
 371 007a 0E4A     		ldr	r2, .L26+8
 169:../../../firmware/n32h7xx_std_periph_driver/src/n32h7xx_vrefbuf.c ****     }
 372              		.loc 1 169 46
 373 007c BB68     		ldr	r3, [r7, #8]
 374 007e 1360     		str	r3, [r2]
 375              		.loc 1 179 1
 376 0080 0EE0     		b	.L25
 377              	.L24:
 173:../../../firmware/n32h7xx_std_periph_driver/src/n32h7xx_vrefbuf.c ****         tempreg1 &= (~VREFBUF_TRIMING_1_5V_MASK);
 378              		.loc 1 173 20
 379 0082 0C4B     		ldr	r3, .L26+8
 173:../../../firmware/n32h7xx_std_periph_driver/src/n32h7xx_vrefbuf.c ****         tempreg1 &= (~VREFBUF_TRIMING_1_5V_MASK);
ARM GAS  /tmp/ccLNiRGu.s 			page 11


 380              		.loc 1 173 18
 381 0084 1B68     		ldr	r3, [r3]
 382 0086 BB60     		str	r3, [r7, #8]
 174:../../../firmware/n32h7xx_std_periph_driver/src/n32h7xx_vrefbuf.c ****         tempreg1 |= (Value << VREFBUF_TRIMING_1_5V_POS);
 383              		.loc 1 174 18
 384 0088 BB68     		ldr	r3, [r7, #8]
 385 008a 23F47C53 		bic	r3, r3, #16128
 386 008e BB60     		str	r3, [r7, #8]
 175:../../../firmware/n32h7xx_std_periph_driver/src/n32h7xx_vrefbuf.c ****         /* Store the new register value */
 387              		.loc 1 175 28
 388 0090 7B68     		ldr	r3, [r7, #4]
 389 0092 1B02     		lsls	r3, r3, #8
 175:../../../firmware/n32h7xx_std_periph_driver/src/n32h7xx_vrefbuf.c ****         /* Store the new register value */
 390              		.loc 1 175 18
 391 0094 BA68     		ldr	r2, [r7, #8]
 392 0096 1343     		orrs	r3, r3, r2
 393 0098 BB60     		str	r3, [r7, #8]
 177:../../../firmware/n32h7xx_std_periph_driver/src/n32h7xx_vrefbuf.c ****     }
 394              		.loc 1 177 9
 395 009a 064A     		ldr	r2, .L26+8
 177:../../../firmware/n32h7xx_std_periph_driver/src/n32h7xx_vrefbuf.c ****     }
 396              		.loc 1 177 46
 397 009c BB68     		ldr	r3, [r7, #8]
 398 009e 1360     		str	r3, [r2]
 399              	.L25:
 400              		.loc 1 179 1
 401 00a0 00BF     		nop
 402 00a2 1437     		adds	r7, r7, #20
 403              	.LCFI25:
 404              		.cfi_def_cfa_offset 4
 405 00a4 BD46     		mov	sp, r7
 406              	.LCFI26:
 407              		.cfi_def_cfa_register 13
 408              		@ sp needed
 409 00a6 80BC     		pop	{r7}
 410              	.LCFI27:
 411              		.cfi_restore 7
 412              		.cfi_def_cfa_offset 0
 413 00a8 7047     		bx	lr
 414              	.L27:
 415 00aa 00BF     		.align	2
 416              	.L26:
 417 00ac DC040058 		.word	1476396252
 418 00b0 28040058 		.word	1476396072
 419 00b4 E8040058 		.word	1476396264
 420              		.cfi_endproc
 421              	.LFE139:
 423              		.section	.text.VREFBUF_IsVREFReady,"ax",%progbits
 424              		.align	1
 425              		.global	VREFBUF_IsVREFReady
 426              		.syntax unified
 427              		.thumb
 428              		.thumb_func
 430              	VREFBUF_IsVREFReady:
 431              	.LFB140:
 180:../../../firmware/n32h7xx_std_periph_driver/src/n32h7xx_vrefbuf.c **** 
 181:../../../firmware/n32h7xx_std_periph_driver/src/n32h7xx_vrefbuf.c **** /**
ARM GAS  /tmp/ccLNiRGu.s 			page 12


 182:../../../firmware/n32h7xx_std_periph_driver/src/n32h7xx_vrefbuf.c **** *\*\name    VREFBUF_IsVREFReady.
 183:../../../firmware/n32h7xx_std_periph_driver/src/n32h7xx_vrefbuf.c **** *\*\fun     Checks whether VREFBUF ready flag is set or not.
 184:../../../firmware/n32h7xx_std_periph_driver/src/n32h7xx_vrefbuf.c **** *\*\param   none
 185:../../../firmware/n32h7xx_std_periph_driver/src/n32h7xx_vrefbuf.c **** *\*\return  The new state of VREFBUF_READY (SET or RESET).
 186:../../../firmware/n32h7xx_std_periph_driver/src/n32h7xx_vrefbuf.c **** **/
 187:../../../firmware/n32h7xx_std_periph_driver/src/n32h7xx_vrefbuf.c **** FlagStatus VREFBUF_IsVREFReady(void)
 188:../../../firmware/n32h7xx_std_periph_driver/src/n32h7xx_vrefbuf.c **** {
 432              		.loc 1 188 1
 433              		.cfi_startproc
 434              		@ args = 0, pretend = 0, frame = 0
 435              		@ frame_needed = 1, uses_anonymous_args = 0
 436              		@ link register save eliminated.
 437 0000 80B4     		push	{r7}
 438              	.LCFI28:
 439              		.cfi_def_cfa_offset 4
 440              		.cfi_offset 7, -4
 441 0002 00AF     		add	r7, sp, #0
 442              	.LCFI29:
 443              		.cfi_def_cfa_register 7
 189:../../../firmware/n32h7xx_std_periph_driver/src/n32h7xx_vrefbuf.c ****     return (((*(uint32_t * )VREFBUF_STS_REG_ADDR) & VREFBUF_READY_MASK) != 0U) ? SET : RESET;
 444              		.loc 1 189 15
 445 0004 054B     		ldr	r3, .L30
 446 0006 1B68     		ldr	r3, [r3]
 447              		.loc 1 189 86
 448 0008 5B0F     		lsrs	r3, r3, #29
 449 000a DBB2     		uxtb	r3, r3
 450 000c 03F00103 		and	r3, r3, #1
 451 0010 DBB2     		uxtb	r3, r3
 190:../../../firmware/n32h7xx_std_periph_driver/src/n32h7xx_vrefbuf.c **** }
 452              		.loc 1 190 1
 453 0012 1846     		mov	r0, r3
 454 0014 BD46     		mov	sp, r7
 455              	.LCFI30:
 456              		.cfi_def_cfa_register 13
 457              		@ sp needed
 458 0016 80BC     		pop	{r7}
 459              	.LCFI31:
 460              		.cfi_restore 7
 461              		.cfi_def_cfa_offset 0
 462 0018 7047     		bx	lr
 463              	.L31:
 464 001a 00BF     		.align	2
 465              	.L30:
 466 001c 34040058 		.word	1476396084
 467              		.cfi_endproc
 468              	.LFE140:
 470              		.text
 471              	.Letext0:
 472              		.file 2 "/usr/lib/gcc/arm-none-eabi/13.2.1/include/stdint.h"
 473              		.file 3 "../../../firmware/CMSIS/device/n32h7xx.h"
ARM GAS  /tmp/ccLNiRGu.s 			page 13


DEFINED SYMBOLS
                            *ABS*:00000000 n32h7xx_vrefbuf.c
     /tmp/ccLNiRGu.s:19     .text.VREFBUF_SetVoltageScale:00000000 $t
     /tmp/ccLNiRGu.s:25     .text.VREFBUF_SetVoltageScale:00000000 VREFBUF_SetVoltageScale
     /tmp/ccLNiRGu.s:79     .text.VREFBUF_SetVoltageScale:00000030 $d
     /tmp/ccLNiRGu.s:84     .text.VREFBUF_GetVoltageScale:00000000 $t
     /tmp/ccLNiRGu.s:90     .text.VREFBUF_GetVoltageScale:00000000 VREFBUF_GetVoltageScale
     /tmp/ccLNiRGu.s:123    .text.VREFBUF_GetVoltageScale:00000014 $d
     /tmp/ccLNiRGu.s:128    .text.VREFBUF_Enable:00000000 $t
     /tmp/ccLNiRGu.s:134    .text.VREFBUF_Enable:00000000 VREFBUF_Enable
     /tmp/ccLNiRGu.s:192    .text.VREFBUF_Enable:00000034 $d
     /tmp/ccLNiRGu.s:197    .text.VREFBUF_EnableHIM:00000000 $t
     /tmp/ccLNiRGu.s:203    .text.VREFBUF_EnableHIM:00000000 VREFBUF_EnableHIM
     /tmp/ccLNiRGu.s:261    .text.VREFBUF_EnableHIM:00000034 $d
     /tmp/ccLNiRGu.s:266    .text.VREFBUF_SetTrimming:00000000 $t
     /tmp/ccLNiRGu.s:272    .text.VREFBUF_SetTrimming:00000000 VREFBUF_SetTrimming
     /tmp/ccLNiRGu.s:417    .text.VREFBUF_SetTrimming:000000ac $d
     /tmp/ccLNiRGu.s:424    .text.VREFBUF_IsVREFReady:00000000 $t
     /tmp/ccLNiRGu.s:430    .text.VREFBUF_IsVREFReady:00000000 VREFBUF_IsVREFReady
     /tmp/ccLNiRGu.s:466    .text.VREFBUF_IsVREFReady:0000001c $d

NO UNDEFINED SYMBOLS
