ARM GAS  /tmp/cc99ooRd.s 			page 1


   1              		.cpu cortex-m4
   2              		.arch armv7e-m
   3              		.fpu softvfp
   4              		.eabi_attribute 20, 1
   5              		.eabi_attribute 21, 1
   6              		.eabi_attribute 23, 3
   7              		.eabi_attribute 24, 1
   8              		.eabi_attribute 25, 1
   9              		.eabi_attribute 26, 1
  10              		.eabi_attribute 30, 6
  11              		.eabi_attribute 34, 1
  12              		.eabi_attribute 18, 4
  13              		.file	"n32h7xx_wwdg.c"
  14              		.text
  15              	.Ltext0:
  16              		.cfi_sections	.debug_frame
  17              		.file 1 "../../../firmware/n32h7xx_std_periph_driver/src/n32h7xx_wwdg.c"
  18              		.section	.text.WWDG_DeInit,"ax",%progbits
  19              		.align	1
  20              		.global	WWDG_DeInit
  21              		.syntax unified
  22              		.thumb
  23              		.thumb_func
  25              	WWDG_DeInit:
  26              	.LFB135:
   1:../../../firmware/n32h7xx_std_periph_driver/src/n32h7xx_wwdg.c **** /**
   2:../../../firmware/n32h7xx_std_periph_driver/src/n32h7xx_wwdg.c **** *     Copyright (c) 2025, Nations Technologies Inc.
   3:../../../firmware/n32h7xx_std_periph_driver/src/n32h7xx_wwdg.c **** *
   4:../../../firmware/n32h7xx_std_periph_driver/src/n32h7xx_wwdg.c **** *     All rights reserved.
   5:../../../firmware/n32h7xx_std_periph_driver/src/n32h7xx_wwdg.c **** *
   6:../../../firmware/n32h7xx_std_periph_driver/src/n32h7xx_wwdg.c **** *     This software is the exclusive property of Nations Technologies Inc. (Hereinafter
   7:../../../firmware/n32h7xx_std_periph_driver/src/n32h7xx_wwdg.c **** * referred to as NATIONS). This software, and the product of NATIONS described herein
   8:../../../firmware/n32h7xx_std_periph_driver/src/n32h7xx_wwdg.c **** * (Hereinafter referred to as the Product) are owned by NATIONS under the laws and treaties
   9:../../../firmware/n32h7xx_std_periph_driver/src/n32h7xx_wwdg.c **** * of the People's Republic of China and other applicable jurisdictions worldwide.
  10:../../../firmware/n32h7xx_std_periph_driver/src/n32h7xx_wwdg.c **** *
  11:../../../firmware/n32h7xx_std_periph_driver/src/n32h7xx_wwdg.c **** *     NATIONS does not grant any license under its patents, copyrights, trademarks, or other
  12:../../../firmware/n32h7xx_std_periph_driver/src/n32h7xx_wwdg.c **** * intellectual property rights. Names and brands of third party may be mentioned or referred
  13:../../../firmware/n32h7xx_std_periph_driver/src/n32h7xx_wwdg.c **** * thereto (if any) for identification purposes only.
  14:../../../firmware/n32h7xx_std_periph_driver/src/n32h7xx_wwdg.c **** *
  15:../../../firmware/n32h7xx_std_periph_driver/src/n32h7xx_wwdg.c **** *     NATIONS reserves the right to make changes, corrections, enhancements, modifications, and
  16:../../../firmware/n32h7xx_std_periph_driver/src/n32h7xx_wwdg.c **** * improvements to this software at any time without notice. Please contact NATIONS and obtain
  17:../../../firmware/n32h7xx_std_periph_driver/src/n32h7xx_wwdg.c **** * the latest version of this software before placing orders.
  18:../../../firmware/n32h7xx_std_periph_driver/src/n32h7xx_wwdg.c **** 
  19:../../../firmware/n32h7xx_std_periph_driver/src/n32h7xx_wwdg.c **** *     Although NATIONS has attempted to provide accurate and reliable information, NATIONS assumes
  20:../../../firmware/n32h7xx_std_periph_driver/src/n32h7xx_wwdg.c **** * no responsibility for the accuracy and reliability of this software.
  21:../../../firmware/n32h7xx_std_periph_driver/src/n32h7xx_wwdg.c **** *
  22:../../../firmware/n32h7xx_std_periph_driver/src/n32h7xx_wwdg.c **** *     It is the responsibility of the user of this software to properly design, program, and test
  23:../../../firmware/n32h7xx_std_periph_driver/src/n32h7xx_wwdg.c **** * the functionality and safety of any application made of this information and any resulting produc
  24:../../../firmware/n32h7xx_std_periph_driver/src/n32h7xx_wwdg.c **** * In no event shall NATIONS be liable for any direct, indirect, incidental, special,exemplary, or
  25:../../../firmware/n32h7xx_std_periph_driver/src/n32h7xx_wwdg.c **** * consequential damages arising in any way out of the use of this software or the Product.
  26:../../../firmware/n32h7xx_std_periph_driver/src/n32h7xx_wwdg.c **** *
  27:../../../firmware/n32h7xx_std_periph_driver/src/n32h7xx_wwdg.c **** *     NATIONS Products are neither intended nor warranted for usage in systems or equipment, any
  28:../../../firmware/n32h7xx_std_periph_driver/src/n32h7xx_wwdg.c **** * malfunction or failure of which may cause loss of human life, bodily injury or severe property
  29:../../../firmware/n32h7xx_std_periph_driver/src/n32h7xx_wwdg.c **** * damage. Such applications are deemed, "Insecure Usage".
  30:../../../firmware/n32h7xx_std_periph_driver/src/n32h7xx_wwdg.c **** *
  31:../../../firmware/n32h7xx_std_periph_driver/src/n32h7xx_wwdg.c **** *     All Insecure Usage shall be made at user's risk. User shall indemnify NATIONS and hold NATION
  32:../../../firmware/n32h7xx_std_periph_driver/src/n32h7xx_wwdg.c **** * harmless from and against all claims, costs, damages, and other liabilities, arising from or rela
ARM GAS  /tmp/cc99ooRd.s 			page 2


  33:../../../firmware/n32h7xx_std_periph_driver/src/n32h7xx_wwdg.c **** * to any customer's Insecure Usage.
  34:../../../firmware/n32h7xx_std_periph_driver/src/n32h7xx_wwdg.c **** 
  35:../../../firmware/n32h7xx_std_periph_driver/src/n32h7xx_wwdg.c **** *     Any express or implied warranty with regard to this software or the Product, including,but no
  36:../../../firmware/n32h7xx_std_periph_driver/src/n32h7xx_wwdg.c **** * limited to, the warranties of merchantability, fitness for a particular purpose and non-infringem
  37:../../../firmware/n32h7xx_std_periph_driver/src/n32h7xx_wwdg.c **** * are disclaimed to the fullest extent permitted by law.
  38:../../../firmware/n32h7xx_std_periph_driver/src/n32h7xx_wwdg.c **** 
  39:../../../firmware/n32h7xx_std_periph_driver/src/n32h7xx_wwdg.c **** *     Unless otherwise explicitly permitted by NATIONS, anyone may not duplicate, modify, transcrib
  40:../../../firmware/n32h7xx_std_periph_driver/src/n32h7xx_wwdg.c **** * or otherwise distribute this software for any purposes, in whole or in part.
  41:../../../firmware/n32h7xx_std_periph_driver/src/n32h7xx_wwdg.c **** *
  42:../../../firmware/n32h7xx_std_periph_driver/src/n32h7xx_wwdg.c **** *     NATIONS products and technologies shall not be used for or incorporated into any products or 
  43:../../../firmware/n32h7xx_std_periph_driver/src/n32h7xx_wwdg.c **** * whose manufacture, use, or sale is prohibited under any applicable domestic or foreign laws or re
  44:../../../firmware/n32h7xx_std_periph_driver/src/n32h7xx_wwdg.c **** * User shall comply with any applicable export control laws and regulations promulgated and adminis
  45:../../../firmware/n32h7xx_std_periph_driver/src/n32h7xx_wwdg.c **** * the governments of any countries asserting jurisdiction over the parties or transactions.
  46:../../../firmware/n32h7xx_std_periph_driver/src/n32h7xx_wwdg.c **** **/
  47:../../../firmware/n32h7xx_std_periph_driver/src/n32h7xx_wwdg.c **** 
  48:../../../firmware/n32h7xx_std_periph_driver/src/n32h7xx_wwdg.c **** /**
  49:../../../firmware/n32h7xx_std_periph_driver/src/n32h7xx_wwdg.c **** *\*\file n32h7xx_wwdg.c
  50:../../../firmware/n32h7xx_std_periph_driver/src/n32h7xx_wwdg.c **** *\*\author Nations
  51:../../../firmware/n32h7xx_std_periph_driver/src/n32h7xx_wwdg.c **** *\*\version v1.0.0
  52:../../../firmware/n32h7xx_std_periph_driver/src/n32h7xx_wwdg.c **** *\*\copyright Copyright (c) 2025, Nations Technologies Inc. All rights reserved.
  53:../../../firmware/n32h7xx_std_periph_driver/src/n32h7xx_wwdg.c **** **/
  54:../../../firmware/n32h7xx_std_periph_driver/src/n32h7xx_wwdg.c **** #include "n32h7xx_wwdg.h"
  55:../../../firmware/n32h7xx_std_periph_driver/src/n32h7xx_wwdg.c **** #include "n32h7xx_rcc.h"
  56:../../../firmware/n32h7xx_std_periph_driver/src/n32h7xx_wwdg.c **** 
  57:../../../firmware/n32h7xx_std_periph_driver/src/n32h7xx_wwdg.c **** /**
  58:../../../firmware/n32h7xx_std_periph_driver/src/n32h7xx_wwdg.c **** *\*\name    WWDG_DeInit.
  59:../../../firmware/n32h7xx_std_periph_driver/src/n32h7xx_wwdg.c **** *\*\fun     Resets the WWDG peripheral registers to their default reset values.
  60:../../../firmware/n32h7xx_std_periph_driver/src/n32h7xx_wwdg.c **** *\*\param   WWDGx (The input parameters must be the following values):
  61:../../../firmware/n32h7xx_std_periph_driver/src/n32h7xx_wwdg.c **** *\*\          - WWDG1
  62:../../../firmware/n32h7xx_std_periph_driver/src/n32h7xx_wwdg.c **** *\*\          - WWDG2
  63:../../../firmware/n32h7xx_std_periph_driver/src/n32h7xx_wwdg.c **** *\*\return  none
  64:../../../firmware/n32h7xx_std_periph_driver/src/n32h7xx_wwdg.c **** **/
  65:../../../firmware/n32h7xx_std_periph_driver/src/n32h7xx_wwdg.c **** void WWDG_DeInit(WWDG_Module* WWDGx)
  66:../../../firmware/n32h7xx_std_periph_driver/src/n32h7xx_wwdg.c **** {
  27              		.loc 1 66 1
  28              		.cfi_startproc
  29              		@ args = 0, pretend = 0, frame = 8
  30              		@ frame_needed = 1, uses_anonymous_args = 0
  31 0000 80B5     		push	{r7, lr}
  32              	.LCFI0:
  33              		.cfi_def_cfa_offset 8
  34              		.cfi_offset 7, -8
  35              		.cfi_offset 14, -4
  36 0002 82B0     		sub	sp, sp, #8
  37              	.LCFI1:
  38              		.cfi_def_cfa_offset 16
  39 0004 00AF     		add	r7, sp, #0
  40              	.LCFI2:
  41              		.cfi_def_cfa_register 7
  42 0006 7860     		str	r0, [r7, #4]
  67:../../../firmware/n32h7xx_std_periph_driver/src/n32h7xx_wwdg.c ****     if (WWDGx == WWDG1)
  43              		.loc 1 67 8
  44 0008 7B68     		ldr	r3, [r7, #4]
  45 000a 094A     		ldr	r2, .L5
  46 000c 9342     		cmp	r3, r2
  47 000e 03D1     		bne	.L2
  68:../../../firmware/n32h7xx_std_periph_driver/src/n32h7xx_wwdg.c ****     {
ARM GAS  /tmp/cc99ooRd.s 			page 3


  69:../../../firmware/n32h7xx_std_periph_driver/src/n32h7xx_wwdg.c ****         RCC_EnableAXIPeriphReset2(RCC_AXI_PERIPHRST_WWDG1);
  48              		.loc 1 69 9
  49 0010 0120     		movs	r0, #1
  50 0012 FFF7FEFF 		bl	RCC_EnableAXIPeriphReset2
  70:../../../firmware/n32h7xx_std_periph_driver/src/n32h7xx_wwdg.c ****     }
  71:../../../firmware/n32h7xx_std_periph_driver/src/n32h7xx_wwdg.c ****     else
  72:../../../firmware/n32h7xx_std_periph_driver/src/n32h7xx_wwdg.c ****     {
  73:../../../firmware/n32h7xx_std_periph_driver/src/n32h7xx_wwdg.c ****         if (WWDGx == WWDG2)
  74:../../../firmware/n32h7xx_std_periph_driver/src/n32h7xx_wwdg.c ****         {
  75:../../../firmware/n32h7xx_std_periph_driver/src/n32h7xx_wwdg.c ****             RCC_EnableAPB1PeriphReset2(RCC_APB1_PERIPHRST_WWDG2);
  76:../../../firmware/n32h7xx_std_periph_driver/src/n32h7xx_wwdg.c ****         }
  77:../../../firmware/n32h7xx_std_periph_driver/src/n32h7xx_wwdg.c ****     }
  78:../../../firmware/n32h7xx_std_periph_driver/src/n32h7xx_wwdg.c **** }
  51              		.loc 1 78 1
  52 0016 06E0     		b	.L4
  53              	.L2:
  73:../../../firmware/n32h7xx_std_periph_driver/src/n32h7xx_wwdg.c ****         {
  54              		.loc 1 73 12
  55 0018 7B68     		ldr	r3, [r7, #4]
  56 001a 064A     		ldr	r2, .L5+4
  57 001c 9342     		cmp	r3, r2
  58 001e 02D1     		bne	.L4
  75:../../../firmware/n32h7xx_std_periph_driver/src/n32h7xx_wwdg.c ****         }
  59              		.loc 1 75 13
  60 0020 1020     		movs	r0, #16
  61 0022 FFF7FEFF 		bl	RCC_EnableAPB1PeriphReset2
  62              	.L4:
  63              		.loc 1 78 1
  64 0026 00BF     		nop
  65 0028 0837     		adds	r7, r7, #8
  66              	.LCFI3:
  67              		.cfi_def_cfa_offset 8
  68 002a BD46     		mov	sp, r7
  69              	.LCFI4:
  70              		.cfi_def_cfa_register 13
  71              		@ sp needed
  72 002c 80BD     		pop	{r7, pc}
  73              	.L6:
  74 002e 00BF     		.align	2
  75              	.L5:
  76 0030 00A80450 		.word	1342482432
  77 0034 00000140 		.word	1073807360
  78              		.cfi_endproc
  79              	.LFE135:
  81              		.section	.text.WWDG_SetPrescalerDiv,"ax",%progbits
  82              		.align	1
  83              		.global	WWDG_SetPrescalerDiv
  84              		.syntax unified
  85              		.thumb
  86              		.thumb_func
  88              	WWDG_SetPrescalerDiv:
  89              	.LFB136:
  79:../../../firmware/n32h7xx_std_periph_driver/src/n32h7xx_wwdg.c **** 
  80:../../../firmware/n32h7xx_std_periph_driver/src/n32h7xx_wwdg.c **** /**
  81:../../../firmware/n32h7xx_std_periph_driver/src/n32h7xx_wwdg.c **** *\*\name    WWDG_SetPrescalerDiv.
  82:../../../firmware/n32h7xx_std_periph_driver/src/n32h7xx_wwdg.c **** *\*\fun     Set the WWDOG Prescaler Division Value.
  83:../../../firmware/n32h7xx_std_periph_driver/src/n32h7xx_wwdg.c **** *\*\param   WWDGx (The input parameters must be the following values):
ARM GAS  /tmp/cc99ooRd.s 			page 4


  84:../../../firmware/n32h7xx_std_periph_driver/src/n32h7xx_wwdg.c **** *\*\          - WWDG1
  85:../../../firmware/n32h7xx_std_periph_driver/src/n32h7xx_wwdg.c **** *\*\          - WWDG2
  86:../../../firmware/n32h7xx_std_periph_driver/src/n32h7xx_wwdg.c **** *\*\param   WWDG_Prescaler :
  87:../../../firmware/n32h7xx_std_periph_driver/src/n32h7xx_wwdg.c **** *\*\          - WWDG_PRESCALER_DIV1   WWDG Counter Clock (PCLK1 / 4096) / 1
  88:../../../firmware/n32h7xx_std_periph_driver/src/n32h7xx_wwdg.c **** *\*\          - WWDG_PRESCALER_DIV2   WWDG Counter Clock (PCLK1 / 4096) / 2
  89:../../../firmware/n32h7xx_std_periph_driver/src/n32h7xx_wwdg.c **** *\*\          - WWDG_PRESCALER_DIV4   WWDG Counter Clock (PCLK1 / 4096) / 4
  90:../../../firmware/n32h7xx_std_periph_driver/src/n32h7xx_wwdg.c **** *\*\          - WWDG_PRESCALER_DIV8   WWDG Counter Clock (PCLK1 / 4096) / 8
  91:../../../firmware/n32h7xx_std_periph_driver/src/n32h7xx_wwdg.c **** *\*\return  none
  92:../../../firmware/n32h7xx_std_periph_driver/src/n32h7xx_wwdg.c **** **/
  93:../../../firmware/n32h7xx_std_periph_driver/src/n32h7xx_wwdg.c **** void WWDG_SetPrescalerDiv(WWDG_Module* WWDGx, uint32_t WWDG_Prescaler)
  94:../../../firmware/n32h7xx_std_periph_driver/src/n32h7xx_wwdg.c **** {
  90              		.loc 1 94 1
  91              		.cfi_startproc
  92              		@ args = 0, pretend = 0, frame = 16
  93              		@ frame_needed = 1, uses_anonymous_args = 0
  94              		@ link register save eliminated.
  95 0000 80B4     		push	{r7}
  96              	.LCFI5:
  97              		.cfi_def_cfa_offset 4
  98              		.cfi_offset 7, -4
  99 0002 85B0     		sub	sp, sp, #20
 100              	.LCFI6:
 101              		.cfi_def_cfa_offset 24
 102 0004 00AF     		add	r7, sp, #0
 103              	.LCFI7:
 104              		.cfi_def_cfa_register 7
 105 0006 7860     		str	r0, [r7, #4]
 106 0008 3960     		str	r1, [r7]
  95:../../../firmware/n32h7xx_std_periph_driver/src/n32h7xx_wwdg.c ****     uint32_t tmpregister;
  96:../../../firmware/n32h7xx_std_periph_driver/src/n32h7xx_wwdg.c **** 
  97:../../../firmware/n32h7xx_std_periph_driver/src/n32h7xx_wwdg.c ****     /* Clear TIMERB[1:0] bits */
  98:../../../firmware/n32h7xx_std_periph_driver/src/n32h7xx_wwdg.c ****     tmpregister = WWDGx->CFG & CFG_TIMERB_MASK;
 107              		.loc 1 98 24
 108 000a 7B68     		ldr	r3, [r7, #4]
 109 000c 1B68     		ldr	r3, [r3]
 110              		.loc 1 98 17
 111 000e 23F44043 		bic	r3, r3, #49152
 112 0012 FB60     		str	r3, [r7, #12]
  99:../../../firmware/n32h7xx_std_periph_driver/src/n32h7xx_wwdg.c ****     /* Set TIMERB[1:0] bits according to WWDG_Prescaler value */
 100:../../../firmware/n32h7xx_std_periph_driver/src/n32h7xx_wwdg.c ****     tmpregister |= WWDG_Prescaler;
 113              		.loc 1 100 17
 114 0014 FA68     		ldr	r2, [r7, #12]
 115 0016 3B68     		ldr	r3, [r7]
 116 0018 1343     		orrs	r3, r3, r2
 117 001a FB60     		str	r3, [r7, #12]
 101:../../../firmware/n32h7xx_std_periph_driver/src/n32h7xx_wwdg.c ****     /* Store the new value */
 102:../../../firmware/n32h7xx_std_periph_driver/src/n32h7xx_wwdg.c ****     WWDGx->CFG = tmpregister;
 118              		.loc 1 102 16
 119 001c 7B68     		ldr	r3, [r7, #4]
 120 001e FA68     		ldr	r2, [r7, #12]
 121 0020 1A60     		str	r2, [r3]
 103:../../../firmware/n32h7xx_std_periph_driver/src/n32h7xx_wwdg.c **** }
 122              		.loc 1 103 1
 123 0022 00BF     		nop
 124 0024 1437     		adds	r7, r7, #20
 125              	.LCFI8:
 126              		.cfi_def_cfa_offset 4
ARM GAS  /tmp/cc99ooRd.s 			page 5


 127 0026 BD46     		mov	sp, r7
 128              	.LCFI9:
 129              		.cfi_def_cfa_register 13
 130              		@ sp needed
 131 0028 80BC     		pop	{r7}
 132              	.LCFI10:
 133              		.cfi_restore 7
 134              		.cfi_def_cfa_offset 0
 135 002a 7047     		bx	lr
 136              		.cfi_endproc
 137              	.LFE136:
 139              		.section	.text.WWDG_SetWValue,"ax",%progbits
 140              		.align	1
 141              		.global	WWDG_SetWValue
 142              		.syntax unified
 143              		.thumb
 144              		.thumb_func
 146              	WWDG_SetWValue:
 147              	.LFB137:
 104:../../../firmware/n32h7xx_std_periph_driver/src/n32h7xx_wwdg.c **** 
 105:../../../firmware/n32h7xx_std_periph_driver/src/n32h7xx_wwdg.c **** /**
 106:../../../firmware/n32h7xx_std_periph_driver/src/n32h7xx_wwdg.c **** *\*\name    WWDG_SetWValue.
 107:../../../firmware/n32h7xx_std_periph_driver/src/n32h7xx_wwdg.c **** *\*\fun     Set the WWDOG Window Value.
 108:../../../firmware/n32h7xx_std_periph_driver/src/n32h7xx_wwdg.c **** *\*\param   WWDGx (The input parameters must be the following values):
 109:../../../firmware/n32h7xx_std_periph_driver/src/n32h7xx_wwdg.c **** *\*\          - WWDG1
 110:../../../firmware/n32h7xx_std_periph_driver/src/n32h7xx_wwdg.c **** *\*\          - WWDG2
 111:../../../firmware/n32h7xx_std_periph_driver/src/n32h7xx_wwdg.c **** *\*\param   WindowValue : WWDOG Window Value
 112:../../../firmware/n32h7xx_std_periph_driver/src/n32h7xx_wwdg.c **** *\*\          The value range of this parameter :
 113:../../../firmware/n32h7xx_std_periph_driver/src/n32h7xx_wwdg.c **** *\*\          - 0x0040 ~ 0x3FFF
 114:../../../firmware/n32h7xx_std_periph_driver/src/n32h7xx_wwdg.c **** *\*\return  none
 115:../../../firmware/n32h7xx_std_periph_driver/src/n32h7xx_wwdg.c **** **/
 116:../../../firmware/n32h7xx_std_periph_driver/src/n32h7xx_wwdg.c **** void WWDG_SetWValue(WWDG_Module* WWDGx, uint16_t WindowValue)
 117:../../../firmware/n32h7xx_std_periph_driver/src/n32h7xx_wwdg.c **** {
 148              		.loc 1 117 1
 149              		.cfi_startproc
 150              		@ args = 0, pretend = 0, frame = 16
 151              		@ frame_needed = 1, uses_anonymous_args = 0
 152              		@ link register save eliminated.
 153 0000 80B4     		push	{r7}
 154              	.LCFI11:
 155              		.cfi_def_cfa_offset 4
 156              		.cfi_offset 7, -4
 157 0002 85B0     		sub	sp, sp, #20
 158              	.LCFI12:
 159              		.cfi_def_cfa_offset 24
 160 0004 00AF     		add	r7, sp, #0
 161              	.LCFI13:
 162              		.cfi_def_cfa_register 7
 163 0006 7860     		str	r0, [r7, #4]
 164 0008 0B46     		mov	r3, r1
 165 000a 7B80     		strh	r3, [r7, #2]	@ movhi
 118:../../../firmware/n32h7xx_std_periph_driver/src/n32h7xx_wwdg.c ****     __IO uint32_t tmpregister = 0;
 166              		.loc 1 118 19
 167 000c 0023     		movs	r3, #0
 168 000e FB60     		str	r3, [r7, #12]
 119:../../../firmware/n32h7xx_std_periph_driver/src/n32h7xx_wwdg.c **** 
 120:../../../firmware/n32h7xx_std_periph_driver/src/n32h7xx_wwdg.c ****     /* Clear W[13:0] bits */
ARM GAS  /tmp/cc99ooRd.s 			page 6


 121:../../../firmware/n32h7xx_std_periph_driver/src/n32h7xx_wwdg.c ****     tmpregister = WWDGx->CFG & CFG_W_MASK;
 169              		.loc 1 121 24
 170 0010 7B68     		ldr	r3, [r7, #4]
 171 0012 1B68     		ldr	r3, [r3]
 172              		.loc 1 121 30
 173 0014 23F47F53 		bic	r3, r3, #16320
 174 0018 23F03F03 		bic	r3, r3, #63
 175              		.loc 1 121 17
 176 001c FB60     		str	r3, [r7, #12]
 122:../../../firmware/n32h7xx_std_periph_driver/src/n32h7xx_wwdg.c **** 
 123:../../../firmware/n32h7xx_std_periph_driver/src/n32h7xx_wwdg.c ****     /* Set W[13:0] bits according to WindowValue value */
 124:../../../firmware/n32h7xx_std_periph_driver/src/n32h7xx_wwdg.c ****     tmpregister |= WindowValue & (uint32_t)BIT_MASK;
 177              		.loc 1 124 32
 178 001e 7B88     		ldrh	r3, [r7, #2]
 179 0020 C3F30D02 		ubfx	r2, r3, #0, #14
 180              		.loc 1 124 17
 181 0024 FB68     		ldr	r3, [r7, #12]
 182 0026 1343     		orrs	r3, r3, r2
 183 0028 FB60     		str	r3, [r7, #12]
 125:../../../firmware/n32h7xx_std_periph_driver/src/n32h7xx_wwdg.c **** 
 126:../../../firmware/n32h7xx_std_periph_driver/src/n32h7xx_wwdg.c ****     /* Store the new value */
 127:../../../firmware/n32h7xx_std_periph_driver/src/n32h7xx_wwdg.c ****     WWDGx->CFG = tmpregister;
 184              		.loc 1 127 16
 185 002a FA68     		ldr	r2, [r7, #12]
 186 002c 7B68     		ldr	r3, [r7, #4]
 187 002e 1A60     		str	r2, [r3]
 128:../../../firmware/n32h7xx_std_periph_driver/src/n32h7xx_wwdg.c **** }
 188              		.loc 1 128 1
 189 0030 00BF     		nop
 190 0032 1437     		adds	r7, r7, #20
 191              	.LCFI14:
 192              		.cfi_def_cfa_offset 4
 193 0034 BD46     		mov	sp, r7
 194              	.LCFI15:
 195              		.cfi_def_cfa_register 13
 196              		@ sp needed
 197 0036 80BC     		pop	{r7}
 198              	.LCFI16:
 199              		.cfi_restore 7
 200              		.cfi_def_cfa_offset 0
 201 0038 7047     		bx	lr
 202              		.cfi_endproc
 203              	.LFE137:
 205              		.section	.text.WWDG_EnableInt,"ax",%progbits
 206              		.align	1
 207              		.global	WWDG_EnableInt
 208              		.syntax unified
 209              		.thumb
 210              		.thumb_func
 212              	WWDG_EnableInt:
 213              	.LFB138:
 129:../../../firmware/n32h7xx_std_periph_driver/src/n32h7xx_wwdg.c **** 
 130:../../../firmware/n32h7xx_std_periph_driver/src/n32h7xx_wwdg.c **** /**
 131:../../../firmware/n32h7xx_std_periph_driver/src/n32h7xx_wwdg.c **** *\*\name    WWDG_EnableInt.
 132:../../../firmware/n32h7xx_std_periph_driver/src/n32h7xx_wwdg.c **** *\*\fun     Enable WWDG Early Wakeup interrupt(EWINT).
 133:../../../firmware/n32h7xx_std_periph_driver/src/n32h7xx_wwdg.c **** *\*\param   WWDGx (The input parameters must be the following values):
 134:../../../firmware/n32h7xx_std_periph_driver/src/n32h7xx_wwdg.c **** *\*\          - WWDG1
ARM GAS  /tmp/cc99ooRd.s 			page 7


 135:../../../firmware/n32h7xx_std_periph_driver/src/n32h7xx_wwdg.c **** *\*\          - WWDG2
 136:../../../firmware/n32h7xx_std_periph_driver/src/n32h7xx_wwdg.c **** *\*\return  none
 137:../../../firmware/n32h7xx_std_periph_driver/src/n32h7xx_wwdg.c **** **/
 138:../../../firmware/n32h7xx_std_periph_driver/src/n32h7xx_wwdg.c **** void WWDG_EnableInt(WWDG_Module* WWDGx)
 139:../../../firmware/n32h7xx_std_periph_driver/src/n32h7xx_wwdg.c **** {
 214              		.loc 1 139 1
 215              		.cfi_startproc
 216              		@ args = 0, pretend = 0, frame = 8
 217              		@ frame_needed = 1, uses_anonymous_args = 0
 218              		@ link register save eliminated.
 219 0000 80B4     		push	{r7}
 220              	.LCFI17:
 221              		.cfi_def_cfa_offset 4
 222              		.cfi_offset 7, -4
 223 0002 83B0     		sub	sp, sp, #12
 224              	.LCFI18:
 225              		.cfi_def_cfa_offset 16
 226 0004 00AF     		add	r7, sp, #0
 227              	.LCFI19:
 228              		.cfi_def_cfa_register 7
 229 0006 7860     		str	r0, [r7, #4]
 140:../../../firmware/n32h7xx_std_periph_driver/src/n32h7xx_wwdg.c ****     WWDGx->CFG |= EARLY_WAKEUP_INT;
 230              		.loc 1 140 10
 231 0008 7B68     		ldr	r3, [r7, #4]
 232 000a 1B68     		ldr	r3, [r3]
 233              		.loc 1 140 16
 234 000c 43F48032 		orr	r2, r3, #65536
 235 0010 7B68     		ldr	r3, [r7, #4]
 236 0012 1A60     		str	r2, [r3]
 141:../../../firmware/n32h7xx_std_periph_driver/src/n32h7xx_wwdg.c **** }
 237              		.loc 1 141 1
 238 0014 00BF     		nop
 239 0016 0C37     		adds	r7, r7, #12
 240              	.LCFI20:
 241              		.cfi_def_cfa_offset 4
 242 0018 BD46     		mov	sp, r7
 243              	.LCFI21:
 244              		.cfi_def_cfa_register 13
 245              		@ sp needed
 246 001a 80BC     		pop	{r7}
 247              	.LCFI22:
 248              		.cfi_restore 7
 249              		.cfi_def_cfa_offset 0
 250 001c 7047     		bx	lr
 251              		.cfi_endproc
 252              	.LFE138:
 254              		.section	.text.WWDG_SetCnt,"ax",%progbits
 255              		.align	1
 256              		.global	WWDG_SetCnt
 257              		.syntax unified
 258              		.thumb
 259              		.thumb_func
 261              	WWDG_SetCnt:
 262              	.LFB139:
 142:../../../firmware/n32h7xx_std_periph_driver/src/n32h7xx_wwdg.c **** 
 143:../../../firmware/n32h7xx_std_periph_driver/src/n32h7xx_wwdg.c **** /**
 144:../../../firmware/n32h7xx_std_periph_driver/src/n32h7xx_wwdg.c **** *\*\name    WWDG_SetCnt.
ARM GAS  /tmp/cc99ooRd.s 			page 8


 145:../../../firmware/n32h7xx_std_periph_driver/src/n32h7xx_wwdg.c **** *\*\fun     Set the WWDOG Counter Value.
 146:../../../firmware/n32h7xx_std_periph_driver/src/n32h7xx_wwdg.c **** *\*\param   WWDGx (The input parameters must be the following values):
 147:../../../firmware/n32h7xx_std_periph_driver/src/n32h7xx_wwdg.c **** *\*\          - WWDG1
 148:../../../firmware/n32h7xx_std_periph_driver/src/n32h7xx_wwdg.c **** *\*\          - WWDG2
 149:../../../firmware/n32h7xx_std_periph_driver/src/n32h7xx_wwdg.c **** *\*\param   Counter : WWDOG Counter value
 150:../../../firmware/n32h7xx_std_periph_driver/src/n32h7xx_wwdg.c **** *\*\          The value range of this parameter :
 151:../../../firmware/n32h7xx_std_periph_driver/src/n32h7xx_wwdg.c **** *\*\          - 0x40 ~ 0x3FFF
 152:../../../firmware/n32h7xx_std_periph_driver/src/n32h7xx_wwdg.c **** *\*\return  none
 153:../../../firmware/n32h7xx_std_periph_driver/src/n32h7xx_wwdg.c **** **/
 154:../../../firmware/n32h7xx_std_periph_driver/src/n32h7xx_wwdg.c **** void WWDG_SetCnt(WWDG_Module* WWDGx, uint16_t Counter)
 155:../../../firmware/n32h7xx_std_periph_driver/src/n32h7xx_wwdg.c **** {
 263              		.loc 1 155 1
 264              		.cfi_startproc
 265              		@ args = 0, pretend = 0, frame = 8
 266              		@ frame_needed = 1, uses_anonymous_args = 0
 267              		@ link register save eliminated.
 268 0000 80B4     		push	{r7}
 269              	.LCFI23:
 270              		.cfi_def_cfa_offset 4
 271              		.cfi_offset 7, -4
 272 0002 83B0     		sub	sp, sp, #12
 273              	.LCFI24:
 274              		.cfi_def_cfa_offset 16
 275 0004 00AF     		add	r7, sp, #0
 276              	.LCFI25:
 277              		.cfi_def_cfa_register 7
 278 0006 7860     		str	r0, [r7, #4]
 279 0008 0B46     		mov	r3, r1
 280 000a 7B80     		strh	r3, [r7, #2]	@ movhi
 156:../../../firmware/n32h7xx_std_periph_driver/src/n32h7xx_wwdg.c ****     /* Write to T[6:0] bits to configure the counter value, no need to do
 157:../../../firmware/n32h7xx_std_periph_driver/src/n32h7xx_wwdg.c ****        a read-modify-write; writing a 0 to WDGA bit does nothing */
 158:../../../firmware/n32h7xx_std_periph_driver/src/n32h7xx_wwdg.c ****     WWDGx->CTRL = (uint32_t)Counter & (uint32_t)BIT_MASK;
 281              		.loc 1 158 37
 282 000c 7B88     		ldrh	r3, [r7, #2]
 283 000e C3F30D02 		ubfx	r2, r3, #0, #14
 284              		.loc 1 158 17
 285 0012 7B68     		ldr	r3, [r7, #4]
 286 0014 5A60     		str	r2, [r3, #4]
 159:../../../firmware/n32h7xx_std_periph_driver/src/n32h7xx_wwdg.c **** }
 287              		.loc 1 159 1
 288 0016 00BF     		nop
 289 0018 0C37     		adds	r7, r7, #12
 290              	.LCFI26:
 291              		.cfi_def_cfa_offset 4
 292 001a BD46     		mov	sp, r7
 293              	.LCFI27:
 294              		.cfi_def_cfa_register 13
 295              		@ sp needed
 296 001c 80BC     		pop	{r7}
 297              	.LCFI28:
 298              		.cfi_restore 7
 299              		.cfi_def_cfa_offset 0
 300 001e 7047     		bx	lr
 301              		.cfi_endproc
 302              	.LFE139:
 304              		.section	.text.WWDG_Enable,"ax",%progbits
 305              		.align	1
ARM GAS  /tmp/cc99ooRd.s 			page 9


 306              		.global	WWDG_Enable
 307              		.syntax unified
 308              		.thumb
 309              		.thumb_func
 311              	WWDG_Enable:
 312              	.LFB140:
 160:../../../firmware/n32h7xx_std_periph_driver/src/n32h7xx_wwdg.c **** 
 161:../../../firmware/n32h7xx_std_periph_driver/src/n32h7xx_wwdg.c **** /**
 162:../../../firmware/n32h7xx_std_periph_driver/src/n32h7xx_wwdg.c **** *\*\name    WWDG_Enable.
 163:../../../firmware/n32h7xx_std_periph_driver/src/n32h7xx_wwdg.c **** *\*\fun     Set the WWDOG Counter Value and Enable WWDOG .
 164:../../../firmware/n32h7xx_std_periph_driver/src/n32h7xx_wwdg.c **** *\*\param   WWDGx (The input parameters must be the following values):
 165:../../../firmware/n32h7xx_std_periph_driver/src/n32h7xx_wwdg.c **** *\*\          - WWDG1
 166:../../../firmware/n32h7xx_std_periph_driver/src/n32h7xx_wwdg.c **** *\*\          - WWDG2
 167:../../../firmware/n32h7xx_std_periph_driver/src/n32h7xx_wwdg.c **** *\*\param   Counter : WWDOG Counter value
 168:../../../firmware/n32h7xx_std_periph_driver/src/n32h7xx_wwdg.c **** *\*\          The value range of this parameter :
 169:../../../firmware/n32h7xx_std_periph_driver/src/n32h7xx_wwdg.c **** *\*\          - 0x40 ~ 0x3FFF
 170:../../../firmware/n32h7xx_std_periph_driver/src/n32h7xx_wwdg.c **** *\*\return  none
 171:../../../firmware/n32h7xx_std_periph_driver/src/n32h7xx_wwdg.c **** **/
 172:../../../firmware/n32h7xx_std_periph_driver/src/n32h7xx_wwdg.c **** //uint32_t data;
 173:../../../firmware/n32h7xx_std_periph_driver/src/n32h7xx_wwdg.c **** void WWDG_Enable(WWDG_Module* WWDGx, uint16_t Counter)
 174:../../../firmware/n32h7xx_std_periph_driver/src/n32h7xx_wwdg.c **** {
 313              		.loc 1 174 1
 314              		.cfi_startproc
 315              		@ args = 0, pretend = 0, frame = 8
 316              		@ frame_needed = 1, uses_anonymous_args = 0
 317              		@ link register save eliminated.
 318 0000 80B4     		push	{r7}
 319              	.LCFI29:
 320              		.cfi_def_cfa_offset 4
 321              		.cfi_offset 7, -4
 322 0002 83B0     		sub	sp, sp, #12
 323              	.LCFI30:
 324              		.cfi_def_cfa_offset 16
 325 0004 00AF     		add	r7, sp, #0
 326              	.LCFI31:
 327              		.cfi_def_cfa_register 7
 328 0006 7860     		str	r0, [r7, #4]
 329 0008 0B46     		mov	r3, r1
 330 000a 7B80     		strh	r3, [r7, #2]	@ movhi
 175:../../../firmware/n32h7xx_std_periph_driver/src/n32h7xx_wwdg.c ****     //data=CTRL_ACTB_SET | Counter;
 176:../../../firmware/n32h7xx_std_periph_driver/src/n32h7xx_wwdg.c ****     WWDGx->CTRL = CTRL_ACTB_SET | Counter;
 331              		.loc 1 176 33
 332 000c 7B88     		ldrh	r3, [r7, #2]	@ movhi
 333 000e 43F48043 		orr	r3, r3, #16384
 334 0012 9BB2     		uxth	r3, r3
 335 0014 1A46     		mov	r2, r3
 336              		.loc 1 176 17
 337 0016 7B68     		ldr	r3, [r7, #4]
 338 0018 5A60     		str	r2, [r3, #4]
 177:../../../firmware/n32h7xx_std_periph_driver/src/n32h7xx_wwdg.c **** }
 339              		.loc 1 177 1
 340 001a 00BF     		nop
 341 001c 0C37     		adds	r7, r7, #12
 342              	.LCFI32:
 343              		.cfi_def_cfa_offset 4
 344 001e BD46     		mov	sp, r7
 345              	.LCFI33:
ARM GAS  /tmp/cc99ooRd.s 			page 10


 346              		.cfi_def_cfa_register 13
 347              		@ sp needed
 348 0020 80BC     		pop	{r7}
 349              	.LCFI34:
 350              		.cfi_restore 7
 351              		.cfi_def_cfa_offset 0
 352 0022 7047     		bx	lr
 353              		.cfi_endproc
 354              	.LFE140:
 356              		.section	.text.WWDG_GetEWINTF,"ax",%progbits
 357              		.align	1
 358              		.global	WWDG_GetEWINTF
 359              		.syntax unified
 360              		.thumb
 361              		.thumb_func
 363              	WWDG_GetEWINTF:
 364              	.LFB141:
 178:../../../firmware/n32h7xx_std_periph_driver/src/n32h7xx_wwdg.c **** 
 179:../../../firmware/n32h7xx_std_periph_driver/src/n32h7xx_wwdg.c **** /**
 180:../../../firmware/n32h7xx_std_periph_driver/src/n32h7xx_wwdg.c **** *\*\name    WWDG_GetEWINTF.
 181:../../../firmware/n32h7xx_std_periph_driver/src/n32h7xx_wwdg.c **** *\*\fun     Get WWDOG Early Wake-up Interrupt Flag.
 182:../../../firmware/n32h7xx_std_periph_driver/src/n32h7xx_wwdg.c **** *\*\param   WWDGx (The input parameters must be the following values):
 183:../../../firmware/n32h7xx_std_periph_driver/src/n32h7xx_wwdg.c **** *\*\          - WWDG1
 184:../../../firmware/n32h7xx_std_periph_driver/src/n32h7xx_wwdg.c **** *\*\          - WWDG2
 185:../../../firmware/n32h7xx_std_periph_driver/src/n32h7xx_wwdg.c **** *\*\param   none
 186:../../../firmware/n32h7xx_std_periph_driver/src/n32h7xx_wwdg.c **** *\*\return  SET or RESET
 187:../../../firmware/n32h7xx_std_periph_driver/src/n32h7xx_wwdg.c **** **/
 188:../../../firmware/n32h7xx_std_periph_driver/src/n32h7xx_wwdg.c **** FlagStatus WWDG_GetEWINTF(WWDG_Module* WWDGx)
 189:../../../firmware/n32h7xx_std_periph_driver/src/n32h7xx_wwdg.c **** {
 365              		.loc 1 189 1
 366              		.cfi_startproc
 367              		@ args = 0, pretend = 0, frame = 16
 368              		@ frame_needed = 1, uses_anonymous_args = 0
 369              		@ link register save eliminated.
 370 0000 80B4     		push	{r7}
 371              	.LCFI35:
 372              		.cfi_def_cfa_offset 4
 373              		.cfi_offset 7, -4
 374 0002 85B0     		sub	sp, sp, #20
 375              	.LCFI36:
 376              		.cfi_def_cfa_offset 24
 377 0004 00AF     		add	r7, sp, #0
 378              	.LCFI37:
 379              		.cfi_def_cfa_register 7
 380 0006 7860     		str	r0, [r7, #4]
 190:../../../firmware/n32h7xx_std_periph_driver/src/n32h7xx_wwdg.c ****     FlagStatus bitstatus;
 191:../../../firmware/n32h7xx_std_periph_driver/src/n32h7xx_wwdg.c **** 
 192:../../../firmware/n32h7xx_std_periph_driver/src/n32h7xx_wwdg.c ****     /* Return the status of the flag */
 193:../../../firmware/n32h7xx_std_periph_driver/src/n32h7xx_wwdg.c ****     if ((WWDGx->STS & EARLY_WAKEUP_FLAG) != (uint32_t)RESET)
 381              		.loc 1 193 15
 382 0008 7B68     		ldr	r3, [r7, #4]
 383 000a 9B68     		ldr	r3, [r3, #8]
 384              		.loc 1 193 21
 385 000c 03F00103 		and	r3, r3, #1
 386              		.loc 1 193 8
 387 0010 002B     		cmp	r3, #0
 388 0012 02D0     		beq	.L13
ARM GAS  /tmp/cc99ooRd.s 			page 11


 194:../../../firmware/n32h7xx_std_periph_driver/src/n32h7xx_wwdg.c ****     {
 195:../../../firmware/n32h7xx_std_periph_driver/src/n32h7xx_wwdg.c ****         bitstatus = SET;
 389              		.loc 1 195 19
 390 0014 0123     		movs	r3, #1
 391 0016 FB73     		strb	r3, [r7, #15]
 392 0018 01E0     		b	.L14
 393              	.L13:
 196:../../../firmware/n32h7xx_std_periph_driver/src/n32h7xx_wwdg.c ****     }
 197:../../../firmware/n32h7xx_std_periph_driver/src/n32h7xx_wwdg.c ****     else
 198:../../../firmware/n32h7xx_std_periph_driver/src/n32h7xx_wwdg.c ****     {
 199:../../../firmware/n32h7xx_std_periph_driver/src/n32h7xx_wwdg.c ****         bitstatus = RESET;
 394              		.loc 1 199 19
 395 001a 0023     		movs	r3, #0
 396 001c FB73     		strb	r3, [r7, #15]
 397              	.L14:
 200:../../../firmware/n32h7xx_std_periph_driver/src/n32h7xx_wwdg.c ****     }
 201:../../../firmware/n32h7xx_std_periph_driver/src/n32h7xx_wwdg.c **** 
 202:../../../firmware/n32h7xx_std_periph_driver/src/n32h7xx_wwdg.c ****     return bitstatus;
 398              		.loc 1 202 12
 399 001e FB7B     		ldrb	r3, [r7, #15]	@ zero_extendqisi2
 203:../../../firmware/n32h7xx_std_periph_driver/src/n32h7xx_wwdg.c **** }
 400              		.loc 1 203 1
 401 0020 1846     		mov	r0, r3
 402 0022 1437     		adds	r7, r7, #20
 403              	.LCFI38:
 404              		.cfi_def_cfa_offset 4
 405 0024 BD46     		mov	sp, r7
 406              	.LCFI39:
 407              		.cfi_def_cfa_register 13
 408              		@ sp needed
 409 0026 80BC     		pop	{r7}
 410              	.LCFI40:
 411              		.cfi_restore 7
 412              		.cfi_def_cfa_offset 0
 413 0028 7047     		bx	lr
 414              		.cfi_endproc
 415              	.LFE141:
 417              		.section	.text.WWDG_ClrEWINTF,"ax",%progbits
 418              		.align	1
 419              		.global	WWDG_ClrEWINTF
 420              		.syntax unified
 421              		.thumb
 422              		.thumb_func
 424              	WWDG_ClrEWINTF:
 425              	.LFB142:
 204:../../../firmware/n32h7xx_std_periph_driver/src/n32h7xx_wwdg.c **** 
 205:../../../firmware/n32h7xx_std_periph_driver/src/n32h7xx_wwdg.c **** /**
 206:../../../firmware/n32h7xx_std_periph_driver/src/n32h7xx_wwdg.c **** *\*\name    WWDG_ClrEWINTF.
 207:../../../firmware/n32h7xx_std_periph_driver/src/n32h7xx_wwdg.c **** *\*\fun     Clear WWDOG Early Wake-up Interrupt Flag.
 208:../../../firmware/n32h7xx_std_periph_driver/src/n32h7xx_wwdg.c **** *\*\param   WWDGx (The input parameters must be the following values):
 209:../../../firmware/n32h7xx_std_periph_driver/src/n32h7xx_wwdg.c **** *\*\          - WWDG1
 210:../../../firmware/n32h7xx_std_periph_driver/src/n32h7xx_wwdg.c **** *\*\          - WWDG2
 211:../../../firmware/n32h7xx_std_periph_driver/src/n32h7xx_wwdg.c **** *\*\return  none
 212:../../../firmware/n32h7xx_std_periph_driver/src/n32h7xx_wwdg.c **** **/
 213:../../../firmware/n32h7xx_std_periph_driver/src/n32h7xx_wwdg.c **** void WWDG_ClrEWINTF(WWDG_Module* WWDGx)
 214:../../../firmware/n32h7xx_std_periph_driver/src/n32h7xx_wwdg.c **** {
 426              		.loc 1 214 1
ARM GAS  /tmp/cc99ooRd.s 			page 12


 427              		.cfi_startproc
 428              		@ args = 0, pretend = 0, frame = 8
 429              		@ frame_needed = 1, uses_anonymous_args = 0
 430              		@ link register save eliminated.
 431 0000 80B4     		push	{r7}
 432              	.LCFI41:
 433              		.cfi_def_cfa_offset 4
 434              		.cfi_offset 7, -4
 435 0002 83B0     		sub	sp, sp, #12
 436              	.LCFI42:
 437              		.cfi_def_cfa_offset 16
 438 0004 00AF     		add	r7, sp, #0
 439              	.LCFI43:
 440              		.cfi_def_cfa_register 7
 441 0006 7860     		str	r0, [r7, #4]
 215:../../../firmware/n32h7xx_std_periph_driver/src/n32h7xx_wwdg.c ****     WWDGx->STS = (uint32_t)RESET;
 442              		.loc 1 215 16
 443 0008 7B68     		ldr	r3, [r7, #4]
 444 000a 0022     		movs	r2, #0
 445 000c 9A60     		str	r2, [r3, #8]
 216:../../../firmware/n32h7xx_std_periph_driver/src/n32h7xx_wwdg.c **** }
 446              		.loc 1 216 1
 447 000e 00BF     		nop
 448 0010 0C37     		adds	r7, r7, #12
 449              	.LCFI44:
 450              		.cfi_def_cfa_offset 4
 451 0012 BD46     		mov	sp, r7
 452              	.LCFI45:
 453              		.cfi_def_cfa_register 13
 454              		@ sp needed
 455 0014 80BC     		pop	{r7}
 456              	.LCFI46:
 457              		.cfi_restore 7
 458              		.cfi_def_cfa_offset 0
 459 0016 7047     		bx	lr
 460              		.cfi_endproc
 461              	.LFE142:
 463              		.text
 464              	.Letext0:
 465              		.file 2 "/usr/lib/gcc/arm-none-eabi/13.2.1/include/stdint.h"
 466              		.file 3 "../../../firmware/CMSIS/device/n32h7xx.h"
 467              		.file 4 "../../../firmware/n32h7xx_std_periph_driver/inc/n32h7xx_rcc.h"
ARM GAS  /tmp/cc99ooRd.s 			page 13


DEFINED SYMBOLS
                            *ABS*:00000000 n32h7xx_wwdg.c
     /tmp/cc99ooRd.s:19     .text.WWDG_DeInit:00000000 $t
     /tmp/cc99ooRd.s:25     .text.WWDG_DeInit:00000000 WWDG_DeInit
     /tmp/cc99ooRd.s:76     .text.WWDG_DeInit:00000030 $d
     /tmp/cc99ooRd.s:82     .text.WWDG_SetPrescalerDiv:00000000 $t
     /tmp/cc99ooRd.s:88     .text.WWDG_SetPrescalerDiv:00000000 WWDG_SetPrescalerDiv
     /tmp/cc99ooRd.s:140    .text.WWDG_SetWValue:00000000 $t
     /tmp/cc99ooRd.s:146    .text.WWDG_SetWValue:00000000 WWDG_SetWValue
     /tmp/cc99ooRd.s:206    .text.WWDG_EnableInt:00000000 $t
     /tmp/cc99ooRd.s:212    .text.WWDG_EnableInt:00000000 WWDG_EnableInt
     /tmp/cc99ooRd.s:255    .text.WWDG_SetCnt:00000000 $t
     /tmp/cc99ooRd.s:261    .text.WWDG_SetCnt:00000000 WWDG_SetCnt
     /tmp/cc99ooRd.s:305    .text.WWDG_Enable:00000000 $t
     /tmp/cc99ooRd.s:311    .text.WWDG_Enable:00000000 WWDG_Enable
     /tmp/cc99ooRd.s:357    .text.WWDG_GetEWINTF:00000000 $t
     /tmp/cc99ooRd.s:363    .text.WWDG_GetEWINTF:00000000 WWDG_GetEWINTF
     /tmp/cc99ooRd.s:418    .text.WWDG_ClrEWINTF:00000000 $t
     /tmp/cc99ooRd.s:424    .text.WWDG_ClrEWINTF:00000000 WWDG_ClrEWINTF

UNDEFINED SYMBOLS
RCC_EnableAXIPeriphReset2
RCC_EnableAPB1PeriphReset2
